Serialul AAA a fost adaugat la pozitia 1.
Serialul AAA are un sezon nou.
Categoria 1: [(AAA, 10.0)].
Serialul AAA se afla in coada de asteptare pe pozitia 1.
Categoria later: [(AAA, 10.0)].
Categoria later: [].
Categoria watching: [(AAA, 10.0)].
Serialul AAA a fost vizionat integral.
Categoria watching: [].
Categoria history: [(AAA, 10.0)].
