Serialul IR a fost adaugat la pozitia 1.
Categoria 1: [(IR, 4.0)].
Categoria top10: [(EB, 2.8)].
Serialul IR se afla in coada de asteptare pe pozitia 1.
Categoria top10: [(EB, 2.8)].
Categoria later: [(IR, 4.0)].
Serialul EB are un sezon nou.
Serialul IR a fost vizionat integral.
Categoria later: [].
Categoria watching: [].
Categoria history: [(IR, 4.0)].
Categoria 1: [].
Categoria top10: [].
Categoria watching: [(EB, 2.8)].
Categoria history: [(IR, 4.0)].
