Serialul FTOYRKWMGKIEJDXPCIAWDOQOO a fost adaugat la pozitia 1.
Serialul FCBODBWDCZOCE a fost adaugat la pozitia 1.
Serialul TAHWYFHXNLKYQXDTLYMU a fost adaugat la pozitia 1.
Serialul DNVSBMXLAOZDSD a fost adaugat la pozitia 1.
Serialul EDNZMNQHJNAYSONVWGTBZKFOLPW a fost adaugat la pozitia 1.
Serialul PVOXGDEVWQNHWXTHTXUVC a fost adaugat la pozitia 2.
Serialul KRSAHURZ a fost adaugat la pozitia 1.
Serialul ZVDRWMWWDBZVEDZTIEYU a fost adaugat la pozitia 1.
Serialul ZDCKTIJWGPMRUGXPGOQOFYHGKC a fost adaugat la pozitia 1.
Serialul JRJSFETPOMHIVJWEG a fost adaugat la pozitia 1.
Serialul AHHSADCWGABIKPELO a fost adaugat la pozitia 4.
Serialul ZCDTBPYZYE a fost adaugat la pozitia 1.
Serialul BWDRZKTHNCSHFGBINOYTRHWXURSOM a fost adaugat la pozitia 1.
Serialul JHNLDFGMSUYMTBDBQHM a fost adaugat la pozitia 5.
Serialul AGHWRMVGZHGXZTQQZMKYXVKDLXNSAX a fost adaugat la pozitia 1.
Serialul AEVSQKKQCJWAOASTVPMHBGPITQUNFV a fost adaugat la pozitia 5.
Serialul IMKCWBRCHKNKK a fost adaugat la pozitia 1.
Serialul LVHYZHBXPDKLGNLDWUECGGB a fost adaugat la pozitia 6.
Serialul IYGCHSWWEZMTNLHOK a fost adaugat la pozitia 6.
Serialul YKVJSVHIOPFZICVSHPFNARH a fost adaugat la pozitia 1.
Serialul XMXRSOWHQJJVM a fost adaugat la pozitia 1.
Serialul SGPNMDXAPYUKJPMJ a fost adaugat la pozitia 4.
Serialul WFCHYPIGZTTWEIFTDBGZUQDSIC a fost adaugat la pozitia 7.
Serialul LJBFNXNSXACZOMAH a fost adaugat la pozitia 7.
Serialul ZAXADNRFMZSFLYNLJJFMH a fost adaugat la pozitia 11.
Serialul OYRDFXYTXXJPYMSH a fost adaugat la pozitia 4.
Serialul ZAVHWLOD a fost adaugat la pozitia 9.
Serialul ANWLYFHKVLVDJAQUSP a fost adaugat la pozitia 1.
Serialul CZLIHJKWMPBISOCZSSAQHHMOZIMXMD a fost adaugat la pozitia 11.
Serialul RLHYK a fost adaugat la pozitia 5.
Serialul EDXIKCD a fost adaugat la pozitia 4.
Serialul ZUQJFBYCBTUBTPLUTIWO a fost adaugat la pozitia 6.
Categoria top10: [].
Categoria 3: [(ANWLYFHKVLVDJAQUSP, 9.0), (XMXRSOWHQJJVM, 8.8), (ZDCKTIJWGPMRUGXPGOQOFYHGKC, 8.6), (FTOYRKWMGKIEJDXPCIAWDOQOO, 8.2), (RLHYK, 7.6), (OYRDFXYTXXJPYMSH, 6.8), (SGPNMDXAPYUKJPMJ, 6.4), (PVOXGDEVWQNHWXTHTXUVC, 2.6)].
Categoria 2: [(BWDRZKTHNCSHFGBINOYTRHWXURSOM, 9.0), (JRJSFETPOMHIVJWEG, 6.9), (ZVDRWMWWDBZVEDZTIEYU, 6.7), (EDXIKCD, 6.5), (DNVSBMXLAOZDSD, 5.2), (AHHSADCWGABIKPELO, 4.6), (IYGCHSWWEZMTNLHOK, 3.4), (LJBFNXNSXACZOMAH, 2.7), (WFCHYPIGZTTWEIFTDBGZUQDSIC, 2.6), (ZAVHWLOD, 2.3), (FCBODBWDCZOCE, 2.2)].
