Serialul ILWHMOOM a fost adaugat la pozitia 1.
Serialul MFQAOEXWGYXTEOYMOEVSJWXGMHI a fost adaugat la pozitia 1.
Categoria top10: [(XKJMNZT, 9.6)].
Categoria top10: [(XKJMNZT, 9.6), (QWZOMCAPKESQFNGH, 6.7)].
Categoria later: [].
Categoria 2: [(MFQAOEXWGYXTEOYMOEVSJWXGMHI, 6.6)].
Categoria 1: [(ILWHMOOM, 6.0)].
Serialul MFQAOEXWGYXTEOYMOEVSJWXGMHI se afla in coada de asteptare pe pozitia 1.
Serialul XKJMNZT se afla in coada de asteptare pe pozitia 2.
Serialul DSGBNAPTWKGSK a fost adaugat la pozitia 1.
Serialul QLZJFFQQSQYFUZ a fost adaugat la pozitia 1.
Categoria top10: [(WSIPPYMWZUGXVWYHGVCXBZBW, 4.1), (QWZOMCAPKESQFNGH, 6.7)].
Categoria top10: [(WSIPPYMWZUGXVWYHGVCXBZBW, 4.1), (ELYAFMTRSWQJK, 1.3), (QWZOMCAPKESQFNGH, 6.7)].
Categoria later: [(MFQAOEXWGYXTEOYMOEVSJWXGMHI, 6.6), (XKJMNZT, 9.6)].
Categoria 3: [(QLZJFFQQSQYFUZ, 9.1)].
Serialul QWZOMCAPKESQFNGH se afla in coada de asteptare pe pozitia 3.
Serialul QLZJFFQQSQYFUZ se afla in coada de asteptare pe pozitia 4.
Serialul MQILZCSMVODPAMFJBGMPG a fost adaugat la pozitia 1.
Serialul HYNXHKOAIDRHBFRJQDBJGYMXUDOFLSP a fost adaugat la pozitia 2.
Categoria top10: [(BRHNWUGNBCYLLBTZYXIMCBM, 5.5), (WSIPPYMWZUGXVWYHGVCXBZBW, 4.1), (ELYAFMTRSWQJK, 1.3)].
Categoria top10: [(BRHNWUGNBCYLLBTZYXIMCBM, 5.5), (EWXQZUXSSYCRGCVTOKQT, 3.6), (WSIPPYMWZUGXVWYHGVCXBZBW, 4.1), (ELYAFMTRSWQJK, 1.3)].
Categoria 2: [].
Categoria top10: [(BRHNWUGNBCYLLBTZYXIMCBM, 5.5), (EWXQZUXSSYCRGCVTOKQT, 3.6), (WSIPPYMWZUGXVWYHGVCXBZBW, 4.1), (ELYAFMTRSWQJK, 1.3)].
Serialul DSGBNAPTWKGSK se afla in coada de asteptare pe pozitia 5.
Serialul WSIPPYMWZUGXVWYHGVCXBZBW se afla in coada de asteptare pe pozitia 6.
Serialul UJQYXJMZLLRCNYNLYDT a fost adaugat la pozitia 1.
Serialul UDFBQNEJCMWDKLSQTVGJOD a fost adaugat la pozitia 2.
Categoria top10: [(BRHNWUGNBCYLLBTZYXIMCBM, 5.5), (EWXQZUXSSYCRGCVTOKQT, 3.6), (HIBIMVICBBRHZKPVSGTHCWMTTCCQUZGZ, 7.0), (ELYAFMTRSWQJK, 1.3)].
Categoria top10: [(RLLETJGSGPXVMHOAUWUQTOYACDRLWC, 7.5), (BRHNWUGNBCYLLBTZYXIMCBM, 5.5), (EWXQZUXSSYCRGCVTOKQT, 3.6), (HIBIMVICBBRHZKPVSGTHCWMTTCCQUZGZ, 7.0), (ELYAFMTRSWQJK, 1.3)].
Serialul JTQTSWUMHWBPWFCDR a fost adaugat la pozitia 2.
Serialul YFXQZDKBRCXPICIKKZW a fost adaugat la pozitia 1.
Serialul SESKKQYNVHGQ a fost adaugat la pozitia 2.
Serialul FBSSIUDNOMECRYRJMMDVBB a fost adaugat la pozitia 5.
Serialul EWXQZUXSSYCRGCVTOKQT se afla in coada de asteptare pe pozitia 7.
Categoria 3: [(MQILZCSMVODPAMFJBGMPG, 8.2), (SESKKQYNVHGQ, 7.6), (JTQTSWUMHWBPWFCDR, 5.4), (HYNXHKOAIDRHBFRJQDBJGYMXUDOFLSP, 1.7), (FBSSIUDNOMECRYRJMMDVBB, 1.4)].
Categoria later: [(MFQAOEXWGYXTEOYMOEVSJWXGMHI, 6.6), (XKJMNZT, 9.6), (QWZOMCAPKESQFNGH, 6.7), (QLZJFFQQSQYFUZ, 9.1), (DSGBNAPTWKGSK, 8.7), (WSIPPYMWZUGXVWYHGVCXBZBW, 4.1), (EWXQZUXSSYCRGCVTOKQT, 3.6)].
Categoria top10: [(RLLETJGSGPXVMHOAUWUQTOYACDRLWC, 7.5), (BRHNWUGNBCYLLBTZYXIMCBM, 5.5), (HIBIMVICBBRHZKPVSGTHCWMTTCCQUZGZ, 7.0), (ELYAFMTRSWQJK, 1.3)].
Categoria 2: [(YFXQZDKBRCXPICIKKZW, 7.5), (UJQYXJMZLLRCNYNLYDT, 5.1)].
