Serialul JGSQMQWDIKSK a fost adaugat la pozitia 1.
Serialul FMDQQK a fost adaugat la pozitia 1.
Categoria top10: [(GPEAHGO, 6.3)].
Categoria top10: [(ZGNAXGIRPJBNFKTUKWUHMDPQUL, 8.0), (GPEAHGO, 6.3)].
Categoria 3: [].
Categoria 1: [(FMDQQK, 9.3)].
Categoria later: [].
Serialul JGSQMQWDIKSK se afla in coada de asteptare pe pozitia 1.
Serialul GPEAHGO se afla in coada de asteptare pe pozitia 2.
Serialul ZGNAXGIRPJBNFKTUKWUHMDPQUL a fost vizionat integral.
Serialul GPEAHGO are un sezon nou.
Serialul GPEAHGO are un sezon nou.
Serialul WUQYLTNLUPGJBTDDXJQIEJJEM a fost adaugat la pozitia 1.
Serialul DBNDRTNXHGNOQJJZCMJABTJXYZGHQX a fost adaugat la pozitia 2.
Categoria top10: [(YREXMLZQRBZHKOIBINUAMBZFT, 3.8)].
Categoria top10: [(FULMVFQRBWROTQNZDOJDSENPRNW, 3.5), (YREXMLZQRBZHKOIBINUAMBZFT, 3.8)].
Serialul YREXMLZQRBZHKOIBINUAMBZFT are un sezon nou.
Serialul DBNDRTNXHGNOQJJZCMJABTJXYZGHQX are un sezon nou.
Categoria history: [(ZGNAXGIRPJBNFKTUKWUHMDPQUL, 8.0)].
Categoria 3: [].
Serialul WUQYLTNLUPGJBTDDXJQIEJJEM se afla in coada de asteptare pe pozitia 1.
Serialul NNPQCIRFVPEZHTPFTGZUNDXDH a fost adaugat la pozitia 1.
Serialul QJPDEZGCAZTAULPKOJZGIHEDR a fost adaugat la pozitia 1.
Serialul NNPQCIRFVPEZHTPFTGZUNDXDH are un sezon nou.
Serialul WUQYLTNLUPGJBTDDXJQIEJJEM are un sezon nou.
Categoria top10: [(TWNASBDAHSWO, 8.3)].
Categoria top10: [(TWNASBDAHSWO, 8.3), (SVYWADMVIQ, 8.5)].
Categoria 1: [(QJPDEZGCAZTAULPKOJZGIHEDR, 7.1), (NNPQCIRFVPEZHTPFTGZUNDXDH, 4.3)].
Categoria 3: [].
Serialul NNPQCIRFVPEZHTPFTGZUNDXDH se afla in coada de asteptare pe pozitia 1.
Serialul QJPDEZGCAZTAULPKOJZGIHEDR se afla in coada de asteptare pe pozitia 2.
Serialul FULMVFQRBWROTQNZDOJDSENPRNW are un sezon nou.
Serialul TWNASBDAHSWO are un sezon nou.
Serialul MKPMAVYTVNUITWXFR a fost adaugat la pozitia 1.
Serialul QIQFPRRJAFWTGAIIY a fost adaugat la pozitia 1.
Categoria top10: [(IXTWQDEONUUWVOMRGCNWZJNOHTC, 7.1), (SVYWADMVIQ, 8.5)].
Categoria top10: [(IXTWQDEONUUWVOMRGCNWZJNOHTC, 7.1), (SVYWADMVIQ, 8.5), (PDMLDZECPFVPBSQMKOVWVCBQG, 5.9)].
Serialul ZEWVZPVBHX a fost adaugat la pozitia 1.
Serialul FJCDLDYNVWXPVEADGLSUSYMGRJPYXRY a fost adaugat la pozitia 1.
Serialul IORQTZBRLUYQ a fost adaugat la pozitia 1.
Serialul HEARUART a fost adaugat la pozitia 1.
Serialul FJCDLDYNVWXPVEADGLSUSYMGRJPYXRY se afla in coada de asteptare pe pozitia 3.
Serialul FULMVFQRBWROTQNZDOJDSENPRNW are un sezon nou.
Serialul FJCDLDYNVWXPVEADGLSUSYMGRJPYXRY are un sezon nou.
Serialul IXTWQDEONUUWVOMRGCNWZJNOHTC a fost vizionat integral.
Categoria 1: [(QIQFPRRJAFWTGAIIY, 4.6)].
Categoria top10: [(PDMLDZECPFVPBSQMKOVWVCBQG, 5.9)].
Categoria watching: [(YREXMLZQRBZHKOIBINUAMBZFT, 3.8), (SVYWADMVIQ, 8.5), (MKPMAVYTVNUITWXFR, 1.3), (WUQYLTNLUPGJBTDDXJQIEJJEM, 2.7), (GPEAHGO, 6.3), (JGSQMQWDIKSK, 9.5), (FULMVFQRBWROTQNZDOJDSENPRNW, 3.5), (TWNASBDAHSWO, 8.3), (DBNDRTNXHGNOQJJZCMJABTJXYZGHQX, 8.2), (FMDQQK, 9.3)].
Categoria later: [(NNPQCIRFVPEZHTPFTGZUNDXDH, 4.3), (QJPDEZGCAZTAULPKOJZGIHEDR, 7.1), (FJCDLDYNVWXPVEADGLSUSYMGRJPYXRY, 2.6)].
Serialul IORQTZBRLUYQ se afla in coada de asteptare pe pozitia 4.
Categoria 3: [(HEARUART, 8.1)].
Categoria 2: [(ZEWVZPVBHX, 5.8)].
Categoria top10: [(PDMLDZECPFVPBSQMKOVWVCBQG, 5.9)].
Categoria later: [(NNPQCIRFVPEZHTPFTGZUNDXDH, 4.3), (IORQTZBRLUYQ, 9.4)].
Serialul NQWHYWWBOSGAUWSZPAKLD a fost adaugat la pozitia 2.
Serialul HBNFED a fost adaugat la pozitia 1.
Categoria top10: [(IZPUHIBAAJTTTLB, 4.5), (PDMLDZECPFVPBSQMKOVWVCBQG, 5.9)].
Categoria top10: [(PCVKWPJBMACISYJU, 2.2), (IZPUHIBAAJTTTLB, 4.5), (PDMLDZECPFVPBSQMKOVWVCBQG, 5.9)].
Categoria history: [(IXTWQDEONUUWVOMRGCNWZJNOHTC, 7.1), (ZGNAXGIRPJBNFKTUKWUHMDPQUL, 8.0)].
Categoria 2: [(ZEWVZPVBHX, 5.8)].
Categoria 3: [(HBNFED, 9.1), (HEARUART, 8.1)].
Serialul NQWHYWWBOSGAUWSZPAKLD se afla in coada de asteptare pe pozitia 3.
Serialul QIQFPRRJAFWTGAIIY se afla in coada de asteptare pe pozitia 4.
Serialul IORQTZBRLUYQ are un sezon nou.
Serialul DBNDRTNXHGNOQJJZCMJABTJXYZGHQX are un sezon nou.
Serialul JWBXJUQFX a fost adaugat la pozitia 2.
Serialul INEIKIXTGQU a fost adaugat la pozitia 2.
Categoria top10: [(IXZFCIQCMCZXUFJGXQQNNR, 4.7), (PCVKWPJBMACISYJU, 2.2), (IZPUHIBAAJTTTLB, 4.5)].
Categoria top10: [(IXZFCIQCMCZXUFJGXQQNNR, 4.7), (PCVKWPJBMACISYJU, 2.2), (YCYQQFMCIWUDAJ, 4.5), (IZPUHIBAAJTTTLB, 4.5)].
Serialul WUQYLTNLUPGJBTDDXJQIEJJEM a fost vizionat integral.
Serialul ZEWVZPVBHX are un sezon nou.
Serialul MKPMAVYTVNUITWXFR are un sezon nou.
Categoria history: [(WUQYLTNLUPGJBTDDXJQIEJJEM, 2.7), (IXTWQDEONUUWVOMRGCNWZJNOHTC, 7.1), (ZGNAXGIRPJBNFKTUKWUHMDPQUL, 8.0)].
Categoria 3: [(INEIKIXTGQU, 3.5)].
Serialul FSDCNLEYMMKLQELTAIEFNNBXLFMXFGXW a fost adaugat la pozitia 1.
Serialul QUCSHNIOEGZ a fost adaugat la pozitia 1.
Categoria top10: [(IXZFCIQCMCZXUFJGXQQNNR, 4.7), (PCVKWPJBMACISYJU, 2.2), (DGQGCXLCFCQ, 8.6), (YCYQQFMCIWUDAJ, 4.5), (IZPUHIBAAJTTTLB, 4.5)].
Categoria top10: [(IXZFCIQCMCZXUFJGXQQNNR, 4.7), (PCVKWPJBMACISYJU, 2.2), (DUXEJXPQSRLARURXVVBXPBAZFHNKHCTN, 3.9), (DGQGCXLCFCQ, 8.6), (YCYQQFMCIWUDAJ, 4.5), (IZPUHIBAAJTTTLB, 4.5)].
Categoria watching: [(PDMLDZECPFVPBSQMKOVWVCBQG, 5.9), (HEARUART, 8.1), (NNPQCIRFVPEZHTPFTGZUNDXDH, 4.3), (TWNASBDAHSWO, 8.3), (MKPMAVYTVNUITWXFR, 1.3), (QJPDEZGCAZTAULPKOJZGIHEDR, 7.1), (SVYWADMVIQ, 8.5), (HBNFED, 9.1), (FJCDLDYNVWXPVEADGLSUSYMGRJPYXRY, 2.6), (YREXMLZQRBZHKOIBINUAMBZFT, 3.8), (GPEAHGO, 6.3), (JGSQMQWDIKSK, 9.5), (FULMVFQRBWROTQNZDOJDSENPRNW, 3.5), (DBNDRTNXHGNOQJJZCMJABTJXYZGHQX, 8.2), (FMDQQK, 9.3)].
Categoria 1: [(QUCSHNIOEGZ, 9.1)].
Categoria history: [(WUQYLTNLUPGJBTDDXJQIEJJEM, 2.7), (IXTWQDEONUUWVOMRGCNWZJNOHTC, 7.1), (ZGNAXGIRPJBNFKTUKWUHMDPQUL, 8.0)].
Serialul INEIKIXTGQU se afla in coada de asteptare pe pozitia 4.
Serialul QUCSHNIOEGZ se afla in coada de asteptare pe pozitia 5.
Serialul DGQGCXLCFCQ are un sezon nou.
Serialul QJPDEZGCAZTAULPKOJZGIHEDR are un sezon nou.
Serialul BPTJJJ a fost adaugat la pozitia 1.
Serialul ZIZEJCSAMMWRQHCHBEQWAFOCJUNU a fost adaugat la pozitia 2.
Categoria top10: [(IXZFCIQCMCZXUFJGXQQNNR, 4.7), (PCVKWPJBMACISYJU, 2.2), (DUXEJXPQSRLARURXVVBXPBAZFHNKHCTN, 3.9), (YCYQQFMCIWUDAJ, 4.5), (ZOAASTSCHJIUQTBHZZNNUHYKU, 3.3), (IZPUHIBAAJTTTLB, 4.5)].
Categoria top10: [(IXZFCIQCMCZXUFJGXQQNNR, 4.7), (PCVKWPJBMACISYJU, 2.2), (DUXEJXPQSRLARURXVVBXPBAZFHNKHCTN, 3.9), (YCYQQFMCIWUDAJ, 4.5), (KJUNDYJKIRVNEYBW, 6.4), (ZOAASTSCHJIUQTBHZZNNUHYKU, 3.3), (IZPUHIBAAJTTTLB, 4.5)].
Serialul ZOAASTSCHJIUQTBHZZNNUHYKU a fost vizionat integral.
Serialul NQWHYWWBOSGAUWSZPAKLD a fost vizionat integral.
Serialul PCVKWPJBMACISYJU are un sezon nou.
Serialul QIQFPRRJAFWTGAIIY are un sezon nou.
Categoria 1: [(BPTJJJ, 6.3)].
Categoria watching: [(QIQFPRRJAFWTGAIIY, 4.6), (KJUNDYJKIRVNEYBW, 6.4), (MKPMAVYTVNUITWXFR, 1.3), (TWNASBDAHSWO, 8.3), (DUXEJXPQSRLARURXVVBXPBAZFHNKHCTN, 3.9), (IORQTZBRLUYQ, 9.4), (DBNDRTNXHGNOQJJZCMJABTJXYZGHQX, 8.2), (DGQGCXLCFCQ, 8.6), (PDMLDZECPFVPBSQMKOVWVCBQG, 5.9), (HEARUART, 8.1), (NNPQCIRFVPEZHTPFTGZUNDXDH, 4.3), (QJPDEZGCAZTAULPKOJZGIHEDR, 7.1), (SVYWADMVIQ, 8.5), (HBNFED, 9.1), (FJCDLDYNVWXPVEADGLSUSYMGRJPYXRY, 2.6), (YREXMLZQRBZHKOIBINUAMBZFT, 3.8), (GPEAHGO, 6.3), (JGSQMQWDIKSK, 9.5), (FULMVFQRBWROTQNZDOJDSENPRNW, 3.5), (FMDQQK, 9.3)].
Serialul VULMTLHHCYKCBSEWBRIYIHYJ a fost adaugat la pozitia 2.
Serialul MZPBSSXKFSVMGZGXLYNRTE a fost adaugat la pozitia 1.
Categoria top10: [(IXZFCIQCMCZXUFJGXQQNNR, 4.7), (MVJTSLHKPDND, 3.3), (PCVKWPJBMACISYJU, 2.2), (YCYQQFMCIWUDAJ, 4.5), (IZPUHIBAAJTTTLB, 4.5)].
Categoria top10: [(IXZFCIQCMCZXUFJGXQQNNR, 4.7), (MVJTSLHKPDND, 3.3), (PCVKWPJBMACISYJU, 2.2), (LYEXULFHFPVKKXSRGQKDOTKZZDH, 4.3), (YCYQQFMCIWUDAJ, 4.5), (IZPUHIBAAJTTTLB, 4.5)].
Categoria history: [(NQWHYWWBOSGAUWSZPAKLD, 2.3), (ZOAASTSCHJIUQTBHZZNNUHYKU, 3.3), (WUQYLTNLUPGJBTDDXJQIEJJEM, 2.7), (IXTWQDEONUUWVOMRGCNWZJNOHTC, 7.1), (ZGNAXGIRPJBNFKTUKWUHMDPQUL, 8.0)].
Categoria later: [(INEIKIXTGQU, 3.5), (QUCSHNIOEGZ, 9.1)].
Categoria 1: [(BPTJJJ, 6.3), (VULMTLHHCYKCBSEWBRIYIHYJ, 2.9)].
Serialul LYEXULFHFPVKKXSRGQKDOTKZZDH se afla in coada de asteptare pe pozitia 3.
Serialul FSDCNLEYMMKLQELTAIEFNNBXLFMXFGXW se afla in coada de asteptare pe pozitia 4.
Serialul ZIZEJCSAMMWRQHCHBEQWAFOCJUNU are un sezon nou.
Serialul PDMLDZECPFVPBSQMKOVWVCBQG are un sezon nou.
Serialul SXOGP a fost adaugat la pozitia 3.
Serialul GUOAYIAVCFQYFOBOMDSBRBS a fost adaugat la pozitia 5.
Categoria top10: [(IXZFCIQCMCZXUFJGXQQNNR, 4.7), (MVJTSLHKPDND, 3.3), (PCVKWPJBMACISYJU, 2.2), (YCYQQFMCIWUDAJ, 4.5), (IZPUHIBAAJTTTLB, 4.5), (BJPKAHNYDRCRQKJIOHEJMDIRITNIQORG, 8.9)].
Categoria top10: [(IXZFCIQCMCZXUFJGXQQNNR, 4.7), (WPXKANDAUEFLMUWUWG, 6.1), (MVJTSLHKPDND, 3.3), (PCVKWPJBMACISYJU, 2.2), (YCYQQFMCIWUDAJ, 4.5), (IZPUHIBAAJTTTLB, 4.5), (BJPKAHNYDRCRQKJIOHEJMDIRITNIQORG, 8.9)].
Serialul FULMVFQRBWROTQNZDOJDSENPRNW are un sezon nou.
Serialul ZEWVZPVBHX are un sezon nou.
Categoria watching: [(JWBXJUQFX, 4.9), (BPTJJJ, 6.3), (DBNDRTNXHGNOQJJZCMJABTJXYZGHQX, 8.2), (QIQFPRRJAFWTGAIIY, 4.6), (BJPKAHNYDRCRQKJIOHEJMDIRITNIQORG, 8.9), (JGSQMQWDIKSK, 9.5), (QJPDEZGCAZTAULPKOJZGIHEDR, 7.1), (LYEXULFHFPVKKXSRGQKDOTKZZDH, 4.3), (FJCDLDYNVWXPVEADGLSUSYMGRJPYXRY, 2.6), (NNPQCIRFVPEZHTPFTGZUNDXDH, 4.3), (YREXMLZQRBZHKOIBINUAMBZFT, 3.8), (TWNASBDAHSWO, 8.3), (KJUNDYJKIRVNEYBW, 6.4), (MKPMAVYTVNUITWXFR, 1.3), (DUXEJXPQSRLARURXVVBXPBAZFHNKHCTN, 3.9), (IORQTZBRLUYQ, 9.4), (DGQGCXLCFCQ, 8.6), (PDMLDZECPFVPBSQMKOVWVCBQG, 5.9), (HEARUART, 8.1), (SVYWADMVIQ, 8.5), (HBNFED, 9.1), (GPEAHGO, 6.3), (FULMVFQRBWROTQNZDOJDSENPRNW, 3.5), (FMDQQK, 9.3)].
Categoria later: [(INEIKIXTGQU, 3.5), (QUCSHNIOEGZ, 9.1), (FSDCNLEYMMKLQELTAIEFNNBXLFMXFGXW, 7.3)].
Serialul QWLLDMXIBKL a fost adaugat la pozitia 4.
Serialul CRXLKN a fost adaugat la pozitia 1.
Categoria top10: [(IXZFCIQCMCZXUFJGXQQNNR, 4.7), (WPXKANDAUEFLMUWUWG, 6.1), (MVJTSLHKPDND, 3.3), (OTOGQGAHZERMHKBVGHHOQHSERHQM, 3.8), (PCVKWPJBMACISYJU, 2.2), (YCYQQFMCIWUDAJ, 4.5), (IZPUHIBAAJTTTLB, 4.5)].
Categoria top10: [(IXZFCIQCMCZXUFJGXQQNNR, 4.7), (WPXKANDAUEFLMUWUWG, 6.1), (MVJTSLHKPDND, 3.3), (OTOGQGAHZERMHKBVGHHOQHSERHQM, 3.8), (PCVKWPJBMACISYJU, 2.2), (SUDINOHEBAR, 5.5), (YCYQQFMCIWUDAJ, 4.5), (IZPUHIBAAJTTTLB, 4.5)].
Categoria 3: [(CRXLKN, 7.4), (ZIZEJCSAMMWRQHCHBEQWAFOCJUNU, 5.4)].
Categoria 1: [(VULMTLHHCYKCBSEWBRIYIHYJ, 2.9)].
Categoria 2: [(MZPBSSXKFSVMGZGXLYNRTE, 6.4), (ZEWVZPVBHX, 5.8), (SXOGP, 5.4), (QWLLDMXIBKL, 5.2), (GUOAYIAVCFQYFOBOMDSBRBS, 3.9)].
Serialul OTOGQGAHZERMHKBVGHHOQHSERHQM se afla in coada de asteptare pe pozitia 4.
Serialul ZIZEJCSAMMWRQHCHBEQWAFOCJUNU se afla in coada de asteptare pe pozitia 5.
Serialul SXOGP are un sezon nou.
Serialul FMDQQK are un sezon nou.
Serialul NKBOLUHWKYFGAFIPOLNJ a fost adaugat la pozitia 2.
Serialul FHOKRPVJHZITAWSPOEI a fost adaugat la pozitia 3.
Categoria top10: [(IXZFCIQCMCZXUFJGXQQNNR, 4.7), (WPXKANDAUEFLMUWUWG, 6.1), (MVJTSLHKPDND, 3.3), (PCVKWPJBMACISYJU, 2.2), (YCYQQFMCIWUDAJ, 4.5), (IBWWJKGTJAVGFGUIKPYLGMKIBPYRP, 8.9)].
Categoria top10: [(IXZFCIQCMCZXUFJGXQQNNR, 4.7), (WPXKANDAUEFLMUWUWG, 6.1), (MVJTSLHKPDND, 3.3), (PCVKWPJBMACISYJU, 2.2), (YCYQQFMCIWUDAJ, 4.5), (IBWWJKGTJAVGFGUIKPYLGMKIBPYRP, 8.9), (NTLDZKSYQZMO, 4.3)].
Serialul MKPMAVYTVNUITWXFR a fost vizionat integral.
Serialul GUOAYIAVCFQYFOBOMDSBRBS are un sezon nou.
Serialul NTLDZKSYQZMO are un sezon nou.
Categoria 3: [(CRXLKN, 7.4), (NKBOLUHWKYFGAFIPOLNJ, 4.6)].
Categoria history: [(MKPMAVYTVNUITWXFR, 1.3), (NQWHYWWBOSGAUWSZPAKLD, 2.3), (ZOAASTSCHJIUQTBHZZNNUHYKU, 3.3), (WUQYLTNLUPGJBTDDXJQIEJJEM, 2.7), (IXTWQDEONUUWVOMRGCNWZJNOHTC, 7.1), (ZGNAXGIRPJBNFKTUKWUHMDPQUL, 8.0)].
Serialul WPXKANDAUEFLMUWUWG se afla in coada de asteptare pe pozitia 4.
Serialul QWLLDMXIBKL se afla in coada de asteptare pe pozitia 5.
Serialul PHLVIQVIPYFFOHMLTGSDMFJBKBIBE a fost adaugat la pozitia 1.
Serialul IPMVCLYWWIQ a fost adaugat la pozitia 1.
Serialul KJUNDYJKIRVNEYBW are un sezon nou.
Serialul NKBOLUHWKYFGAFIPOLNJ are un sezon nou.
Categoria top10: [(FSOLAFIFRYEUKYFXOMINM, 1.7), (IXZFCIQCMCZXUFJGXQQNNR, 4.7), (PCVKWPJBMACISYJU, 2.2), (YCYQQFMCIWUDAJ, 4.5), (NTLDZKSYQZMO, 4.3)].
Categoria top10: [(FSOLAFIFRYEUKYFXOMINM, 1.7), (IXZFCIQCMCZXUFJGXQQNNR, 4.7), (PCVKWPJBMACISYJU, 2.2), (KFOHBJRDZWDOJKPFTCAJBTGELOCQR, 7.2), (YCYQQFMCIWUDAJ, 4.5), (NTLDZKSYQZMO, 4.3)].
Categoria 2: [(MZPBSSXKFSVMGZGXLYNRTE, 6.4), (ZEWVZPVBHX, 5.8), (FHOKRPVJHZITAWSPOEI, 5.7), (SXOGP, 5.4)].
Categoria top10: [(FSOLAFIFRYEUKYFXOMINM, 1.7), (IXZFCIQCMCZXUFJGXQQNNR, 4.7), (PCVKWPJBMACISYJU, 2.2), (KFOHBJRDZWDOJKPFTCAJBTGELOCQR, 7.2), (YCYQQFMCIWUDAJ, 4.5), (NTLDZKSYQZMO, 4.3)].
Serialul PCVKWPJBMACISYJU se afla in coada de asteptare pe pozitia 6.
Serialul CRXLKN se afla in coada de asteptare pe pozitia 7.
Serialul NTLDZKSYQZMO are un sezon nou.
Serialul PCVKWPJBMACISYJU are un sezon nou.
Serialul UTUYPHFEWEQJVQYIYDCLYJMEAKP a fost adaugat la pozitia 1.
Serialul DNDARWNM a fost adaugat la pozitia 6.
