Serialul HGKMPROMZASVQAHPLERVWDCYTION a fost adaugat la pozitia 1.
Serialul JWPFIENQXVXYOZEAJSDN a fost adaugat la pozitia 2.
Serialul NJQJXCEZLLHBGKJFJQ a fost adaugat la pozitia 1.
Serialul EDODWVBRDBKNKWQJAZLQ a fost adaugat la pozitia 4.
Serialul DZHVFEPZBJ a fost adaugat la pozitia 4.
Serialul ZPBETCFLSWIXWCQAHZPCKRKNBE a fost adaugat la pozitia 1.
Serialul LKTDRAGROWNLVCWQZIDXQRMIJHOCFG a fost adaugat la pozitia 1.
Serialul OUUPCDQEUW a fost adaugat la pozitia 2.
Categoria 3: [(LKTDRAGROWNLVCWQZIDXQRMIJHOCFG, 3.5)].
Categoria 2: [(NJQJXCEZLLHBGKJFJQ, 7.9), (HGKMPROMZASVQAHPLERVWDCYTION, 7.5), (JWPFIENQXVXYOZEAJSDN, 3.9), (DZHVFEPZBJ, 3.2), (EDODWVBRDBKNKWQJAZLQ, 1.3)].
Categoria top10: [].
