Serialul NNFAUTIDK a fost adaugat la pozitia 1.
Serialul HLFLJHOFFDVRLHZWQNZECBPKBKHSK a fost adaugat la pozitia 2.
Categoria 2: [].
Categoria 1: [].
Serialul DHOWJZGCMDIWJJLEUGEGRCNHBVZFS a fost adaugat la pozitia 1.
Serialul LGZXCCVE a fost adaugat la pozitia 3.
Categoria top10: [].
Categoria 1: [(DHOWJZGCMDIWJJLEUGEGRCNHBVZFS, 7.1)].
