Serialul SFZFHLCXTASTLNXDNZVXKQERXJOMAVXC a fost adaugat la pozitia 1.
Serialul VXCODZOZNAIBAUHVJDBKMLUTCCRB a fost adaugat la pozitia 1.
Serialul WPUWKHPNUSLFEDIXDLTWALJYOG a fost adaugat la pozitia 1.
Serialul HSBDYDZMSTAQTIXDHQGXM a fost adaugat la pozitia 2.
Categoria 1: [(WPUWKHPNUSLFEDIXDLTWALJYOG, 9.3), (HSBDYDZMSTAQTIXDHQGXM, 5.2)].
Categoria top10: [].
Categoria 3: [(SFZFHLCXTASTLNXDNZVXKQERXJOMAVXC, 3.1)].
