Serialul YDTLFVCNYOV a fost adaugat la pozitia 1.
Serialul CHYAYMNIWMOQTNMSKBDYJMOBBSJ a fost adaugat la pozitia 1.
Categoria top10: [(XFDKXXKSQGFYQBDSOUJQOJQCIR, 1.6)].
Categoria top10: [(BIGOMF, 9.6), (XFDKXXKSQGFYQBDSOUJQOJQCIR, 1.6)].
Categoria history: [].
Categoria watching: [].
Categoria 3: [(CHYAYMNIWMOQTNMSKBDYJMOBBSJ, 6.5), (YDTLFVCNYOV, 1.5)].
Serialul CHYAYMNIWMOQTNMSKBDYJMOBBSJ se afla in coada de asteptare pe pozitia 1.
Serialul YDTLFVCNYOV se afla in coada de asteptare pe pozitia 2.
Serialul CHYAYMNIWMOQTNMSKBDYJMOBBSJ a fost vizionat integral.
Serialul YDTLFVCNYOV are un sezon nou.
Serialul YDTLFVCNYOV are un sezon nou.
Serialul HQIYXRRDDOUEJJULKTZVWPWVPSNH a fost adaugat la pozitia 1.
Serialul GMGUPLSWRMAKBNPQBKBFCGCKGVZOA a fost adaugat la pozitia 2.
Categoria top10: [(BIGOMF, 9.6), (URMCMZIMRGPCJIPMFFUGIZVWCJMCCAIA, 2.9)].
Categoria top10: [(UHCFHOOZUYCWUG, 2.9), (BIGOMF, 9.6), (URMCMZIMRGPCJIPMFFUGIZVWCJMCCAIA, 2.9)].
Serialul XFDKXXKSQGFYQBDSOUJQOJQCIR a fost vizionat integral.
Serialul UHCFHOOZUYCWUG a fost vizionat integral.
Serialul GMGUPLSWRMAKBNPQBKBFCGCKGVZOA are un sezon nou.
Serialul HQIYXRRDDOUEJJULKTZVWPWVPSNH are un sezon nou.
Categoria 2: [].
Categoria 1: [].
Serialul HQIYXRRDDOUEJJULKTZVWPWVPSNH se afla in coada de asteptare pe pozitia 1.
Serialul URMCMZIMRGPCJIPMFFUGIZVWCJMCCAIA se afla in coada de asteptare pe pozitia 2.
Serialul EQJXZRFLEFKAPMXWHUE a fost adaugat la pozitia 1.
Serialul AAJMYUJJZNOLHFQTFEAMXHNXDYN a fost adaugat la pozitia 1.
Serialul GMGUPLSWRMAKBNPQBKBFCGCKGVZOA are un sezon nou.
Serialul AAJMYUJJZNOLHFQTFEAMXHNXDYN are un sezon nou.
Categoria top10: [(QNAKKUSWIRDCPNFVTQCPIKXQHARKVFKY, 10.0)].
Categoria top10: [(DRMGYPFOETZUOACUDZMRRLZEXGILR, 6.6), (QNAKKUSWIRDCPNFVTQCPIKXQHARKVFKY, 10.0)].
Categoria later: [].
Categoria 1: [(EQJXZRFLEFKAPMXWHUE, 1.6)].
Serialul QNAKKUSWIRDCPNFVTQCPIKXQHARKVFKY se afla in coada de asteptare pe pozitia 1.
Serialul EQJXZRFLEFKAPMXWHUE se afla in coada de asteptare pe pozitia 2.
Serialul BIGOMF are un sezon nou.
Serialul AAJMYUJJZNOLHFQTFEAMXHNXDYN are un sezon nou.
Serialul AJZCSWLOFDXEHJPRESKKGHGCANLC a fost adaugat la pozitia 1.
Serialul XGCOWNBNWMV a fost adaugat la pozitia 1.
Categoria top10: [(ILRBICJNUZUFFPHQQN, 5.2), (DRMGYPFOETZUOACUDZMRRLZEXGILR, 6.6)].
Categoria top10: [(HITIP, 2.1), (ILRBICJNUZUFFPHQQN, 5.2), (DRMGYPFOETZUOACUDZMRRLZEXGILR, 6.6)].
Serialul OHIYOL a fost adaugat la pozitia 1.
Serialul CYGDCYGPOYH a fost adaugat la pozitia 3.
Serialul PQPLARY a fost adaugat la pozitia 4.
Serialul NLHBKLKKDVI a fost adaugat la pozitia 1.
Serialul NLHBKLKKDVI se afla in coada de asteptare pe pozitia 3.
Serialul PQPLARY are un sezon nou.
Serialul BIGOMF are un sezon nou.
Categoria 2: [].
Categoria top10: [(ILRBICJNUZUFFPHQQN, 5.2), (DRMGYPFOETZUOACUDZMRRLZEXGILR, 6.6)].
Categoria 1: [].
Categoria 3: [(OHIYOL, 7.3), (CYGDCYGPOYH, 3.3), (PQPLARY, 2.5)].
