Serialul GOBZVOEUESYQ a fost adaugat la pozitia 1.
Serialul GLATUFUYCSHODZX a fost adaugat la pozitia 2.
Categoria top10: [(VGSJUTXWVMAQJIFMWWGNLLJSI, 6.6)].
Categoria top10: [(RZSJSLU, 3.3), (VGSJUTXWVMAQJIFMWWGNLLJSI, 6.6)].
Categoria watching: [].
Categoria 3: [].
Categoria later: [].
Serialul VGSJUTXWVMAQJIFMWWGNLLJSI se afla in coada de asteptare pe pozitia 1.
Serialul RZSJSLU se afla in coada de asteptare pe pozitia 2.
Serialul VGSJUTXWVMAQJIFMWWGNLLJSI are un sezon nou.
Serialul VGSJUTXWVMAQJIFMWWGNLLJSI are un sezon nou.
Serialul DGRHSEIFRVBBCLXCLZZXDGNEZWBANOOT a fost adaugat la pozitia 1.
Serialul SRVOVOFIHSVTUMRQN a fost adaugat la pozitia 2.
Categoria top10: [(BPOLBIMQDUFH, 4.4)].
Categoria top10: [(BBVBKDYOLZDK, 5.1), (BPOLBIMQDUFH, 4.4)].
Serialul BPOLBIMQDUFH a fost vizionat integral.
Serialul BBVBKDYOLZDK are un sezon nou.
Serialul DGRHSEIFRVBBCLXCLZZXDGNEZWBANOOT are un sezon nou.
Serialul GLATUFUYCSHODZX a fost vizionat integral.
Categoria watching: [(RZSJSLU, 3.3), (DGRHSEIFRVBBCLXCLZZXDGNEZWBANOOT, 4.2), (BBVBKDYOLZDK, 5.1)].
Categoria top10: [].
Serialul SRVOVOFIHSVTUMRQN se afla in coada de asteptare pe pozitia 2.
Serialul GOBZVOEUESYQ se afla in coada de asteptare pe pozitia 3.
Serialul HRVNOWZOSPHEHOZORFKPINZYRK a fost adaugat la pozitia 1.
Serialul BZPFDX a fost adaugat la pozitia 2.
Serialul HRVNOWZOSPHEHOZORFKPINZYRK a fost vizionat integral.
Serialul GOBZVOEUESYQ a fost vizionat integral.
Serialul DGRHSEIFRVBBCLXCLZZXDGNEZWBANOOT are un sezon nou.
Serialul DGRHSEIFRVBBCLXCLZZXDGNEZWBANOOT are un sezon nou.
Categoria top10: [(WUWRLTEEHDBJSFLYVLAQTHUJMP, 4.6)].
Categoria top10: [(IVXCPSO, 6.0), (WUWRLTEEHDBJSFLYVLAQTHUJMP, 4.6)].
Categoria 2: [].
Categoria 3: [].
Serialul WUWRLTEEHDBJSFLYVLAQTHUJMP se afla in coada de asteptare pe pozitia 3.
Serialul BZPFDX se afla in coada de asteptare pe pozitia 4.
Serialul WUWRLTEEHDBJSFLYVLAQTHUJMP are un sezon nou.
Serialul WUWRLTEEHDBJSFLYVLAQTHUJMP are un sezon nou.
Serialul CHAYZVLAPGOMRXYLWCXGKMDZOBMGQVVC a fost adaugat la pozitia 1.
Serialul BMPPJAPVUACZL a fost adaugat la pozitia 1.
Categoria top10: [(IVXCPSO, 6.0), (BHDTUKVOGABBUKDYBLOZBRHTDYKFWI, 8.6)].
Categoria top10: [(BKWIYQEYHVHOSBVYFOLMY, 6.7), (IVXCPSO, 6.0), (BHDTUKVOGABBUKDYBLOZBRHTDYKFWI, 8.6)].
Serialul XSAYHDUWJZNFBVSMSVBYA a fost adaugat la pozitia 2.
Serialul XBCENIPQKJCW a fost adaugat la pozitia 1.
Serialul FDPYTIQVYLRQKKRCCZULONPTMWLHBLZ a fost adaugat la pozitia 4.
Serialul CQBUAYGOAABUWKFZYXGDSKYT a fost adaugat la pozitia 1.
Serialul CHAYZVLAPGOMRXYLWCXGKMDZOBMGQVVC se afla in coada de asteptare pe pozitia 1.
Serialul BBVBKDYOLZDK are un sezon nou.
Serialul BZPFDX are un sezon nou.
Categoria history: [(GOBZVOEUESYQ, 4.7), (HRVNOWZOSPHEHOZORFKPINZYRK, 9.5), (GLATUFUYCSHODZX, 2.4), (BPOLBIMQDUFH, 4.4)].
Categoria top10: [].
Categoria 1: [(XBCENIPQKJCW, 8.8), (BMPPJAPVUACZL, 8.1)].
Categoria later: [].
Serialul XBCENIPQKJCW se afla in coada de asteptare pe pozitia 1.
Serialul CQBUAYGOAABUWKFZYXGDSKYT a fost vizionat integral.
Categoria top10: [].
Categoria 1: [(BMPPJAPVUACZL, 8.1)].
Categoria watching: [(VGSJUTXWVMAQJIFMWWGNLLJSI, 6.6), (CHAYZVLAPGOMRXYLWCXGKMDZOBMGQVVC, 9.1), (BHDTUKVOGABBUKDYBLOZBRHTDYKFWI, 8.6), (XSAYHDUWJZNFBVSMSVBYA, 7.0), (BKWIYQEYHVHOSBVYFOLMY, 6.7), (IVXCPSO, 6.0), (DGRHSEIFRVBBCLXCLZZXDGNEZWBANOOT, 4.2), (FDPYTIQVYLRQKKRCCZULONPTMWLHBLZ, 1.6), (BZPFDX, 8.7), (WUWRLTEEHDBJSFLYVLAQTHUJMP, 4.6), (RZSJSLU, 3.3), (SRVOVOFIHSVTUMRQN, 2.7), (BBVBKDYOLZDK, 5.1)].
Categoria history: [(CQBUAYGOAABUWKFZYXGDSKYT, 5.3), (GOBZVOEUESYQ, 4.7), (HRVNOWZOSPHEHOZORFKPINZYRK, 9.5), (GLATUFUYCSHODZX, 2.4), (BPOLBIMQDUFH, 4.4)].
