Serialul PKVVRIPXPXRDXNDEOZ a fost adaugat la pozitia 1.
Serialul DTIVUZJEAMVRIZZHANBILWUXLUYZYZ a fost adaugat la pozitia 1.
Categoria 1: [(PKVVRIPXPXRDXNDEOZ, 4.5)].
Categoria 3: [].
Serialul IGANAEK a fost adaugat la pozitia 1.
Serialul PPCKNIQVRGAJRZAZ a fost adaugat la pozitia 3.
Categoria 1: [(IGANAEK, 9.8), (PKVVRIPXPXRDXNDEOZ, 4.5), (PPCKNIQVRGAJRZAZ, 4.5)].
Categoria top10: [].
Serialul ROLGJEHJIVPYORJTSXLKQPP a fost adaugat la pozitia 1.
Serialul OJXLZFQBDCEUNQFKFREXD a fost adaugat la pozitia 1.
Categoria 3: [(ROLGJEHJIVPYORJTSXLKQPP, 3.6)].
Categoria 2: [(OJXLZFQBDCEUNQFKFREXD, 4.1), (DTIVUZJEAMVRIZZHANBILWUXLUYZYZ, 3.4)].
Serialul KKUOWBZWNSMXKACRCMYIRCSRE a fost adaugat la pozitia 3.
Serialul ZMTIGETYUNHBQMSCFGJMHAQGPU a fost adaugat la pozitia 3.
Categoria top10: [].
Categoria 3: [(ROLGJEHJIVPYORJTSXLKQPP, 3.6)].
