Serialul CTNCRQSLYTUHDZRJLSJBIXDJFZ a fost adaugat la pozitia 1.
Serialul BRREHMWDIQKPMCPBQGWCXCZQLUDK a fost adaugat la pozitia 1.
Categoria top10: [(MRFITZJJSOKGKWPJT, 6.4)].
Categoria top10: [(OSMQMEA, 1.7), (MRFITZJJSOKGKWPJT, 6.4)].
Categoria 2: [].
Categoria 1: [(CTNCRQSLYTUHDZRJLSJBIXDJFZ, 6.4)].
Categoria top10: [(OSMQMEA, 1.7), (MRFITZJJSOKGKWPJT, 6.4)].
Serialul CTNCRQSLYTUHDZRJLSJBIXDJFZ se afla in coada de asteptare pe pozitia 1.
Serialul MRFITZJJSOKGKWPJT se afla in coada de asteptare pe pozitia 2.
Serialul CTNCRQSLYTUHDZRJLSJBIXDJFZ are un sezon nou.
Serialul OSMQMEA are un sezon nou.
Serialul ZXUDBWLOIWRPPQHZHWMFV a fost adaugat la pozitia 1.
Serialul VLTUGGOAGHSVXXKHM a fost adaugat la pozitia 2.
Categoria top10: [(GXCHYYKCDWFNUFV, 4.2)].
Categoria top10: [(GXCHYYKCDWFNUFV, 4.2), (LHMSRSXRDDXZXWN, 8.5)].
Serialul CTNCRQSLYTUHDZRJLSJBIXDJFZ are un sezon nou.
Serialul ZXUDBWLOIWRPPQHZHWMFV are un sezon nou.
Categoria 2: [].
Categoria later: [].
Serialul VLTUGGOAGHSVXXKHM se afla in coada de asteptare pe pozitia 1.
Serialul UDDXKRPOBGWUDABKAOJLCD a fost adaugat la pozitia 1.
Serialul VFQPPRBNMQPFKWOKASXO a fost adaugat la pozitia 1.
Serialul GXCHYYKCDWFNUFV a fost vizionat integral.
Serialul MRFITZJJSOKGKWPJT are un sezon nou.
Serialul MRFITZJJSOKGKWPJT are un sezon nou.
Categoria top10: [(UJUMUMXGLKKMKKBPHN, 1.2)].
Categoria top10: [(UJUMUMXGLKKMKKBPHN, 1.2), (ULUPXHQYTAAKPAFLNZEGV, 4.8)].
Categoria later: [(VLTUGGOAGHSVXXKHM, 3.9)].
Categoria top10: [(UJUMUMXGLKKMKKBPHN, 1.2), (ULUPXHQYTAAKPAFLNZEGV, 4.8)].
Serialul UJUMUMXGLKKMKKBPHN se afla in coada de asteptare pe pozitia 2.
Serialul UDDXKRPOBGWUDABKAOJLCD se afla in coada de asteptare pe pozitia 3.
Serialul VFQPPRBNMQPFKWOKASXO a fost vizionat integral.
Serialul BRREHMWDIQKPMCPBQGWCXCZQLUDK are un sezon nou.
Serialul VLTUGGOAGHSVXXKHM are un sezon nou.
Serialul SOCVP a fost adaugat la pozitia 1.
Serialul ZPTVUACGWNMPHZEJGUCG a fost adaugat la pozitia 1.
Categoria top10: [(WMLVLEO, 4.7)].
Categoria top10: [(SXPCGHIZDUKQCROBBHV, 6.7), (WMLVLEO, 4.7)].
Serialul KZSHDMQJMEONMYULYTQWQAWOU a fost adaugat la pozitia 1.
Serialul BWTRSUPJONBSIGZHBATYUYSGSSH a fost adaugat la pozitia 1.
Serialul XTBMLPYXLILADYMVNOCBGTOYKPU a fost adaugat la pozitia 2.
Serialul ZNAOGJWCMK a fost adaugat la pozitia 1.
Serialul ZPTVUACGWNMPHZEJGUCG se afla in coada de asteptare pe pozitia 3.
Serialul UDDXKRPOBGWUDABKAOJLCD are un sezon nou.
Serialul LHMSRSXRDDXZXWN are un sezon nou.
Categoria 3: [(ZNAOGJWCMK, 10.0), (BWTRSUPJONBSIGZHBATYUYSGSSH, 9.9)].
Categoria later: [(UJUMUMXGLKKMKKBPHN, 1.2), (ZPTVUACGWNMPHZEJGUCG, 6.3)].
Categoria 1: [].
Categoria 2: [(SOCVP, 7.4)].
Serialul BWTRSUPJONBSIGZHBATYUYSGSSH se afla in coada de asteptare pe pozitia 3.
Categoria 3: [(ZNAOGJWCMK, 10.0)].
Categoria watching: [(UDDXKRPOBGWUDABKAOJLCD, 9.1), (KZSHDMQJMEONMYULYTQWQAWOU, 6.4), (ZXUDBWLOIWRPPQHZHWMFV, 4.1), (SOCVP, 7.4), (WMLVLEO, 4.7), (CTNCRQSLYTUHDZRJLSJBIXDJFZ, 6.4), (OSMQMEA, 1.7), (XTBMLPYXLILADYMVNOCBGTOYKPU, 1.0), (ULUPXHQYTAAKPAFLNZEGV, 4.8), (MRFITZJJSOKGKWPJT, 6.4), (LHMSRSXRDDXZXWN, 8.5), (VLTUGGOAGHSVXXKHM, 3.9), (BRREHMWDIQKPMCPBQGWCXCZQLUDK, 5.5)].
Categoria 2: [].
Categoria top10: [(SXPCGHIZDUKQCROBBHV, 6.7)].
Serialul CMENFUUTRAYPVCXUTQQZBPCYO a fost adaugat la pozitia 2.
Serialul NWKHHTVBMQTEOPJTFZ a fost adaugat la pozitia 3.
Categoria top10: [(SXPCGHIZDUKQCROBBHV, 6.7), (AFLYWPWIYPMABPVBZ, 2.8)].
Categoria top10: [(RBDKPYOJEAB, 6.4), (SXPCGHIZDUKQCROBBHV, 6.7), (AFLYWPWIYPMABPVBZ, 2.8)].
Categoria top10: [(RBDKPYOJEAB, 6.4), (SXPCGHIZDUKQCROBBHV, 6.7), (AFLYWPWIYPMABPVBZ, 2.8)].
Categoria 1: [].
Categoria history: [(VFQPPRBNMQPFKWOKASXO, 3.3), (GXCHYYKCDWFNUFV, 4.2)].
Serialul SXPCGHIZDUKQCROBBHV se afla in coada de asteptare pe pozitia 4.
Serialul RBDKPYOJEAB se afla in coada de asteptare pe pozitia 5.
Serialul CMENFUUTRAYPVCXUTQQZBPCYO a fost vizionat integral.
Serialul VLTUGGOAGHSVXXKHM are un sezon nou.
Serialul CTNCRQSLYTUHDZRJLSJBIXDJFZ are un sezon nou.
Serialul WXBEKHB a fost adaugat la pozitia 2.
Serialul CXZAAYDHPTKTVKNUNOZTHBKVDH a fost adaugat la pozitia 1.
Categoria top10: [(AFLYWPWIYPMABPVBZ, 2.8), (HWSJUXRHFP, 4.6)].
Categoria top10: [(FSPOEODFOIZRHGSSEA, 9.6), (AFLYWPWIYPMABPVBZ, 2.8), (HWSJUXRHFP, 4.6)].
Serialul ZXUDBWLOIWRPPQHZHWMFV a fost vizionat integral.
Serialul NWKHHTVBMQTEOPJTFZ a fost vizionat integral.
Serialul LHMSRSXRDDXZXWN are un sezon nou.
Serialul FSPOEODFOIZRHGSSEA are un sezon nou.
Categoria history: [(NWKHHTVBMQTEOPJTFZ, 5.8), (ZXUDBWLOIWRPPQHZHWMFV, 4.1), (CMENFUUTRAYPVCXUTQQZBPCYO, 8.1), (VFQPPRBNMQPFKWOKASXO, 3.3), (GXCHYYKCDWFNUFV, 4.2)].
Categoria later: [(ZPTVUACGWNMPHZEJGUCG, 6.3), (SXPCGHIZDUKQCROBBHV, 6.7), (RBDKPYOJEAB, 6.4)].
Serialul TAKAJ a fost adaugat la pozitia 1.
Serialul QEIVHRNIUCZIOWVHOOLPI a fost adaugat la pozitia 3.
Categoria top10: [(FSPOEODFOIZRHGSSEA, 9.6), (AFLYWPWIYPMABPVBZ, 2.8), (HWSJUXRHFP, 4.6), (YKOAO, 5.2)].
Categoria top10: [(OSHTGHKIXY, 4.0), (FSPOEODFOIZRHGSSEA, 9.6), (AFLYWPWIYPMABPVBZ, 2.8), (HWSJUXRHFP, 4.6), (YKOAO, 5.2)].
Categoria 3: [(ZNAOGJWCMK, 10.0), (WXBEKHB, 7.3), (QEIVHRNIUCZIOWVHOOLPI, 3.2)].
Categoria top10: [(OSHTGHKIXY, 4.0), (FSPOEODFOIZRHGSSEA, 9.6), (AFLYWPWIYPMABPVBZ, 2.8), (HWSJUXRHFP, 4.6), (YKOAO, 5.2)].
Categoria 1: [(TAKAJ, 3.2)].
Serialul ZNAOGJWCMK se afla in coada de asteptare pe pozitia 4.
Serialul HWSJUXRHFP se afla in coada de asteptare pe pozitia 5.
Serialul KZSHDMQJMEONMYULYTQWQAWOU a fost vizionat integral.
Serialul WXBEKHB are un sezon nou.
Serialul FSPOEODFOIZRHGSSEA are un sezon nou.
Serialul ISETAEDDIULYCJM a fost adaugat la pozitia 1.
Serialul NJPQSAZT a fost adaugat la pozitia 1.
Categoria top10: [(OSHTGHKIXY, 4.0), (FSPOEODFOIZRHGSSEA, 9.6), (TFVOPORXZLEXHHPUNBNIFZ, 5.3), (AFLYWPWIYPMABPVBZ, 2.8), (YKOAO, 5.2)].
Categoria top10: [(OSHTGHKIXY, 4.0), (FSPOEODFOIZRHGSSEA, 9.6), (TFVOPORXZLEXHHPUNBNIFZ, 5.3), (AFLYWPWIYPMABPVBZ, 2.8), (EXREHEIGYZUUCFTTHRTR, 9.4), (YKOAO, 5.2)].
Serialul SOCVP a fost vizionat integral.
Serialul AFLYWPWIYPMABPVBZ are un sezon nou.
Serialul VLTUGGOAGHSVXXKHM are un sezon nou.
Categoria history: [(SOCVP, 7.4), (KZSHDMQJMEONMYULYTQWQAWOU, 6.4), (NWKHHTVBMQTEOPJTFZ, 5.8), (ZXUDBWLOIWRPPQHZHWMFV, 4.1), (CMENFUUTRAYPVCXUTQQZBPCYO, 8.1), (VFQPPRBNMQPFKWOKASXO, 3.3), (GXCHYYKCDWFNUFV, 4.2)].
Categoria 3: [(ISETAEDDIULYCJM, 4.3), (QEIVHRNIUCZIOWVHOOLPI, 3.2)].
