Serialul EJPRPBEXNGCJHUACEMWJODROYOVLTV a fost adaugat la pozitia 1.
Serialul MTTYGBKOYANAVP a fost adaugat la pozitia 2.
Categoria top10: [(CNOGBODJMQNZSZBZRQDSVIYXLJ, 8.1)].
Categoria top10: [(WAXSKJSTGMYRBZMQIQFQRYICJY, 7.7), (CNOGBODJMQNZSZBZRQDSVIYXLJ, 8.1)].
Categoria later: [].
Categoria top10: [(WAXSKJSTGMYRBZMQIQFQRYICJY, 7.7), (CNOGBODJMQNZSZBZRQDSVIYXLJ, 8.1)].
Categoria 1: [(EJPRPBEXNGCJHUACEMWJODROYOVLTV, 7.0), (MTTYGBKOYANAVP, 5.3)].
Serialul CNOGBODJMQNZSZBZRQDSVIYXLJ se afla in coada de asteptare pe pozitia 1.
Serialul EJPRPBEXNGCJHUACEMWJODROYOVLTV se afla in coada de asteptare pe pozitia 2.
Serialul MTTYGBKOYANAVP are un sezon nou.
Serialul EJPRPBEXNGCJHUACEMWJODROYOVLTV are un sezon nou.
Serialul YWQCOIMGYBAOETR a fost adaugat la pozitia 1.
Serialul IOQNRSH a fost adaugat la pozitia 1.
Categoria top10: [(BVWPZRY, 9.5), (WAXSKJSTGMYRBZMQIQFQRYICJY, 7.7)].
Categoria top10: [(BVWPZRY, 9.5), (WAXSKJSTGMYRBZMQIQFQRYICJY, 7.7), (SUZWONGBFNWUGBURKYFXOY, 3.3)].
Serialul MTTYGBKOYANAVP are un sezon nou.
Serialul SUZWONGBFNWUGBURKYFXOY are un sezon nou.
Categoria top10: [].
Categoria later: [].
Serialul YWQCOIMGYBAOETR se afla in coada de asteptare pe pozitia 1.
Serialul IOQNRSH se afla in coada de asteptare pe pozitia 2.
Serialul OIBABPZNGQJVJ a fost adaugat la pozitia 1.
Serialul FYNCVCZYPY a fost adaugat la pozitia 1.
Serialul CNOGBODJMQNZSZBZRQDSVIYXLJ are un sezon nou.
Serialul EJPRPBEXNGCJHUACEMWJODROYOVLTV are un sezon nou.
Categoria top10: [(DTBVSGUKNPZTHEXJGZVXOJV, 6.0)].
Categoria top10: [(MKUSPHHPYWAVKNHVWPRRITCEWWYBC, 4.2), (DTBVSGUKNPZTHEXJGZVXOJV, 6.0)].
Categoria top10: [(MKUSPHHPYWAVKNHVWPRRITCEWWYBC, 4.2), (DTBVSGUKNPZTHEXJGZVXOJV, 6.0)].
Categoria 2: [(FYNCVCZYPY, 2.1)].
Serialul MKUSPHHPYWAVKNHVWPRRITCEWWYBC se afla in coada de asteptare pe pozitia 2.
Serialul FYNCVCZYPY se afla in coada de asteptare pe pozitia 3.
Serialul BVWPZRY are un sezon nou.
Serialul WAXSKJSTGMYRBZMQIQFQRYICJY are un sezon nou.
Serialul AQOIHKNXUYPQGDQVKMQJJO a fost adaugat la pozitia 1.
Serialul WFBNHQBWWXHKYBMVIUZRLNYZOKKOV a fost adaugat la pozitia 2.
Categoria top10: [(CMTRGRFXUEDLAEBIXTQZPAQNJJXMJT, 6.0), (DTBVSGUKNPZTHEXJGZVXOJV, 6.0)].
Categoria top10: [(CMTRGRFXUEDLAEBIXTQZPAQNJJXMJT, 6.0), (DTBVSGUKNPZTHEXJGZVXOJV, 6.0), (GIPRKUCQELYZT, 2.8)].
Serialul MGVJCPDXECIR a fost adaugat la pozitia 1.
Serialul WOCZKLJNMIXSOKLJQPZQMGF a fost adaugat la pozitia 1.
Serialul JJNAPZKBKJYOO a fost adaugat la pozitia 1.
Serialul SHQTGBVDOWCMCTVAZUTREIYXYG a fost adaugat la pozitia 2.
Serialul GIPRKUCQELYZT se afla in coada de asteptare pe pozitia 4.
Serialul FYNCVCZYPY a fost vizionat integral.
Serialul MKUSPHHPYWAVKNHVWPRRITCEWWYBC are un sezon nou.
Serialul SHQTGBVDOWCMCTVAZUTREIYXYG are un sezon nou.
Serialul SUZWONGBFNWUGBURKYFXOY a fost vizionat integral.
Categoria 1: [(JJNAPZKBKJYOO, 7.4)].
Categoria 3: [].
Categoria watching: [(SHQTGBVDOWCMCTVAZUTREIYXYG, 2.3), (WOCZKLJNMIXSOKLJQPZQMGF, 7.7), (IOQNRSH, 3.9), (MGVJCPDXECIR, 7.5), (GIPRKUCQELYZT, 2.8), (CNOGBODJMQNZSZBZRQDSVIYXLJ, 8.1), (EJPRPBEXNGCJHUACEMWJODROYOVLTV, 7.0), (OIBABPZNGQJVJ, 2.1), (MTTYGBKOYANAVP, 5.3), (WAXSKJSTGMYRBZMQIQFQRYICJY, 7.7), (BVWPZRY, 9.5)].
Categoria later: [(YWQCOIMGYBAOETR, 7.6), (MKUSPHHPYWAVKNHVWPRRITCEWWYBC, 4.2)].
Serialul DTBVSGUKNPZTHEXJGZVXOJV se afla in coada de asteptare pe pozitia 3.
Categoria watching: [(DTBVSGUKNPZTHEXJGZVXOJV, 6.0), (BVWPZRY, 9.5), (MTTYGBKOYANAVP, 5.3), (MGVJCPDXECIR, 7.5), (SHQTGBVDOWCMCTVAZUTREIYXYG, 2.3), (WOCZKLJNMIXSOKLJQPZQMGF, 7.7), (IOQNRSH, 3.9), (GIPRKUCQELYZT, 2.8), (CNOGBODJMQNZSZBZRQDSVIYXLJ, 8.1), (EJPRPBEXNGCJHUACEMWJODROYOVLTV, 7.0), (OIBABPZNGQJVJ, 2.1), (WAXSKJSTGMYRBZMQIQFQRYICJY, 7.7)].
Categoria top10: [(CMTRGRFXUEDLAEBIXTQZPAQNJJXMJT, 6.0)].
Categoria later: [(YWQCOIMGYBAOETR, 7.6), (MKUSPHHPYWAVKNHVWPRRITCEWWYBC, 4.2)].
Categoria history: [(SUZWONGBFNWUGBURKYFXOY, 3.3), (FYNCVCZYPY, 2.1)].
Serialul BTNKPYHJCGDUJCPLRXLEO a fost adaugat la pozitia 3.
Serialul AEXWEJXERPJVNZXQY a fost adaugat la pozitia 2.
Categoria top10: [(CMTRGRFXUEDLAEBIXTQZPAQNJJXMJT, 6.0), (AXEZGERVGQQLEWJKZDABEWOVC, 7.5)].
Categoria top10: [(CMTRGRFXUEDLAEBIXTQZPAQNJJXMJT, 6.0), (AXEZGERVGQQLEWJKZDABEWOVC, 7.5), (RTPQCUELKDLBIM, 7.4)].
Categoria top10: [(CMTRGRFXUEDLAEBIXTQZPAQNJJXMJT, 6.0), (AXEZGERVGQQLEWJKZDABEWOVC, 7.5), (RTPQCUELKDLBIM, 7.4)].
Categoria 2: [(AQOIHKNXUYPQGDQVKMQJJO, 5.5), (WFBNHQBWWXHKYBMVIUZRLNYZOKKOV, 1.9), (BTNKPYHJCGDUJCPLRXLEO, 1.6)].
Categoria 1: [(JJNAPZKBKJYOO, 7.4), (AEXWEJXERPJVNZXQY, 6.8)].
Serialul AQOIHKNXUYPQGDQVKMQJJO se afla in coada de asteptare pe pozitia 3.
Serialul WFBNHQBWWXHKYBMVIUZRLNYZOKKOV se afla in coada de asteptare pe pozitia 4.
Serialul BVWPZRY a fost vizionat integral.
Serialul OIBABPZNGQJVJ are un sezon nou.
Serialul EJPRPBEXNGCJHUACEMWJODROYOVLTV are un sezon nou.
Serialul CTBPIVGJEEVAQMNYIUQCIRKNJSZY a fost adaugat la pozitia 2.
Serialul TLVJBFSELMZUXOVDIGPLLGVKDFBLGK a fost adaugat la pozitia 1.
Categoria top10: [(DWAXRR, 3.9), (CMTRGRFXUEDLAEBIXTQZPAQNJJXMJT, 6.0), (AXEZGERVGQQLEWJKZDABEWOVC, 7.5), (RTPQCUELKDLBIM, 7.4)].
Categoria top10: [(DWAXRR, 3.9), (CMTRGRFXUEDLAEBIXTQZPAQNJJXMJT, 6.0), (OUSDMHJGZGOUUVTVWHCEQJP, 1.1), (AXEZGERVGQQLEWJKZDABEWOVC, 7.5), (RTPQCUELKDLBIM, 7.4)].
Serialul AEXWEJXERPJVNZXQY a fost vizionat integral.
Serialul JJNAPZKBKJYOO are un sezon nou.
Serialul MTTYGBKOYANAVP are un sezon nou.
Serialul DTBVSGUKNPZTHEXJGZVXOJV a fost vizionat integral.
Categoria history: [(DTBVSGUKNPZTHEXJGZVXOJV, 6.0), (AEXWEJXERPJVNZXQY, 6.8), (BVWPZRY, 9.5), (SUZWONGBFNWUGBURKYFXOY, 3.3), (FYNCVCZYPY, 2.1)].
Categoria top10: [(DWAXRR, 3.9), (OUSDMHJGZGOUUVTVWHCEQJP, 1.1), (AXEZGERVGQQLEWJKZDABEWOVC, 7.5), (RTPQCUELKDLBIM, 7.4)].
