Serialul EIIYBKOQYQXZEOE a fost adaugat la pozitia 1.
Serialul CPMIOSGJDCZOBIPLYCZKKMCY a fost adaugat la pozitia 1.
Categoria 1: [(CPMIOSGJDCZOBIPLYCZKKMCY, 2.6)].
Categoria top10: [].
Serialul OLXJCLKNBGOLVWRVMYFV a fost adaugat la pozitia 1.
Serialul UFERNRYZHUVOBRLGYIJ a fost adaugat la pozitia 1.
Categoria 3: [(EIIYBKOQYQXZEOE, 5.9)].
Categoria 1: [(OLXJCLKNBGOLVWRVMYFV, 4.9), (CPMIOSGJDCZOBIPLYCZKKMCY, 2.6)].
Serialul WMGTFUKDODKRIXHJFFILGCSXPHBXADQE a fost adaugat la pozitia 1.
Serialul EWSOKCAIMVKLBQJGUXARV a fost adaugat la pozitia 1.
Categoria 3: [(EIIYBKOQYQXZEOE, 5.9)].
Categoria 2: [(WMGTFUKDODKRIXHJFFILGCSXPHBXADQE, 6.3), (UFERNRYZHUVOBRLGYIJ, 2.0)].
Serialul JCGWZMJJCSSFA a fost adaugat la pozitia 2.
Serialul OOTXTGZZKXQPEMUASXFCRQNRUNCQ a fost adaugat la pozitia 1.
Categoria top10: [].
Categoria 3: [(EIIYBKOQYQXZEOE, 5.9)].
Serialul SOVSGDOXQQNQPBWXEVMPVSOXZOTQ a fost adaugat la pozitia 1.
Serialul VKYWLX a fost adaugat la pozitia 2.
Categoria 2: [(SOVSGDOXQQNQPBWXEVMPVSOXZOTQ, 9.7), (VKYWLX, 9.7), (OOTXTGZZKXQPEMUASXFCRQNRUNCQ, 6.3), (WMGTFUKDODKRIXHJFFILGCSXPHBXADQE, 6.3), (JCGWZMJJCSSFA, 5.0), (UFERNRYZHUVOBRLGYIJ, 2.0)].
Categoria 3: [(EIIYBKOQYQXZEOE, 5.9)].
Serialul XLUROXYVXJI a fost adaugat la pozitia 1.
Serialul ZDWWRKTBUGNNGSK a fost adaugat la pozitia 2.
Categoria top10: [].
Categoria 2: [(SOVSGDOXQQNQPBWXEVMPVSOXZOTQ, 9.7), (VKYWLX, 9.7), (OOTXTGZZKXQPEMUASXFCRQNRUNCQ, 6.3), (WMGTFUKDODKRIXHJFFILGCSXPHBXADQE, 6.3), (JCGWZMJJCSSFA, 5.0), (UFERNRYZHUVOBRLGYIJ, 2.0)].
Serialul LZWUDOTHZYOGMWXUR a fost adaugat la pozitia 4.
Serialul BTWZSZZKNMPLHI a fost adaugat la pozitia 4.
Categoria 3: [(XLUROXYVXJI, 9.6), (ZDWWRKTBUGNNGSK, 6.6), (EIIYBKOQYQXZEOE, 5.9), (LZWUDOTHZYOGMWXUR, 5.5)].
Categoria 1: [(EWSOKCAIMVKLBQJGUXARV, 7.5), (OLXJCLKNBGOLVWRVMYFV, 4.9), (CPMIOSGJDCZOBIPLYCZKKMCY, 2.6), (BTWZSZZKNMPLHI, 2.3)].
Serialul FZVIZZUFTPX a fost adaugat la pozitia 3.
Serialul TULQVL a fost adaugat la pozitia 3.
Categoria 1: [(EWSOKCAIMVKLBQJGUXARV, 7.5), (OLXJCLKNBGOLVWRVMYFV, 4.9), (TULQVL, 4.2), (CPMIOSGJDCZOBIPLYCZKKMCY, 2.6), (BTWZSZZKNMPLHI, 2.3)].
Categoria 2: [(SOVSGDOXQQNQPBWXEVMPVSOXZOTQ, 9.7), (VKYWLX, 9.7), (FZVIZZUFTPX, 6.4), (OOTXTGZZKXQPEMUASXFCRQNRUNCQ, 6.3), (WMGTFUKDODKRIXHJFFILGCSXPHBXADQE, 6.3), (JCGWZMJJCSSFA, 5.0), (UFERNRYZHUVOBRLGYIJ, 2.0)].
Categoria top10: [].
Categoria 3: [(XLUROXYVXJI, 9.6), (ZDWWRKTBUGNNGSK, 6.6), (EIIYBKOQYQXZEOE, 5.9), (LZWUDOTHZYOGMWXUR, 5.5)].
Serialul YMTJHQM a fost adaugat la pozitia 5.
Serialul NMHJMRDTLGEPCHQ a fost adaugat la pozitia 3.
Categoria top10: [].
Categoria 2: [(SOVSGDOXQQNQPBWXEVMPVSOXZOTQ, 9.7), (VKYWLX, 9.7), (NMHJMRDTLGEPCHQ, 9.0), (FZVIZZUFTPX, 6.4), (OOTXTGZZKXQPEMUASXFCRQNRUNCQ, 6.3), (WMGTFUKDODKRIXHJFFILGCSXPHBXADQE, 6.3), (JCGWZMJJCSSFA, 5.0), (UFERNRYZHUVOBRLGYIJ, 2.0)].
Serialul BQCWLQCDRXFZWVDGARU a fost adaugat la pozitia 1.
Serialul JVSVTYHMYTGEOEAKCQVZUGXIAUIN a fost adaugat la pozitia 8.
Categoria top10: [].
Categoria 3: [(XLUROXYVXJI, 9.6), (ZDWWRKTBUGNNGSK, 6.6), (EIIYBKOQYQXZEOE, 5.9), (LZWUDOTHZYOGMWXUR, 5.5), (YMTJHQM, 2.2)].
Serialul QSPLMAQYZNOJRLBTFIG a fost adaugat la pozitia 1.
Serialul JVUKGLOATLILYJATR a fost adaugat la pozitia 5.
Categoria 3: [(QSPLMAQYZNOJRLBTFIG, 10.0), (XLUROXYVXJI, 9.6), (ZDWWRKTBUGNNGSK, 6.6), (EIIYBKOQYQXZEOE, 5.9), (LZWUDOTHZYOGMWXUR, 5.5), (YMTJHQM, 2.2)].
Categoria 2: [(SOVSGDOXQQNQPBWXEVMPVSOXZOTQ, 9.7), (VKYWLX, 9.7), (NMHJMRDTLGEPCHQ, 9.0), (FZVIZZUFTPX, 6.4), (OOTXTGZZKXQPEMUASXFCRQNRUNCQ, 6.3), (WMGTFUKDODKRIXHJFFILGCSXPHBXADQE, 6.3), (JCGWZMJJCSSFA, 5.0), (JVSVTYHMYTGEOEAKCQVZUGXIAUIN, 4.8), (UFERNRYZHUVOBRLGYIJ, 2.0)].
Categoria 1: [(BQCWLQCDRXFZWVDGARU, 8.5), (EWSOKCAIMVKLBQJGUXARV, 7.5), (OLXJCLKNBGOLVWRVMYFV, 4.9), (TULQVL, 4.2), (JVUKGLOATLILYJATR, 2.7), (CPMIOSGJDCZOBIPLYCZKKMCY, 2.6), (BTWZSZZKNMPLHI, 2.3)].
Serialul HMGCKT a fost adaugat la pozitia 6.
Serialul OJBIMCJDVN a fost adaugat la pozitia 3.
Categoria 3: [(QSPLMAQYZNOJRLBTFIG, 10.0), (XLUROXYVXJI, 9.6), (OJBIMCJDVN, 8.4), (ZDWWRKTBUGNNGSK, 6.6), (EIIYBKOQYQXZEOE, 5.9), (LZWUDOTHZYOGMWXUR, 5.5), (HMGCKT, 2.6), (YMTJHQM, 2.2)].
Categoria 1: [(BQCWLQCDRXFZWVDGARU, 8.5), (EWSOKCAIMVKLBQJGUXARV, 7.5), (OLXJCLKNBGOLVWRVMYFV, 4.9), (TULQVL, 4.2), (JVUKGLOATLILYJATR, 2.7), (CPMIOSGJDCZOBIPLYCZKKMCY, 2.6), (BTWZSZZKNMPLHI, 2.3)].
Serialul ISRTDPYNPMJIOPVYOMJDJGILEJOE a fost adaugat la pozitia 3.
Serialul JTQEYVYBDSQHTBBZWBOQJKFVPYHEF a fost adaugat la pozitia 11.
Categoria top10: [].
Categoria 1: [(BQCWLQCDRXFZWVDGARU, 8.5), (EWSOKCAIMVKLBQJGUXARV, 7.5), (OLXJCLKNBGOLVWRVMYFV, 4.9), (TULQVL, 4.2), (JVUKGLOATLILYJATR, 2.7), (CPMIOSGJDCZOBIPLYCZKKMCY, 2.6), (BTWZSZZKNMPLHI, 2.3)].
Serialul XAVTJXJHMPTFYZJBDCVSIXIZ a fost adaugat la pozitia 6.
Serialul WUBGSADHFYL a fost adaugat la pozitia 8.
Categoria 1: [(BQCWLQCDRXFZWVDGARU, 8.5), (EWSOKCAIMVKLBQJGUXARV, 7.5), (OLXJCLKNBGOLVWRVMYFV, 4.9), (TULQVL, 4.2), (JVUKGLOATLILYJATR, 2.7), (XAVTJXJHMPTFYZJBDCVSIXIZ, 2.7), (CPMIOSGJDCZOBIPLYCZKKMCY, 2.6), (BTWZSZZKNMPLHI, 2.3)].
Categoria top10: [].
Serialul QNPSIGTSXWKUIGYKW a fost adaugat la pozitia 2.
Serialul VMYREI a fost adaugat la pozitia 6.
Categoria 1: [(BQCWLQCDRXFZWVDGARU, 8.5), (QNPSIGTSXWKUIGYKW, 8.1), (EWSOKCAIMVKLBQJGUXARV, 7.5), (OLXJCLKNBGOLVWRVMYFV, 4.9), (TULQVL, 4.2), (VMYREI, 4.2), (JVUKGLOATLILYJATR, 2.7), (XAVTJXJHMPTFYZJBDCVSIXIZ, 2.7), (CPMIOSGJDCZOBIPLYCZKKMCY, 2.6), (BTWZSZZKNMPLHI, 2.3)].
Categoria 3: [(QSPLMAQYZNOJRLBTFIG, 10.0), (XLUROXYVXJI, 9.6), (OJBIMCJDVN, 8.4), (ZDWWRKTBUGNNGSK, 6.6), (EIIYBKOQYQXZEOE, 5.9), (LZWUDOTHZYOGMWXUR, 5.5), (HMGCKT, 2.6), (YMTJHQM, 2.2)].
Serialul EQCFPQU a fost adaugat la pozitia 5.
Serialul RNZHMEQSWFBUWTWQWBTVACDCQ a fost adaugat la pozitia 4.
Categoria 3: [(QSPLMAQYZNOJRLBTFIG, 10.0), (XLUROXYVXJI, 9.6), (OJBIMCJDVN, 8.4), (ZDWWRKTBUGNNGSK, 6.6), (EIIYBKOQYQXZEOE, 5.9), (LZWUDOTHZYOGMWXUR, 5.5), (HMGCKT, 2.6), (YMTJHQM, 2.2)].
Categoria 1: [(BQCWLQCDRXFZWVDGARU, 8.5), (QNPSIGTSXWKUIGYKW, 8.1), (EWSOKCAIMVKLBQJGUXARV, 7.5), (RNZHMEQSWFBUWTWQWBTVACDCQ, 5.5), (OLXJCLKNBGOLVWRVMYFV, 4.9), (TULQVL, 4.2), (VMYREI, 4.2), (JVUKGLOATLILYJATR, 2.7), (XAVTJXJHMPTFYZJBDCVSIXIZ, 2.7), (CPMIOSGJDCZOBIPLYCZKKMCY, 2.6), (BTWZSZZKNMPLHI, 2.3)].
Categoria 2: [(SOVSGDOXQQNQPBWXEVMPVSOXZOTQ, 9.7), (VKYWLX, 9.7), (ISRTDPYNPMJIOPVYOMJDJGILEJOE, 9.6), (NMHJMRDTLGEPCHQ, 9.0), (EQCFPQU, 8.2), (FZVIZZUFTPX, 6.4), (OOTXTGZZKXQPEMUASXFCRQNRUNCQ, 6.3), (WMGTFUKDODKRIXHJFFILGCSXPHBXADQE, 6.3), (WUBGSADHFYL, 5.7), (JCGWZMJJCSSFA, 5.0), (JVSVTYHMYTGEOEAKCQVZUGXIAUIN, 4.8), (UFERNRYZHUVOBRLGYIJ, 2.0), (JTQEYVYBDSQHTBBZWBOQJKFVPYHEF, 1.2)].
Categoria top10: [].
