Serialul NQFQNMZGJQS a fost adaugat la pozitia 1.
Serialul IULOOHNC a fost adaugat la pozitia 1.
Categoria top10: [(LIFPWRVORNCPCPUYYRUBRI, 9.3)].
Categoria top10: [(LIFPWRVORNCPCPUYYRUBRI, 9.3), (ZPNPEUFSUSRWSVNSPAXEHGOHHCBQFYE, 3.2)].
Categoria top10: [(LIFPWRVORNCPCPUYYRUBRI, 9.3), (ZPNPEUFSUSRWSVNSPAXEHGOHHCBQFYE, 3.2)].
Categoria 3: [(NQFQNMZGJQS, 7.6)].
Categoria 2: [].
Serialul LIFPWRVORNCPCPUYYRUBRI se afla in coada de asteptare pe pozitia 1.
Serialul IULOOHNC se afla in coada de asteptare pe pozitia 2.
Serialul PMNLKAOQMBVBQIZGKQJMVJCUTTXBDAY a fost adaugat la pozitia 1.
Serialul FXPCNRWQKTPRVCEGYMJR a fost adaugat la pozitia 2.
Categoria top10: [(XCWNMHONLUY, 4.4), (ZPNPEUFSUSRWSVNSPAXEHGOHHCBQFYE, 3.2)].
Categoria top10: [(XCWNMHONLUY, 4.4), (FQABRZD, 3.2), (ZPNPEUFSUSRWSVNSPAXEHGOHHCBQFYE, 3.2)].
Categoria top10: [(XCWNMHONLUY, 4.4), (FQABRZD, 3.2), (ZPNPEUFSUSRWSVNSPAXEHGOHHCBQFYE, 3.2)].
Categoria 2: [].
Serialul XCWNMHONLUY se afla in coada de asteptare pe pozitia 3.
Serialul ZPNPEUFSUSRWSVNSPAXEHGOHHCBQFYE se afla in coada de asteptare pe pozitia 4.
Serialul NJJPPGKOXJRBTT a fost adaugat la pozitia 1.
Serialul ZBPBWVUECELWM a fost adaugat la pozitia 1.
Categoria top10: [(QSOFDEYXXZEPOET, 8.0), (FQABRZD, 3.2)].
Categoria top10: [(QSOFDEYXXZEPOET, 8.0), (FQABRZD, 3.2), (VBNCUVYLBWLEYMHVEQDFYUINMUPERCSU, 4.4)].
Categoria later: [(LIFPWRVORNCPCPUYYRUBRI, 9.3), (IULOOHNC, 4.9), (XCWNMHONLUY, 4.4), (ZPNPEUFSUSRWSVNSPAXEHGOHHCBQFYE, 3.2)].
Categoria 1: [(PMNLKAOQMBVBQIZGKQJMVJCUTTXBDAY, 5.5), (FXPCNRWQKTPRVCEGYMJR, 3.8)].
Serialul FXPCNRWQKTPRVCEGYMJR se afla in coada de asteptare pe pozitia 5.
Serialul FQABRZD se afla in coada de asteptare pe pozitia 6.
Serialul BJJFNCYIJHBLERQZA a fost adaugat la pozitia 3.
Serialul UROVI a fost adaugat la pozitia 1.
Categoria top10: [(VYSME, 1.9), (QSOFDEYXXZEPOET, 8.0), (VBNCUVYLBWLEYMHVEQDFYUINMUPERCSU, 4.4)].
Categoria top10: [(GCXEDZASEQBXYTBOJPRTU, 6.7), (VYSME, 1.9), (QSOFDEYXXZEPOET, 8.0), (VBNCUVYLBWLEYMHVEQDFYUINMUPERCSU, 4.4)].
Serialul GMSBZDZTOWAUGQNY a fost adaugat la pozitia 5.
Serialul GQQNVSIJJOMNEEOWFMTZVZURQYOLKJAR a fost adaugat la pozitia 1.
Serialul ATCSNZXRQMFXLJX a fost adaugat la pozitia 1.
Serialul LLBNTZNCRYXHD a fost adaugat la pozitia 1.
Serialul VYSME se afla in coada de asteptare pe pozitia 7.
Categoria later: [(LIFPWRVORNCPCPUYYRUBRI, 9.3), (IULOOHNC, 4.9), (XCWNMHONLUY, 4.4), (ZPNPEUFSUSRWSVNSPAXEHGOHHCBQFYE, 3.2), (FXPCNRWQKTPRVCEGYMJR, 3.8), (FQABRZD, 3.2), (VYSME, 1.9)].
Categoria 2: [(GQQNVSIJJOMNEEOWFMTZVZURQYOLKJAR, 9.9), (NJJPPGKOXJRBTT, 3.1)].
Categoria top10: [(GCXEDZASEQBXYTBOJPRTU, 6.7), (QSOFDEYXXZEPOET, 8.0), (VBNCUVYLBWLEYMHVEQDFYUINMUPERCSU, 4.4)].
Categoria 1: [(LLBNTZNCRYXHD, 9.0), (ATCSNZXRQMFXLJX, 7.3), (PMNLKAOQMBVBQIZGKQJMVJCUTTXBDAY, 5.5)].
Serialul SFBTCSVRVCYCIDGUBBC a fost adaugat la pozitia 1.
Serialul VZNXWTLSUEXCREZQOOHHW a fost adaugat la pozitia 4.
Categoria top10: [(GCXEDZASEQBXYTBOJPRTU, 6.7), (QSOFDEYXXZEPOET, 8.0), (VBNCUVYLBWLEYMHVEQDFYUINMUPERCSU, 4.4), (MRKNDQEQASXAVHCOXXKHATYADG, 1.4)].
Categoria top10: [(GCXEDZASEQBXYTBOJPRTU, 6.7), (NNVVTLVSZGCKTXY, 5.9), (QSOFDEYXXZEPOET, 8.0), (VBNCUVYLBWLEYMHVEQDFYUINMUPERCSU, 4.4), (MRKNDQEQASXAVHCOXXKHATYADG, 1.4)].
Categoria later: [(LIFPWRVORNCPCPUYYRUBRI, 9.3), (IULOOHNC, 4.9), (XCWNMHONLUY, 4.4), (ZPNPEUFSUSRWSVNSPAXEHGOHHCBQFYE, 3.2), (FXPCNRWQKTPRVCEGYMJR, 3.8), (FQABRZD, 3.2), (VYSME, 1.9)].
Categoria top10: [(GCXEDZASEQBXYTBOJPRTU, 6.7), (NNVVTLVSZGCKTXY, 5.9), (QSOFDEYXXZEPOET, 8.0), (VBNCUVYLBWLEYMHVEQDFYUINMUPERCSU, 4.4), (MRKNDQEQASXAVHCOXXKHATYADG, 1.4)].
Categoria 3: [(SFBTCSVRVCYCIDGUBBC, 9.1), (UROVI, 8.6), (ZBPBWVUECELWM, 8.2), (VZNXWTLSUEXCREZQOOHHW, 8.0), (NQFQNMZGJQS, 7.6), (BJJFNCYIJHBLERQZA, 5.6), (GMSBZDZTOWAUGQNY, 4.4)].
Serialul SFBTCSVRVCYCIDGUBBC se afla in coada de asteptare pe pozitia 8.
Serialul MRKNDQEQASXAVHCOXXKHATYADG se afla in coada de asteptare pe pozitia 9.
Serialul UDOGCWUBPAYQN a fost adaugat la pozitia 4.
Serialul IFJGVZOBFCNZRCTWD a fost adaugat la pozitia 1.
Categoria top10: [(GCXEDZASEQBXYTBOJPRTU, 6.7), (NNVVTLVSZGCKTXY, 5.9), (QSOFDEYXXZEPOET, 8.0), (VBNCUVYLBWLEYMHVEQDFYUINMUPERCSU, 4.4), (HFFHMJEOA, 2.5)].
Categoria top10: [(GCXEDZASEQBXYTBOJPRTU, 6.7), (NNVVTLVSZGCKTXY, 5.9), (QSOFDEYXXZEPOET, 8.0), (VBNCUVYLBWLEYMHVEQDFYUINMUPERCSU, 4.4), (WGBHNNTBKTIPXJA, 5.8), (HFFHMJEOA, 2.5)].
Categoria later: [(LIFPWRVORNCPCPUYYRUBRI, 9.3), (IULOOHNC, 4.9), (XCWNMHONLUY, 4.4), (ZPNPEUFSUSRWSVNSPAXEHGOHHCBQFYE, 3.2), (FXPCNRWQKTPRVCEGYMJR, 3.8), (FQABRZD, 3.2), (VYSME, 1.9), (SFBTCSVRVCYCIDGUBBC, 9.1), (MRKNDQEQASXAVHCOXXKHATYADG, 1.4)].
Categoria top10: [(GCXEDZASEQBXYTBOJPRTU, 6.7), (NNVVTLVSZGCKTXY, 5.9), (QSOFDEYXXZEPOET, 8.0), (VBNCUVYLBWLEYMHVEQDFYUINMUPERCSU, 4.4), (WGBHNNTBKTIPXJA, 5.8), (HFFHMJEOA, 2.5)].
Serialul VBNCUVYLBWLEYMHVEQDFYUINMUPERCSU se afla in coada de asteptare pe pozitia 10.
Serialul QSOFDEYXXZEPOET se afla in coada de asteptare pe pozitia 11.
Serialul TMPANEWUWWDEXLCYDBWSGHXJQUNRSACK a fost adaugat la pozitia 3.
Serialul TCXUOSCTZEPWADBZB a fost adaugat la pozitia 8.
Categoria top10: [(GCXEDZASEQBXYTBOJPRTU, 6.7), (NNVVTLVSZGCKTXY, 5.9), (WGBHNNTBKTIPXJA, 5.8), (LEGAJABBLKAVTB, 8.0), (HFFHMJEOA, 2.5)].
Categoria top10: [(GEULVZVUKLELYCNNF, 4.9), (GCXEDZASEQBXYTBOJPRTU, 6.7), (NNVVTLVSZGCKTXY, 5.9), (WGBHNNTBKTIPXJA, 5.8), (LEGAJABBLKAVTB, 8.0), (HFFHMJEOA, 2.5)].
Categoria top10: [(GEULVZVUKLELYCNNF, 4.9), (GCXEDZASEQBXYTBOJPRTU, 6.7), (NNVVTLVSZGCKTXY, 5.9), (WGBHNNTBKTIPXJA, 5.8), (LEGAJABBLKAVTB, 8.0), (HFFHMJEOA, 2.5)].
Categoria 2: [(GQQNVSIJJOMNEEOWFMTZVZURQYOLKJAR, 9.9), (NJJPPGKOXJRBTT, 3.1)].
Serialul NJJPPGKOXJRBTT se afla in coada de asteptare pe pozitia 12.
Serialul IFJGVZOBFCNZRCTWD se afla in coada de asteptare pe pozitia 13.
Serialul MQKSHIMKYFHEEDFXDZHZU a fost adaugat la pozitia 2.
Serialul TXDKM a fost adaugat la pozitia 2.
Categoria top10: [(GEULVZVUKLELYCNNF, 4.9), (GCXEDZASEQBXYTBOJPRTU, 6.7), (NNVVTLVSZGCKTXY, 5.9), (WGBHNNTBKTIPXJA, 5.8), (YRJVNB, 2.7), (LEGAJABBLKAVTB, 8.0), (HFFHMJEOA, 2.5)].
Categoria top10: [(GEULVZVUKLELYCNNF, 4.9), (GCXEDZASEQBXYTBOJPRTU, 6.7), (NNVVTLVSZGCKTXY, 5.9), (WGBHNNTBKTIPXJA, 5.8), (YRJVNB, 2.7), (LEGAJABBLKAVTB, 8.0), (TDFNFCBWVMGZRBNEYOCFPZPKE, 3.4), (HFFHMJEOA, 2.5)].
Serialul FYFLLVXXFNRXIIWZMEJVLJLUDCX a fost adaugat la pozitia 2.
Serialul UAWMW a fost adaugat la pozitia 5.
Serialul BAUWNXJKEJWATKPDLSQJIN a fost adaugat la pozitia 2.
Serialul EERQEYHEJHAINXCEIJWOMW a fost adaugat la pozitia 3.
Serialul TCXUOSCTZEPWADBZB se afla in coada de asteptare pe pozitia 14.
Categoria 1: [(LLBNTZNCRYXHD, 9.0), (TXDKM, 7.4), (ATCSNZXRQMFXLJX, 7.3), (TMPANEWUWWDEXLCYDBWSGHXJQUNRSACK, 5.7), (PMNLKAOQMBVBQIZGKQJMVJCUTTXBDAY, 5.5), (UDOGCWUBPAYQN, 3.0)].
Categoria 3: [(UROVI, 8.6), (ZBPBWVUECELWM, 8.2), (VZNXWTLSUEXCREZQOOHHW, 8.0), (NQFQNMZGJQS, 7.6), (UAWMW, 7.4), (BJJFNCYIJHBLERQZA, 5.6), (GMSBZDZTOWAUGQNY, 4.4)].
Categoria 2: [(GQQNVSIJJOMNEEOWFMTZVZURQYOLKJAR, 9.9), (BAUWNXJKEJWATKPDLSQJIN, 9.2), (EERQEYHEJHAINXCEIJWOMW, 7.1), (FYFLLVXXFNRXIIWZMEJVLJLUDCX, 6.5), (MQKSHIMKYFHEEDFXDZHZU, 4.8)].
Categoria later: [(LIFPWRVORNCPCPUYYRUBRI, 9.3), (IULOOHNC, 4.9), (XCWNMHONLUY, 4.4), (ZPNPEUFSUSRWSVNSPAXEHGOHHCBQFYE, 3.2), (FXPCNRWQKTPRVCEGYMJR, 3.8), (FQABRZD, 3.2), (VYSME, 1.9), (SFBTCSVRVCYCIDGUBBC, 9.1), (MRKNDQEQASXAVHCOXXKHATYADG, 1.4), (VBNCUVYLBWLEYMHVEQDFYUINMUPERCSU, 4.4), (QSOFDEYXXZEPOET, 8.0), (NJJPPGKOXJRBTT, 3.1), (IFJGVZOBFCNZRCTWD, 9.0), (TCXUOSCTZEPWADBZB, 4.2)].
Serialul KJZQILSPOCDFGVKHXGDBZGL a fost adaugat la pozitia 3.
Serialul ZEZIDRNPDSXBSJQA a fost adaugat la pozitia 7.
Categoria top10: [(GEULVZVUKLELYCNNF, 4.9), (GCXEDZASEQBXYTBOJPRTU, 6.7), (NNVVTLVSZGCKTXY, 5.9), (WGBHNNTBKTIPXJA, 5.8), (YRJVNB, 2.7), (LEGAJABBLKAVTB, 8.0), (TDFNFCBWVMGZRBNEYOCFPZPKE, 3.4), (YZLVCGSGPBQJVQIXDYNKBE, 4.6), (HFFHMJEOA, 2.5)].
Categoria top10: [(GEULVZVUKLELYCNNF, 4.9), (KGBDTASA, 1.6), (GCXEDZASEQBXYTBOJPRTU, 6.7), (NNVVTLVSZGCKTXY, 5.9), (WGBHNNTBKTIPXJA, 5.8), (YRJVNB, 2.7), (LEGAJABBLKAVTB, 8.0), (TDFNFCBWVMGZRBNEYOCFPZPKE, 3.4), (YZLVCGSGPBQJVQIXDYNKBE, 4.6), (HFFHMJEOA, 2.5)].
Categoria later: [(LIFPWRVORNCPCPUYYRUBRI, 9.3), (IULOOHNC, 4.9), (XCWNMHONLUY, 4.4), (ZPNPEUFSUSRWSVNSPAXEHGOHHCBQFYE, 3.2), (FXPCNRWQKTPRVCEGYMJR, 3.8), (FQABRZD, 3.2), (VYSME, 1.9), (SFBTCSVRVCYCIDGUBBC, 9.1), (MRKNDQEQASXAVHCOXXKHATYADG, 1.4), (VBNCUVYLBWLEYMHVEQDFYUINMUPERCSU, 4.4), (QSOFDEYXXZEPOET, 8.0), (NJJPPGKOXJRBTT, 3.1), (IFJGVZOBFCNZRCTWD, 9.0), (TCXUOSCTZEPWADBZB, 4.2)].
Categoria 1: [(LLBNTZNCRYXHD, 9.0), (TXDKM, 7.4), (ATCSNZXRQMFXLJX, 7.3), (TMPANEWUWWDEXLCYDBWSGHXJQUNRSACK, 5.7), (PMNLKAOQMBVBQIZGKQJMVJCUTTXBDAY, 5.5), (UDOGCWUBPAYQN, 3.0)].
Categoria 3: [(UROVI, 8.6), (ZBPBWVUECELWM, 8.2), (VZNXWTLSUEXCREZQOOHHW, 8.0), (NQFQNMZGJQS, 7.6), (UAWMW, 7.4), (BJJFNCYIJHBLERQZA, 5.6), (GMSBZDZTOWAUGQNY, 4.4)].
Serialul UDOGCWUBPAYQN se afla in coada de asteptare pe pozitia 15.
Serialul VZNXWTLSUEXCREZQOOHHW se afla in coada de asteptare pe pozitia 16.
Serialul HKUPAATRAQT a fost adaugat la pozitia 5.
Serialul OGDFNNADRXHTMEK a fost adaugat la pozitia 7.
Categoria top10: [(GEULVZVUKLELYCNNF, 4.9), (HTQIVMDSMVU, 8.1), (KGBDTASA, 1.6), (GCXEDZASEQBXYTBOJPRTU, 6.7), (NNVVTLVSZGCKTXY, 5.9), (WGBHNNTBKTIPXJA, 5.8), (YRJVNB, 2.7), (LEGAJABBLKAVTB, 8.0), (TDFNFCBWVMGZRBNEYOCFPZPKE, 3.4), (YZLVCGSGPBQJVQIXDYNKBE, 4.6)].
Categoria top10: [(GEULVZVUKLELYCNNF, 4.9), (UQTMHOUENRVDFMRPYURDACATEWHXWQY, 8.3), (HTQIVMDSMVU, 8.1), (KGBDTASA, 1.6), (GCXEDZASEQBXYTBOJPRTU, 6.7), (NNVVTLVSZGCKTXY, 5.9), (WGBHNNTBKTIPXJA, 5.8), (YRJVNB, 2.7), (LEGAJABBLKAVTB, 8.0), (TDFNFCBWVMGZRBNEYOCFPZPKE, 3.4)].
Categoria 1: [(LLBNTZNCRYXHD, 9.0), (TXDKM, 7.4), (ATCSNZXRQMFXLJX, 7.3), (TMPANEWUWWDEXLCYDBWSGHXJQUNRSACK, 5.7), (PMNLKAOQMBVBQIZGKQJMVJCUTTXBDAY, 5.5)].
Categoria later: [(LIFPWRVORNCPCPUYYRUBRI, 9.3), (IULOOHNC, 4.9), (XCWNMHONLUY, 4.4), (ZPNPEUFSUSRWSVNSPAXEHGOHHCBQFYE, 3.2), (FXPCNRWQKTPRVCEGYMJR, 3.8), (FQABRZD, 3.2), (VYSME, 1.9), (SFBTCSVRVCYCIDGUBBC, 9.1), (MRKNDQEQASXAVHCOXXKHATYADG, 1.4), (VBNCUVYLBWLEYMHVEQDFYUINMUPERCSU, 4.4), (QSOFDEYXXZEPOET, 8.0), (NJJPPGKOXJRBTT, 3.1), (IFJGVZOBFCNZRCTWD, 9.0), (TCXUOSCTZEPWADBZB, 4.2), (UDOGCWUBPAYQN, 3.0), (VZNXWTLSUEXCREZQOOHHW, 8.0)].
Serialul UQTMHOUENRVDFMRPYURDACATEWHXWQY se afla in coada de asteptare pe pozitia 17.
Serialul BJJFNCYIJHBLERQZA se afla in coada de asteptare pe pozitia 18.
Serialul UXLIONCMARGFPVEFLSPFRVYITZQRE a fost adaugat la pozitia 4.
Serialul WCGEI a fost adaugat la pozitia 7.
Categoria top10: [(GEULVZVUKLELYCNNF, 4.9), (HTQIVMDSMVU, 8.1), (KGBDTASA, 1.6), (GCXEDZASEQBXYTBOJPRTU, 6.7), (NNVVTLVSZGCKTXY, 5.9), (FNSXSGFSADXRXO, 1.5), (WGBHNNTBKTIPXJA, 5.8), (YRJVNB, 2.7), (LEGAJABBLKAVTB, 8.0), (TDFNFCBWVMGZRBNEYOCFPZPKE, 3.4)].
Categoria top10: [(GEULVZVUKLELYCNNF, 4.9), (HTQIVMDSMVU, 8.1), (KGBDTASA, 1.6), (GCXEDZASEQBXYTBOJPRTU, 6.7), (NNVVTLVSZGCKTXY, 5.9), (FNSXSGFSADXRXO, 1.5), (WGBHNNTBKTIPXJA, 5.8), (XLTTNACGLYTJBJWSLVJN, 9.2), (YRJVNB, 2.7), (LEGAJABBLKAVTB, 8.0)].
Categoria later: [(LIFPWRVORNCPCPUYYRUBRI, 9.3), (IULOOHNC, 4.9), (XCWNMHONLUY, 4.4), (ZPNPEUFSUSRWSVNSPAXEHGOHHCBQFYE, 3.2), (FXPCNRWQKTPRVCEGYMJR, 3.8), (FQABRZD, 3.2), (VYSME, 1.9), (SFBTCSVRVCYCIDGUBBC, 9.1), (MRKNDQEQASXAVHCOXXKHATYADG, 1.4), (VBNCUVYLBWLEYMHVEQDFYUINMUPERCSU, 4.4), (QSOFDEYXXZEPOET, 8.0), (NJJPPGKOXJRBTT, 3.1), (IFJGVZOBFCNZRCTWD, 9.0), (TCXUOSCTZEPWADBZB, 4.2), (UDOGCWUBPAYQN, 3.0), (VZNXWTLSUEXCREZQOOHHW, 8.0), (UQTMHOUENRVDFMRPYURDACATEWHXWQY, 8.3), (BJJFNCYIJHBLERQZA, 5.6)].
Categoria top10: [(GEULVZVUKLELYCNNF, 4.9), (HTQIVMDSMVU, 8.1), (KGBDTASA, 1.6), (GCXEDZASEQBXYTBOJPRTU, 6.7), (NNVVTLVSZGCKTXY, 5.9), (FNSXSGFSADXRXO, 1.5), (WGBHNNTBKTIPXJA, 5.8), (XLTTNACGLYTJBJWSLVJN, 9.2), (YRJVNB, 2.7), (LEGAJABBLKAVTB, 8.0)].
Serialul WCGEI se afla in coada de asteptare pe pozitia 19.
Serialul NNVVTLVSZGCKTXY se afla in coada de asteptare pe pozitia 20.
Serialul PZKYVKOGYFKAIFNQVERRMFEMAAEQYG a fost adaugat la pozitia 2.
Serialul RCACWTCKYYZQXLG a fost adaugat la pozitia 7.
Categoria top10: [(GEULVZVUKLELYCNNF, 4.9), (HTQIVMDSMVU, 8.1), (KGBDTASA, 1.6), (GCXEDZASEQBXYTBOJPRTU, 6.7), (TGUJILBX, 4.4), (FNSXSGFSADXRXO, 1.5), (WGBHNNTBKTIPXJA, 5.8), (XLTTNACGLYTJBJWSLVJN, 9.2), (YRJVNB, 2.7), (LEGAJABBLKAVTB, 8.0)].
Categoria top10: [(GEULVZVUKLELYCNNF, 4.9), (HTQIVMDSMVU, 8.1), (QYXLIJXIFUEETRBBDUELVPON, 8.0), (KGBDTASA, 1.6), (GCXEDZASEQBXYTBOJPRTU, 6.7), (TGUJILBX, 4.4), (FNSXSGFSADXRXO, 1.5), (WGBHNNTBKTIPXJA, 5.8), (XLTTNACGLYTJBJWSLVJN, 9.2), (YRJVNB, 2.7)].
Serialul GIAQHIXAZQTYOTFMIJBKFAFIWE a fost adaugat la pozitia 8.
Serialul NXZFGEZHLRHYVNUUKBPFPYMUAEI a fost adaugat la pozitia 8.
Serialul ISVOJ a fost adaugat la pozitia 2.
Serialul MHHHJBRHBLUXTYO a fost adaugat la pozitia 8.
Serialul HKUPAATRAQT se afla in coada de asteptare pe pozitia 21.
Categoria later: [(LIFPWRVORNCPCPUYYRUBRI, 9.3), (IULOOHNC, 4.9), (XCWNMHONLUY, 4.4), (ZPNPEUFSUSRWSVNSPAXEHGOHHCBQFYE, 3.2), (FXPCNRWQKTPRVCEGYMJR, 3.8), (FQABRZD, 3.2), (VYSME, 1.9), (SFBTCSVRVCYCIDGUBBC, 9.1), (MRKNDQEQASXAVHCOXXKHATYADG, 1.4), (VBNCUVYLBWLEYMHVEQDFYUINMUPERCSU, 4.4), (QSOFDEYXXZEPOET, 8.0), (NJJPPGKOXJRBTT, 3.1), (IFJGVZOBFCNZRCTWD, 9.0), (TCXUOSCTZEPWADBZB, 4.2), (UDOGCWUBPAYQN, 3.0), (VZNXWTLSUEXCREZQOOHHW, 8.0), (UQTMHOUENRVDFMRPYURDACATEWHXWQY, 8.3), (BJJFNCYIJHBLERQZA, 5.6), (WCGEI, 2.6), (NNVVTLVSZGCKTXY, 5.9), (HKUPAATRAQT, 5.9)].
Categoria top10: [(GEULVZVUKLELYCNNF, 4.9), (HTQIVMDSMVU, 8.1), (QYXLIJXIFUEETRBBDUELVPON, 8.0), (KGBDTASA, 1.6), (GCXEDZASEQBXYTBOJPRTU, 6.7), (TGUJILBX, 4.4), (FNSXSGFSADXRXO, 1.5), (WGBHNNTBKTIPXJA, 5.8), (XLTTNACGLYTJBJWSLVJN, 9.2), (YRJVNB, 2.7)].
Categoria 2: [(GQQNVSIJJOMNEEOWFMTZVZURQYOLKJAR, 9.9), (BAUWNXJKEJWATKPDLSQJIN, 9.2), (KJZQILSPOCDFGVKHXGDBZGL, 8.3), (EERQEYHEJHAINXCEIJWOMW, 7.1), (FYFLLVXXFNRXIIWZMEJVLJLUDCX, 6.5), (MQKSHIMKYFHEEDFXDZHZU, 4.8), (OGDFNNADRXHTMEK, 1.9), (NXZFGEZHLRHYVNUUKBPFPYMUAEI, 1.8), (ZEZIDRNPDSXBSJQA, 1.8)].
Categoria 3: [(UROVI, 8.6), (PZKYVKOGYFKAIFNQVERRMFEMAAEQYG, 8.5), (ZBPBWVUECELWM, 8.2), (NQFQNMZGJQS, 7.6), (UAWMW, 7.4), (GMSBZDZTOWAUGQNY, 4.4), (GIAQHIXAZQTYOTFMIJBKFAFIWE, 4.1)].
Serialul PDXRMJQQGHGSOFENPPPVJTR a fost adaugat la pozitia 9.
Serialul ASUUQXYZIQLOHOPJGUSRZUPDVZ a fost adaugat la pozitia 1.
Categoria top10: [(GEULVZVUKLELYCNNF, 4.9), (HTQIVMDSMVU, 8.1), (QYXLIJXIFUEETRBBDUELVPON, 8.0), (KGBDTASA, 1.6), (GCXEDZASEQBXYTBOJPRTU, 6.7), (TGUJILBX, 4.4), (FNSXSGFSADXRXO, 1.5), (TDYXDHMFKVBAZKFQYGVACHDCKBBX, 3.5), (WGBHNNTBKTIPXJA, 5.8), (XLTTNACGLYTJBJWSLVJN, 9.2)].
Categoria top10: [(GEULVZVUKLELYCNNF, 4.9), (HTQIVMDSMVU, 8.1), (QYXLIJXIFUEETRBBDUELVPON, 8.0), (CLWXJPOTCCSPKKCGZXEJYGHVE, 3.0), (KGBDTASA, 1.6), (GCXEDZASEQBXYTBOJPRTU, 6.7), (TGUJILBX, 4.4), (FNSXSGFSADXRXO, 1.5), (TDYXDHMFKVBAZKFQYGVACHDCKBBX, 3.5), (WGBHNNTBKTIPXJA, 5.8)].
Categoria 2: [(GQQNVSIJJOMNEEOWFMTZVZURQYOLKJAR, 9.9), (BAUWNXJKEJWATKPDLSQJIN, 9.2), (KJZQILSPOCDFGVKHXGDBZGL, 8.3), (EERQEYHEJHAINXCEIJWOMW, 7.1), (FYFLLVXXFNRXIIWZMEJVLJLUDCX, 6.5), (MQKSHIMKYFHEEDFXDZHZU, 4.8), (OGDFNNADRXHTMEK, 1.9), (NXZFGEZHLRHYVNUUKBPFPYMUAEI, 1.8), (ZEZIDRNPDSXBSJQA, 1.8)].
Categoria 3: [(ASUUQXYZIQLOHOPJGUSRZUPDVZ, 9.3), (UROVI, 8.6), (PZKYVKOGYFKAIFNQVERRMFEMAAEQYG, 8.5), (ZBPBWVUECELWM, 8.2), (NQFQNMZGJQS, 7.6), (UAWMW, 7.4), (GMSBZDZTOWAUGQNY, 4.4), (GIAQHIXAZQTYOTFMIJBKFAFIWE, 4.1)].
Categoria later: [(LIFPWRVORNCPCPUYYRUBRI, 9.3), (IULOOHNC, 4.9), (XCWNMHONLUY, 4.4), (ZPNPEUFSUSRWSVNSPAXEHGOHHCBQFYE, 3.2), (FXPCNRWQKTPRVCEGYMJR, 3.8), (FQABRZD, 3.2), (VYSME, 1.9), (SFBTCSVRVCYCIDGUBBC, 9.1), (MRKNDQEQASXAVHCOXXKHATYADG, 1.4), (VBNCUVYLBWLEYMHVEQDFYUINMUPERCSU, 4.4), (QSOFDEYXXZEPOET, 8.0), (NJJPPGKOXJRBTT, 3.1), (IFJGVZOBFCNZRCTWD, 9.0), (TCXUOSCTZEPWADBZB, 4.2), (UDOGCWUBPAYQN, 3.0), (VZNXWTLSUEXCREZQOOHHW, 8.0), (UQTMHOUENRVDFMRPYURDACATEWHXWQY, 8.3), (BJJFNCYIJHBLERQZA, 5.6), (WCGEI, 2.6), (NNVVTLVSZGCKTXY, 5.9), (HKUPAATRAQT, 5.9)].
Serialul GMSBZDZTOWAUGQNY se afla in coada de asteptare pe pozitia 22.
Serialul QYXLIJXIFUEETRBBDUELVPON se afla in coada de asteptare pe pozitia 23.
Serialul SAMUEQQFA a fost adaugat la pozitia 4.
Serialul USWROHFPEDJIMCKFMWWCF a fost adaugat la pozitia 9.
Categoria top10: [(GEYZXFOBAFVDRSXEOTAEZTD, 7.3), (GEULVZVUKLELYCNNF, 4.9), (HTQIVMDSMVU, 8.1), (CLWXJPOTCCSPKKCGZXEJYGHVE, 3.0), (KGBDTASA, 1.6), (GCXEDZASEQBXYTBOJPRTU, 6.7), (TGUJILBX, 4.4), (FNSXSGFSADXRXO, 1.5), (TDYXDHMFKVBAZKFQYGVACHDCKBBX, 3.5), (WGBHNNTBKTIPXJA, 5.8)].
Categoria top10: [(GEYZXFOBAFVDRSXEOTAEZTD, 7.3), (GEULVZVUKLELYCNNF, 4.9), (AKRMCUHPNNVGUCLNJCKEW, 8.5), (HTQIVMDSMVU, 8.1), (CLWXJPOTCCSPKKCGZXEJYGHVE, 3.0), (KGBDTASA, 1.6), (GCXEDZASEQBXYTBOJPRTU, 6.7), (TGUJILBX, 4.4), (FNSXSGFSADXRXO, 1.5), (TDYXDHMFKVBAZKFQYGVACHDCKBBX, 3.5)].
Categoria later: [(LIFPWRVORNCPCPUYYRUBRI, 9.3), (IULOOHNC, 4.9), (XCWNMHONLUY, 4.4), (ZPNPEUFSUSRWSVNSPAXEHGOHHCBQFYE, 3.2), (FXPCNRWQKTPRVCEGYMJR, 3.8), (FQABRZD, 3.2), (VYSME, 1.9), (SFBTCSVRVCYCIDGUBBC, 9.1), (MRKNDQEQASXAVHCOXXKHATYADG, 1.4), (VBNCUVYLBWLEYMHVEQDFYUINMUPERCSU, 4.4), (QSOFDEYXXZEPOET, 8.0), (NJJPPGKOXJRBTT, 3.1), (IFJGVZOBFCNZRCTWD, 9.0), (TCXUOSCTZEPWADBZB, 4.2), (UDOGCWUBPAYQN, 3.0), (VZNXWTLSUEXCREZQOOHHW, 8.0), (UQTMHOUENRVDFMRPYURDACATEWHXWQY, 8.3), (BJJFNCYIJHBLERQZA, 5.6), (WCGEI, 2.6), (NNVVTLVSZGCKTXY, 5.9), (HKUPAATRAQT, 5.9), (GMSBZDZTOWAUGQNY, 4.4), (QYXLIJXIFUEETRBBDUELVPON, 8.0)].
Categoria 3: [(ASUUQXYZIQLOHOPJGUSRZUPDVZ, 9.3), (UROVI, 8.6), (PZKYVKOGYFKAIFNQVERRMFEMAAEQYG, 8.5), (ZBPBWVUECELWM, 8.2), (NQFQNMZGJQS, 7.6), (UAWMW, 7.4), (GIAQHIXAZQTYOTFMIJBKFAFIWE, 4.1)].
Serialul GEYZXFOBAFVDRSXEOTAEZTD se afla in coada de asteptare pe pozitia 24.
Serialul TGUJILBX se afla in coada de asteptare pe pozitia 25.
Serialul IKIAESETRIMQGB a fost adaugat la pozitia 12.
Serialul OLGVDICTUVAYCUE a fost adaugat la pozitia 8.
Categoria top10: [(GEULVZVUKLELYCNNF, 4.9), (AKRMCUHPNNVGUCLNJCKEW, 8.5), (WMOUKFNXJAISJXAMTLFGIXVU, 3.0), (HTQIVMDSMVU, 8.1), (CLWXJPOTCCSPKKCGZXEJYGHVE, 3.0), (KGBDTASA, 1.6), (GCXEDZASEQBXYTBOJPRTU, 6.7), (FNSXSGFSADXRXO, 1.5), (TDYXDHMFKVBAZKFQYGVACHDCKBBX, 3.5)].
Categoria top10: [(GEULVZVUKLELYCNNF, 4.9), (AKRMCUHPNNVGUCLNJCKEW, 8.5), (WMOUKFNXJAISJXAMTLFGIXVU, 3.0), (XXOZCCFOLJRST, 1.4), (HTQIVMDSMVU, 8.1), (CLWXJPOTCCSPKKCGZXEJYGHVE, 3.0), (KGBDTASA, 1.6), (GCXEDZASEQBXYTBOJPRTU, 6.7), (FNSXSGFSADXRXO, 1.5), (TDYXDHMFKVBAZKFQYGVACHDCKBBX, 3.5)].
Categoria top10: [(GEULVZVUKLELYCNNF, 4.9), (AKRMCUHPNNVGUCLNJCKEW, 8.5), (WMOUKFNXJAISJXAMTLFGIXVU, 3.0), (XXOZCCFOLJRST, 1.4), (HTQIVMDSMVU, 8.1), (CLWXJPOTCCSPKKCGZXEJYGHVE, 3.0), (KGBDTASA, 1.6), (GCXEDZASEQBXYTBOJPRTU, 6.7), (FNSXSGFSADXRXO, 1.5), (TDYXDHMFKVBAZKFQYGVACHDCKBBX, 3.5)].
Categoria 2: [(GQQNVSIJJOMNEEOWFMTZVZURQYOLKJAR, 9.9), (BAUWNXJKEJWATKPDLSQJIN, 9.2), (KJZQILSPOCDFGVKHXGDBZGL, 8.3), (SAMUEQQFA, 8.0), (EERQEYHEJHAINXCEIJWOMW, 7.1), (FYFLLVXXFNRXIIWZMEJVLJLUDCX, 6.5), (MQKSHIMKYFHEEDFXDZHZU, 4.8), (OLGVDICTUVAYCUE, 3.6), (OGDFNNADRXHTMEK, 1.9), (NXZFGEZHLRHYVNUUKBPFPYMUAEI, 1.8), (ZEZIDRNPDSXBSJQA, 1.8)].
Serialul GIAQHIXAZQTYOTFMIJBKFAFIWE se afla in coada de asteptare pe pozitia 26.
Serialul UAWMW se afla in coada de asteptare pe pozitia 27.
Serialul IDZOHCALIELSTZJILGDFJ a fost adaugat la pozitia 6.
Serialul RYKKNFQBECQOIBUOON a fost adaugat la pozitia 2.
Categoria top10: [(GEULVZVUKLELYCNNF, 4.9), (IHSPWBPPYSBQGZBMWACRIFY, 2.7), (AKRMCUHPNNVGUCLNJCKEW, 8.5), (WMOUKFNXJAISJXAMTLFGIXVU, 3.0), (XXOZCCFOLJRST, 1.4), (HTQIVMDSMVU, 8.1), (CLWXJPOTCCSPKKCGZXEJYGHVE, 3.0), (KGBDTASA, 1.6), (GCXEDZASEQBXYTBOJPRTU, 6.7), (FNSXSGFSADXRXO, 1.5)].
Categoria top10: [(GEULVZVUKLELYCNNF, 4.9), (IHSPWBPPYSBQGZBMWACRIFY, 2.7), (AKRMCUHPNNVGUCLNJCKEW, 8.5), (WMOUKFNXJAISJXAMTLFGIXVU, 3.0), (XXOZCCFOLJRST, 1.4), (WSCFWRJRGYAVVJADRQXXNNNWYTDKR, 9.8), (HTQIVMDSMVU, 8.1), (CLWXJPOTCCSPKKCGZXEJYGHVE, 3.0), (KGBDTASA, 1.6), (GCXEDZASEQBXYTBOJPRTU, 6.7)].
Serialul CGIQBZCRNDKOXZFQFTERNEXVDGFRWR a fost adaugat la pozitia 6.
Serialul TVEWGWNWOPZEDQSWYYRGVGAJDXICXUQ a fost adaugat la pozitia 1.
Serialul BPOOJOAQEYAIYSDUUT a fost adaugat la pozitia 8.
Serialul VXWPFKUFKPCAVJHBT a fost adaugat la pozitia 9.
Serialul CLWXJPOTCCSPKKCGZXEJYGHVE se afla in coada de asteptare pe pozitia 28.
Categoria later: [(LIFPWRVORNCPCPUYYRUBRI, 9.3), (IULOOHNC, 4.9), (XCWNMHONLUY, 4.4), (ZPNPEUFSUSRWSVNSPAXEHGOHHCBQFYE, 3.2), (FXPCNRWQKTPRVCEGYMJR, 3.8), (FQABRZD, 3.2), (VYSME, 1.9), (SFBTCSVRVCYCIDGUBBC, 9.1), (MRKNDQEQASXAVHCOXXKHATYADG, 1.4), (VBNCUVYLBWLEYMHVEQDFYUINMUPERCSU, 4.4), (QSOFDEYXXZEPOET, 8.0), (NJJPPGKOXJRBTT, 3.1), (IFJGVZOBFCNZRCTWD, 9.0), (TCXUOSCTZEPWADBZB, 4.2), (UDOGCWUBPAYQN, 3.0), (VZNXWTLSUEXCREZQOOHHW, 8.0), (UQTMHOUENRVDFMRPYURDACATEWHXWQY, 8.3), (BJJFNCYIJHBLERQZA, 5.6), (WCGEI, 2.6), (NNVVTLVSZGCKTXY, 5.9), (HKUPAATRAQT, 5.9), (GMSBZDZTOWAUGQNY, 4.4), (QYXLIJXIFUEETRBBDUELVPON, 8.0), (GEYZXFOBAFVDRSXEOTAEZTD, 7.3), (TGUJILBX, 4.4), (GIAQHIXAZQTYOTFMIJBKFAFIWE, 4.1), (UAWMW, 7.4), (CLWXJPOTCCSPKKCGZXEJYGHVE, 3.0)].
Categoria top10: [(GEULVZVUKLELYCNNF, 4.9), (IHSPWBPPYSBQGZBMWACRIFY, 2.7), (AKRMCUHPNNVGUCLNJCKEW, 8.5), (WMOUKFNXJAISJXAMTLFGIXVU, 3.0), (XXOZCCFOLJRST, 1.4), (WSCFWRJRGYAVVJADRQXXNNNWYTDKR, 9.8), (HTQIVMDSMVU, 8.1), (KGBDTASA, 1.6), (GCXEDZASEQBXYTBOJPRTU, 6.7)].
Categoria 3: [(ASUUQXYZIQLOHOPJGUSRZUPDVZ, 9.3), (UROVI, 8.6), (PZKYVKOGYFKAIFNQVERRMFEMAAEQYG, 8.5), (ZBPBWVUECELWM, 8.2), (NQFQNMZGJQS, 7.6), (CGIQBZCRNDKOXZFQFTERNEXVDGFRWR, 7.2), (IDZOHCALIELSTZJILGDFJ, 1.9), (BPOOJOAQEYAIYSDUUT, 1.4), (VXWPFKUFKPCAVJHBT, 1.3)].
Categoria 2: [(GQQNVSIJJOMNEEOWFMTZVZURQYOLKJAR, 9.9), (RYKKNFQBECQOIBUOON, 9.9), (BAUWNXJKEJWATKPDLSQJIN, 9.2), (KJZQILSPOCDFGVKHXGDBZGL, 8.3), (SAMUEQQFA, 8.0), (EERQEYHEJHAINXCEIJWOMW, 7.1), (FYFLLVXXFNRXIIWZMEJVLJLUDCX, 6.5), (MQKSHIMKYFHEEDFXDZHZU, 4.8), (OLGVDICTUVAYCUE, 3.6), (OGDFNNADRXHTMEK, 1.9), (NXZFGEZHLRHYVNUUKBPFPYMUAEI, 1.8), (ZEZIDRNPDSXBSJQA, 1.8)].
