Serialul QYTXJHFSMLZSAPROHMWFBO a fost adaugat la pozitia 1.
Serialul AKLPPJCRIO a fost adaugat la pozitia 1.
Categoria top10: [(QPLVZZOVOVHYLUZWAVH, 6.3)].
Categoria top10: [(QPLVZZOVOVHYLUZWAVH, 6.3), (ZOOYVYCWBAS, 9.5)].
Categoria top10: [(QPLVZZOVOVHYLUZWAVH, 6.3), (ZOOYVYCWBAS, 9.5)].
Categoria 1: [(AKLPPJCRIO, 3.4)].
Categoria 2: [(QYTXJHFSMLZSAPROHMWFBO, 5.6)].
Serialul AKLPPJCRIO se afla in coada de asteptare pe pozitia 1.
Serialul QYTXJHFSMLZSAPROHMWFBO se afla in coada de asteptare pe pozitia 2.
Serialul CDXWHEQVHXLRBNYDWSEXA a fost adaugat la pozitia 1.
Serialul SSYVGBHIJHYMSW a fost adaugat la pozitia 1.
Categoria top10: [(QPLVZZOVOVHYLUZWAVH, 6.3), (ZOOYVYCWBAS, 9.5), (FJEJLQRLRFFISBEZJSBRI, 4.4)].
Categoria top10: [(QPLVZZOVOVHYLUZWAVH, 6.3), (SFPSYCGISECJSYWPCFDZBHS, 6.9), (ZOOYVYCWBAS, 9.5), (FJEJLQRLRFFISBEZJSBRI, 4.4)].
Categoria top10: [(QPLVZZOVOVHYLUZWAVH, 6.3), (SFPSYCGISECJSYWPCFDZBHS, 6.9), (ZOOYVYCWBAS, 9.5), (FJEJLQRLRFFISBEZJSBRI, 4.4)].
Categoria 3: [(CDXWHEQVHXLRBNYDWSEXA, 9.8)].
Serialul SSYVGBHIJHYMSW se afla in coada de asteptare pe pozitia 3.
Serialul CDXWHEQVHXLRBNYDWSEXA se afla in coada de asteptare pe pozitia 4.
Serialul RISWKJEFKJBPVPBWVMFXOMWTSMURFO a fost adaugat la pozitia 1.
Serialul LIQKNTPCOVWUOMGWYEDUJZORDJBXOD a fost adaugat la pozitia 1.
Categoria top10: [(QPLVZZOVOVHYLUZWAVH, 6.3), (SFPSYCGISECJSYWPCFDZBHS, 6.9), (ZOOYVYCWBAS, 9.5), (FJEJLQRLRFFISBEZJSBRI, 4.4), (JOWISAXSZHL, 4.3)].
Categoria top10: [(QPLVZZOVOVHYLUZWAVH, 6.3), (SFPSYCGISECJSYWPCFDZBHS, 6.9), (ZOOYVYCWBAS, 9.5), (ACEUXXCUUNJNCSDFXCJWONFWP, 9.0), (FJEJLQRLRFFISBEZJSBRI, 4.4), (JOWISAXSZHL, 4.3)].
Categoria 3: [(LIQKNTPCOVWUOMGWYEDUJZORDJBXOD, 9.2)].
Categoria top10: [(QPLVZZOVOVHYLUZWAVH, 6.3), (SFPSYCGISECJSYWPCFDZBHS, 6.9), (ZOOYVYCWBAS, 9.5), (ACEUXXCUUNJNCSDFXCJWONFWP, 9.0), (FJEJLQRLRFFISBEZJSBRI, 4.4), (JOWISAXSZHL, 4.3)].
Serialul QPLVZZOVOVHYLUZWAVH se afla in coada de asteptare pe pozitia 5.
Serialul LIQKNTPCOVWUOMGWYEDUJZORDJBXOD se afla in coada de asteptare pe pozitia 6.
Serialul IJOIDG a fost adaugat la pozitia 1.
Serialul RXNIXEUDOA a fost adaugat la pozitia 2.
Categoria top10: [(SFPSYCGISECJSYWPCFDZBHS, 6.9), (ZOOYVYCWBAS, 9.5), (ACEUXXCUUNJNCSDFXCJWONFWP, 9.0), (FJEJLQRLRFFISBEZJSBRI, 4.4), (JOWISAXSZHL, 4.3), (DRQVRKKP, 1.0)].
Categoria top10: [(SFPSYCGISECJSYWPCFDZBHS, 6.9), (ZOOYVYCWBAS, 9.5), (ACEUXXCUUNJNCSDFXCJWONFWP, 9.0), (FJEJLQRLRFFISBEZJSBRI, 4.4), (JOWISAXSZHL, 4.3), (DRQVRKKP, 1.0), (DHMDXUDCLYRRUYDTBXKPLPPZW, 3.1)].
Serialul IMJMOKWHAKKBDDRCVRBYKEBAFRPYL a fost adaugat la pozitia 2.
Serialul TUJHUXKDPLWKU a fost adaugat la pozitia 2.
Serialul BJVPOHXXEYOFPGHO a fost adaugat la pozitia 4.
Serialul DUFZFXKAPNISEQAIMEXCHFOF a fost adaugat la pozitia 2.
Serialul ACEUXXCUUNJNCSDFXCJWONFWP se afla in coada de asteptare pe pozitia 7.
Categoria top10: [(SFPSYCGISECJSYWPCFDZBHS, 6.9), (ZOOYVYCWBAS, 9.5), (FJEJLQRLRFFISBEZJSBRI, 4.4), (JOWISAXSZHL, 4.3), (DRQVRKKP, 1.0), (DHMDXUDCLYRRUYDTBXKPLPPZW, 3.1)].
Categoria 2: [].
Categoria later: [(AKLPPJCRIO, 3.4), (QYTXJHFSMLZSAPROHMWFBO, 5.6), (SSYVGBHIJHYMSW, 5.2), (CDXWHEQVHXLRBNYDWSEXA, 9.8), (QPLVZZOVOVHYLUZWAVH, 6.3), (LIQKNTPCOVWUOMGWYEDUJZORDJBXOD, 9.2), (ACEUXXCUUNJNCSDFXCJWONFWP, 9.0)].
Categoria 1: [(RISWKJEFKJBPVPBWVMFXOMWTSMURFO, 7.4), (TUJHUXKDPLWKU, 6.1), (RXNIXEUDOA, 5.4), (BJVPOHXXEYOFPGHO, 4.4)].
Serialul UGBNTL a fost adaugat la pozitia 5.
Serialul ITBRWQCS a fost adaugat la pozitia 4.
Categoria top10: [(SFPSYCGISECJSYWPCFDZBHS, 6.9), (TVPXJL, 6.0), (ZOOYVYCWBAS, 9.5), (FJEJLQRLRFFISBEZJSBRI, 4.4), (JOWISAXSZHL, 4.3), (DRQVRKKP, 1.0), (DHMDXUDCLYRRUYDTBXKPLPPZW, 3.1)].
Categoria top10: [(SFPSYCGISECJSYWPCFDZBHS, 6.9), (KJNOGTJVLLXQKRZWRLWVDUCUHUALFHK, 1.5), (TVPXJL, 6.0), (ZOOYVYCWBAS, 9.5), (FJEJLQRLRFFISBEZJSBRI, 4.4), (JOWISAXSZHL, 4.3), (DRQVRKKP, 1.0), (DHMDXUDCLYRRUYDTBXKPLPPZW, 3.1)].
Categoria top10: [(SFPSYCGISECJSYWPCFDZBHS, 6.9), (KJNOGTJVLLXQKRZWRLWVDUCUHUALFHK, 1.5), (TVPXJL, 6.0), (ZOOYVYCWBAS, 9.5), (FJEJLQRLRFFISBEZJSBRI, 4.4), (JOWISAXSZHL, 4.3), (DRQVRKKP, 1.0), (DHMDXUDCLYRRUYDTBXKPLPPZW, 3.1)].
Categoria later: [(AKLPPJCRIO, 3.4), (QYTXJHFSMLZSAPROHMWFBO, 5.6), (SSYVGBHIJHYMSW, 5.2), (CDXWHEQVHXLRBNYDWSEXA, 9.8), (QPLVZZOVOVHYLUZWAVH, 6.3), (LIQKNTPCOVWUOMGWYEDUJZORDJBXOD, 9.2), (ACEUXXCUUNJNCSDFXCJWONFWP, 9.0)].
Categoria 1: [(RISWKJEFKJBPVPBWVMFXOMWTSMURFO, 7.4), (TUJHUXKDPLWKU, 6.1), (RXNIXEUDOA, 5.4), (ITBRWQCS, 4.7), (BJVPOHXXEYOFPGHO, 4.4), (UGBNTL, 3.0)].
Serialul DRQVRKKP se afla in coada de asteptare pe pozitia 8.
Serialul KJNOGTJVLLXQKRZWRLWVDUCUHUALFHK se afla in coada de asteptare pe pozitia 9.
Serialul VYMUVZVHKEVEABQRVSOEFTEAUCHKPZ a fost adaugat la pozitia 1.
Serialul ITXARJJCYUCCIHTCNJW a fost adaugat la pozitia 4.
Categoria top10: [(SFPSYCGISECJSYWPCFDZBHS, 6.9), (TQJOIOJOJHFMQAKYAP, 9.2), (TVPXJL, 6.0), (ZOOYVYCWBAS, 9.5), (FJEJLQRLRFFISBEZJSBRI, 4.4), (JOWISAXSZHL, 4.3), (DHMDXUDCLYRRUYDTBXKPLPPZW, 3.1)].
Categoria top10: [(SFPSYCGISECJSYWPCFDZBHS, 6.9), (TQJOIOJOJHFMQAKYAP, 9.2), (WKZEHKLOMFQPLDHAAT, 9.0), (TVPXJL, 6.0), (ZOOYVYCWBAS, 9.5), (FJEJLQRLRFFISBEZJSBRI, 4.4), (JOWISAXSZHL, 4.3), (DHMDXUDCLYRRUYDTBXKPLPPZW, 3.1)].
Categoria later: [(AKLPPJCRIO, 3.4), (QYTXJHFSMLZSAPROHMWFBO, 5.6), (SSYVGBHIJHYMSW, 5.2), (CDXWHEQVHXLRBNYDWSEXA, 9.8), (QPLVZZOVOVHYLUZWAVH, 6.3), (LIQKNTPCOVWUOMGWYEDUJZORDJBXOD, 9.2), (ACEUXXCUUNJNCSDFXCJWONFWP, 9.0), (DRQVRKKP, 1.0), (KJNOGTJVLLXQKRZWRLWVDUCUHUALFHK, 1.5)].
Categoria top10: [(SFPSYCGISECJSYWPCFDZBHS, 6.9), (TQJOIOJOJHFMQAKYAP, 9.2), (WKZEHKLOMFQPLDHAAT, 9.0), (TVPXJL, 6.0), (ZOOYVYCWBAS, 9.5), (FJEJLQRLRFFISBEZJSBRI, 4.4), (JOWISAXSZHL, 4.3), (DHMDXUDCLYRRUYDTBXKPLPPZW, 3.1)].
Serialul RISWKJEFKJBPVPBWVMFXOMWTSMURFO se afla in coada de asteptare pe pozitia 10.
Serialul TVPXJL se afla in coada de asteptare pe pozitia 11.
Serialul DJCVHL a fost adaugat la pozitia 3.
Serialul EPSBNVEJFPENERTR a fost adaugat la pozitia 1.
Categoria top10: [(IHEGVFKNTVLXANZWEJHHUKHOEC, 9.0), (SFPSYCGISECJSYWPCFDZBHS, 6.9), (TQJOIOJOJHFMQAKYAP, 9.2), (WKZEHKLOMFQPLDHAAT, 9.0), (ZOOYVYCWBAS, 9.5), (FJEJLQRLRFFISBEZJSBRI, 4.4), (JOWISAXSZHL, 4.3), (DHMDXUDCLYRRUYDTBXKPLPPZW, 3.1)].
Categoria top10: [(IHEGVFKNTVLXANZWEJHHUKHOEC, 9.0), (SFPSYCGISECJSYWPCFDZBHS, 6.9), (TQJOIOJOJHFMQAKYAP, 9.2), (WKZEHKLOMFQPLDHAAT, 9.0), (ZOOYVYCWBAS, 9.5), (FJEJLQRLRFFISBEZJSBRI, 4.4), (GKBLNLSPLSSH, 7.0), (JOWISAXSZHL, 4.3), (DHMDXUDCLYRRUYDTBXKPLPPZW, 3.1)].
Categoria 1: [(VYMUVZVHKEVEABQRVSOEFTEAUCHKPZ, 8.5), (TUJHUXKDPLWKU, 6.1), (DJCVHL, 6.0), (ITXARJJCYUCCIHTCNJW, 5.7), (RXNIXEUDOA, 5.4), (ITBRWQCS, 4.7), (BJVPOHXXEYOFPGHO, 4.4), (UGBNTL, 3.0)].
Categoria later: [(AKLPPJCRIO, 3.4), (QYTXJHFSMLZSAPROHMWFBO, 5.6), (SSYVGBHIJHYMSW, 5.2), (CDXWHEQVHXLRBNYDWSEXA, 9.8), (QPLVZZOVOVHYLUZWAVH, 6.3), (LIQKNTPCOVWUOMGWYEDUJZORDJBXOD, 9.2), (ACEUXXCUUNJNCSDFXCJWONFWP, 9.0), (DRQVRKKP, 1.0), (KJNOGTJVLLXQKRZWRLWVDUCUHUALFHK, 1.5), (RISWKJEFKJBPVPBWVMFXOMWTSMURFO, 7.4), (TVPXJL, 6.0)].
Serialul ITBRWQCS se afla in coada de asteptare pe pozitia 12.
Serialul IHEGVFKNTVLXANZWEJHHUKHOEC se afla in coada de asteptare pe pozitia 13.
Serialul OXVEYIK a fost adaugat la pozitia 4.
Serialul QOAGRTAVCNZGGMNQJOJVS a fost adaugat la pozitia 1.
Categoria top10: [(SFPSYCGISECJSYWPCFDZBHS, 6.9), (JBUDIC, 4.0), (TQJOIOJOJHFMQAKYAP, 9.2), (WKZEHKLOMFQPLDHAAT, 9.0), (ZOOYVYCWBAS, 9.5), (FJEJLQRLRFFISBEZJSBRI, 4.4), (GKBLNLSPLSSH, 7.0), (JOWISAXSZHL, 4.3), (DHMDXUDCLYRRUYDTBXKPLPPZW, 3.1)].
Categoria top10: [(SFPSYCGISECJSYWPCFDZBHS, 6.9), (JBUDIC, 4.0), (TQJOIOJOJHFMQAKYAP, 9.2), (WKZEHKLOMFQPLDHAAT, 9.0), (VQZQCHBGGIAEXORWZVVTGWISZ, 9.6), (ZOOYVYCWBAS, 9.5), (FJEJLQRLRFFISBEZJSBRI, 4.4), (GKBLNLSPLSSH, 7.0), (JOWISAXSZHL, 4.3), (DHMDXUDCLYRRUYDTBXKPLPPZW, 3.1)].
Serialul LPGTHMSW a fost adaugat la pozitia 1.
Serialul AHZYNAON a fost adaugat la pozitia 1.
Serialul WLAQVYQBCZZLGHWQVC a fost adaugat la pozitia 4.
Serialul DMKRAEXPPTAFOB a fost adaugat la pozitia 3.
Serialul DUFZFXKAPNISEQAIMEXCHFOF se afla in coada de asteptare pe pozitia 14.
Categoria 3: [(QOAGRTAVCNZGGMNQJOJVS, 6.4), (IJOIDG, 6.1), (WLAQVYQBCZZLGHWQVC, 4.5), (IMJMOKWHAKKBDDRCVRBYKEBAFRPYL, 4.3), (OXVEYIK, 2.6)].
Categoria later: [(AKLPPJCRIO, 3.4), (QYTXJHFSMLZSAPROHMWFBO, 5.6), (SSYVGBHIJHYMSW, 5.2), (CDXWHEQVHXLRBNYDWSEXA, 9.8), (QPLVZZOVOVHYLUZWAVH, 6.3), (LIQKNTPCOVWUOMGWYEDUJZORDJBXOD, 9.2), (ACEUXXCUUNJNCSDFXCJWONFWP, 9.0), (DRQVRKKP, 1.0), (KJNOGTJVLLXQKRZWRLWVDUCUHUALFHK, 1.5), (RISWKJEFKJBPVPBWVMFXOMWTSMURFO, 7.4), (TVPXJL, 6.0), (ITBRWQCS, 4.7), (IHEGVFKNTVLXANZWEJHHUKHOEC, 9.0), (DUFZFXKAPNISEQAIMEXCHFOF, 6.0)].
Categoria 2: [(AHZYNAON, 8.0), (EPSBNVEJFPENERTR, 7.7)].
Categoria top10: [(SFPSYCGISECJSYWPCFDZBHS, 6.9), (JBUDIC, 4.0), (TQJOIOJOJHFMQAKYAP, 9.2), (WKZEHKLOMFQPLDHAAT, 9.0), (VQZQCHBGGIAEXORWZVVTGWISZ, 9.6), (ZOOYVYCWBAS, 9.5), (FJEJLQRLRFFISBEZJSBRI, 4.4), (GKBLNLSPLSSH, 7.0), (JOWISAXSZHL, 4.3), (DHMDXUDCLYRRUYDTBXKPLPPZW, 3.1)].
