Serialul DDHKFJSFXIXIFDAYCBKGQETPKOAXKPDG a fost adaugat la pozitia 1.
Serialul EDRTMGBWSFDNWTIC a fost adaugat la pozitia 1.
Serialul YHYHEBSETDBXCMHRNCUSVDVTLJMRSTST a fost adaugat la pozitia 2.
Serialul RHIUERMGJEBCV a fost adaugat la pozitia 1.
Serialul GDPUEPJYFEUSJQOUUKJWSDHURMRXK a fost adaugat la pozitia 3.
Serialul JUALVWWOGOVDDLROPVSHEAX a fost adaugat la pozitia 3.
Serialul ZCZQIEXSQSNXGGI a fost adaugat la pozitia 4.
Serialul NHGPRPDQTOXNZYYKJHHPIPJWVZGWTS a fost adaugat la pozitia 1.
Serialul EPKIMKFXVLDSFMUQG a fost adaugat la pozitia 1.
Serialul TKXEIRJIVZVZ a fost adaugat la pozitia 3.
Serialul DJVKNI a fost adaugat la pozitia 2.
Serialul KXEDDADNDHVORUOYACQXKW a fost adaugat la pozitia 2.
Serialul QTEPECBUPQPULCADBGW a fost adaugat la pozitia 2.
Serialul MFIBWYXINUOZRUUNZEW a fost adaugat la pozitia 2.
Serialul UEHRWYOMXCAQIDSPGJJPYHTPICHQUNRI a fost adaugat la pozitia 5.
Serialul TCAJRRGYVSFKNZCTTLOCYFCG a fost adaugat la pozitia 2.
Serialul PGXVNTKGOQTWMMKSMO a fost adaugat la pozitia 4.
Serialul QJEGQPOUKCGQCUJBZWTIA a fost adaugat la pozitia 7.
Serialul FSVOCFOHNVGNVINZEAHZJWRV a fost adaugat la pozitia 5.
Serialul ACCSQZUSPGRETX a fost adaugat la pozitia 1.
Serialul XXHMWKKQNXSBUJLTO a fost adaugat la pozitia 5.
Serialul RUBVWPGVY a fost adaugat la pozitia 7.
Serialul CMMTBIYQEACGDNAPPIDF a fost adaugat la pozitia 8.
Serialul GIGZC a fost adaugat la pozitia 7.
Serialul UYYSDAGUPJBFZUVPBEGBENVIKJN a fost adaugat la pozitia 1.
Serialul VRTFBURM a fost adaugat la pozitia 10.
Serialul AUWMPGDJIIVDBGLX a fost adaugat la pozitia 1.
Serialul AXNMBUNTHJIZRG a fost adaugat la pozitia 2.
Serialul IOOPRNIKGZRKGJTMDVLOMBB a fost adaugat la pozitia 5.
Serialul XYYUEXAHBPMWFIX a fost adaugat la pozitia 4.
Serialul SMAJVINUTRNFBAXCNZNZC a fost adaugat la pozitia 8.
Serialul BWLJKNQLJNDUGABCXJQBPPXTTDCKWU a fost adaugat la pozitia 8.
Serialul WKYFFBDAVTABHBBSRMNWHY a fost adaugat la pozitia 1.
Serialul REFKXHUYJNYJXR a fost adaugat la pozitia 3.
Serialul WOWWTRHNJIFGJLNCISOOWVWPXIZPJBIS a fost adaugat la pozitia 6.
Serialul EZBUSFNJMZNXQWACGS a fost adaugat la pozitia 9.
Serialul ISXND a fost adaugat la pozitia 1.
Serialul FMETQKTBKSZNSRCXELOGXBJKQ a fost adaugat la pozitia 5.
Serialul CEDVNTTDSMTNWTJQJLRWCJIMFQLIUDYA a fost adaugat la pozitia 7.
Serialul MYJRTOXFRQ a fost adaugat la pozitia 10.
Serialul WZDRQLSQSJACYKZFXHDVOMQWO a fost adaugat la pozitia 1.
Serialul AXXXRKYIQCOLSCOPRUIPHYVTVB a fost adaugat la pozitia 14.
Serialul GGBXAFXIOYYNCARFB a fost adaugat la pozitia 6.
Serialul AQSMU a fost adaugat la pozitia 11.
Serialul BWWBTNCYXYHVVQRVXSAMCSC a fost adaugat la pozitia 7.
Serialul BEKKFQKLESCUOCHTSJRYMM a fost adaugat la pozitia 9.
Serialul TNEWBAZNBNRG a fost adaugat la pozitia 14.
Serialul PZVQMGFRYTRRQ a fost adaugat la pozitia 14.
Serialul NWOITBRVR a fost adaugat la pozitia 11.
Serialul JSTCJLGTOWZZIJ a fost adaugat la pozitia 3.
Serialul NZBCHQ a fost adaugat la pozitia 17.
Serialul LFBCS a fost adaugat la pozitia 11.
Serialul UFYCVQDJJ a fost adaugat la pozitia 2.
Serialul ENKKSOCRKEMUVZQ a fost adaugat la pozitia 5.
Serialul KCKLYHZZXDIRNYTGNFQYXB a fost adaugat la pozitia 20.
Serialul XNRMLNTNTFJ a fost adaugat la pozitia 12.
Serialul VYWIKKAFWZSUIHDTVJRCEJL a fost adaugat la pozitia 1.
Serialul VYGPR a fost adaugat la pozitia 8.
Serialul IJXHEOMPVUCOVUAPLSSEMYWBRZW a fost adaugat la pozitia 8.
Serialul SBGFX a fost adaugat la pozitia 9.
Serialul QGQZNOHSLLCR a fost adaugat la pozitia 15.
Serialul SPLCZGOREJIUGY a fost adaugat la pozitia 7.
Serialul RLNUBILONTIKICBWF a fost adaugat la pozitia 5.
Serialul JRFHVAEYEAFJ a fost adaugat la pozitia 6.
Categoria 2: [(ISXND, 9.3), (UYYSDAGUPJBFZUVPBEGBENVIKJN, 9.3), (RHIUERMGJEBCV, 9.1), (MFIBWYXINUOZRUUNZEW, 9.0), (EDRTMGBWSFDNWTIC, 7.9), (IOOPRNIKGZRKGJTMDVLOMBB, 7.8), (SPLCZGOREJIUGY, 7.7), (BWWBTNCYXYHVVQRVXSAMCSC, 7.0), (PGXVNTKGOQTWMMKSMO, 5.9), (BEKKFQKLESCUOCHTSJRYMM, 5.3), (XXHMWKKQNXSBUJLTO, 4.7), (SMAJVINUTRNFBAXCNZNZC, 4.4), (XNRMLNTNTFJ, 3.4), (MYJRTOXFRQ, 3.0), (AQSMU, 2.9), (TNEWBAZNBNRG, 2.9), (JUALVWWOGOVDDLROPVSHEAX, 2.8), (UEHRWYOMXCAQIDSPGJJPYHTPICHQUNRI, 2.5), (CMMTBIYQEACGDNAPPIDF, 1.9), (VRTFBURM, 1.9), (QJEGQPOUKCGQCUJBZWTIA, 1.6)].
Categoria top10: [].
Categoria 3: [(WKYFFBDAVTABHBBSRMNWHY, 9.1), (UFYCVQDJJ, 8.7), (AUWMPGDJIIVDBGLX, 8.6), (DDHKFJSFXIXIFDAYCBKGQETPKOAXKPDG, 8.5), (TCAJRRGYVSFKNZCTTLOCYFCG, 7.5), (JRFHVAEYEAFJ, 7.4), (FMETQKTBKSZNSRCXELOGXBJKQ, 6.9), (GGBXAFXIOYYNCARFB, 6.9), (IJXHEOMPVUCOVUAPLSSEMYWBRZW, 6.1), (SBGFX, 5.6), (VYGPR, 5.0), (XYYUEXAHBPMWFIX, 4.8), (QTEPECBUPQPULCADBGW, 4.7), (YHYHEBSETDBXCMHRNCUSVDVTLJMRSTST, 4.6), (FSVOCFOHNVGNVINZEAHZJWRV, 4.0), (QGQZNOHSLLCR, 3.9), (LFBCS, 2.8), (NWOITBRVR, 2.6), (BWLJKNQLJNDUGABCXJQBPPXTTDCKWU, 2.1), (GDPUEPJYFEUSJQOUUKJWSDHURMRXK, 1.9), (RUBVWPGVY, 1.9), (PZVQMGFRYTRRQ, 1.7), (ZCZQIEXSQSNXGGI, 1.6), (NZBCHQ, 1.3), (KCKLYHZZXDIRNYTGNFQYXB, 1.0)].
