Serialul XAADMAQVFPMTNEQNGCVMFA a fost adaugat la pozitia 1.
Serialul DXKOIEFB a fost adaugat la pozitia 1.
Categoria top10: [(SRUMQBPFCBPNWGYGPGYQEDKHFDLJ, 3.5)].
Categoria top10: [(GWIOH, 4.7), (SRUMQBPFCBPNWGYGPGYQEDKHFDLJ, 3.5)].
Categoria watching: [].
Categoria 1: [(DXKOIEFB, 6.6)].
Categoria later: [].
Serialul SRUMQBPFCBPNWGYGPGYQEDKHFDLJ se afla in coada de asteptare pe pozitia 1.
Serialul DXKOIEFB se afla in coada de asteptare pe pozitia 2.
Serialul XAADMAQVFPMTNEQNGCVMFA a fost vizionat integral.
Serialul DXKOIEFB are un sezon nou.
Serialul GWIOH are un sezon nou.
Serialul NREDCFNCZYXVRBXZEU a fost adaugat la pozitia 1.
Serialul OFUKCHEOWBAORZOQSRKZAOIYQNMV a fost adaugat la pozitia 1.
Categoria top10: [(GFUTDQKRQNZACKK, 7.0), (GWIOH, 4.7)].
Categoria top10: [(GFUTDQKRQNZACKK, 7.0), (DHZNCVJDSVJJZNWLGBIGXXDCMIORF, 3.8), (GWIOH, 4.7)].
Serialul OFUKCHEOWBAORZOQSRKZAOIYQNMV are un sezon nou.
Serialul DXKOIEFB are un sezon nou.
Categoria top10: [].
Categoria 1: [(OFUKCHEOWBAORZOQSRKZAOIYQNMV, 8.5)].
Serialul OFUKCHEOWBAORZOQSRKZAOIYQNMV se afla in coada de asteptare pe pozitia 1.
Serialul WMVUVDVTBQCXRCMMORMHNMBNQ a fost adaugat la pozitia 1.
Serialul ONXRVDVVFQRKYYYKZS a fost adaugat la pozitia 1.
Serialul DHZNCVJDSVJJZNWLGBIGXXDCMIORF are un sezon nou.
Serialul DXKOIEFB are un sezon nou.
Categoria top10: [(LOXUWSAWRNXL, 8.4)].
Categoria top10: [(YPVOOSSZZMWHVRZRUUJAYFECFHFNFUT, 6.4), (LOXUWSAWRNXL, 8.4)].
Categoria 3: [(WMVUVDVTBQCXRCMMORMHNMBNQ, 6.7)].
Categoria top10: [(YPVOOSSZZMWHVRZRUUJAYFECFHFNFUT, 6.4), (LOXUWSAWRNXL, 8.4)].
Serialul LOXUWSAWRNXL se afla in coada de asteptare pe pozitia 1.
Serialul WMVUVDVTBQCXRCMMORMHNMBNQ se afla in coada de asteptare pe pozitia 2.
Serialul WMVUVDVTBQCXRCMMORMHNMBNQ a fost vizionat integral.
Serialul GFUTDQKRQNZACKK a fost vizionat integral.
Serialul OFUKCHEOWBAORZOQSRKZAOIYQNMV a fost vizionat integral.
Serialul NREDCFNCZYXVRBXZEU are un sezon nou.
Serialul LOXUWSAWRNXL are un sezon nou.
Serialul FTSDBCHOJLEO a fost adaugat la pozitia 1.
Serialul MZRHIEBSHIAWQAHXJMSKABRNRPPNS a fost adaugat la pozitia 1.
Categoria top10: [(VBAGPKDQFNVPMRPPRTORCSCONUYZARTF, 2.3), (YPVOOSSZZMWHVRZRUUJAYFECFHFNFUT, 6.4)].
Categoria top10: [(VBAGPKDQFNVPMRPPRTORCSCONUYZARTF, 2.3), (YPVOOSSZZMWHVRZRUUJAYFECFHFNFUT, 6.4), (OMXBNVTZIGFVGVSPZFQNJHFPRPQ, 6.4)].
Serialul CUHQFOWJZMNXBJEAMEATG a fost adaugat la pozitia 1.
Serialul VUGFNUHRGXVBIPRRMADN a fost adaugat la pozitia 1.
Serialul BSUUPYTOXIXE a fost adaugat la pozitia 1.
Serialul WQFLPSNMXQPJKEUQ a fost adaugat la pozitia 2.
Serialul WQFLPSNMXQPJKEUQ se afla in coada de asteptare pe pozitia 2.
Serialul WQFLPSNMXQPJKEUQ a fost vizionat integral.
Serialul YPVOOSSZZMWHVRZRUUJAYFECFHFNFUT are un sezon nou.
Serialul LOXUWSAWRNXL are un sezon nou.
Serialul SRUMQBPFCBPNWGYGPGYQEDKHFDLJ a fost vizionat integral.
Categoria watching: [(BSUUPYTOXIXE, 8.3), (NREDCFNCZYXVRBXZEU, 4.2), (LOXUWSAWRNXL, 8.4), (CUHQFOWJZMNXBJEAMEATG, 10.0), (MZRHIEBSHIAWQAHXJMSKABRNRPPNS, 7.3), (VUGFNUHRGXVBIPRRMADN, 5.3), (ONXRVDVVFQRKYYYKZS, 9.8), (DXKOIEFB, 6.6), (DHZNCVJDSVJJZNWLGBIGXXDCMIORF, 3.8), (GWIOH, 4.7)].
Categoria 1: [(FTSDBCHOJLEO, 5.7)].
Categoria 3: [].
Categoria history: [(SRUMQBPFCBPNWGYGPGYQEDKHFDLJ, 3.5), (WQFLPSNMXQPJKEUQ, 4.7), (OFUKCHEOWBAORZOQSRKZAOIYQNMV, 8.5), (GFUTDQKRQNZACKK, 7.0), (WMVUVDVTBQCXRCMMORMHNMBNQ, 6.7), (XAADMAQVFPMTNEQNGCVMFA, 1.5)].
Serialul YPVOOSSZZMWHVRZRUUJAYFECFHFNFUT se afla in coada de asteptare pe pozitia 1.
Categoria watching: [(DXKOIEFB, 6.6), (OMXBNVTZIGFVGVSPZFQNJHFPRPQ, 6.4), (NREDCFNCZYXVRBXZEU, 4.2), (CUHQFOWJZMNXBJEAMEATG, 10.0), (BSUUPYTOXIXE, 8.3), (LOXUWSAWRNXL, 8.4), (MZRHIEBSHIAWQAHXJMSKABRNRPPNS, 7.3), (VUGFNUHRGXVBIPRRMADN, 5.3), (ONXRVDVVFQRKYYYKZS, 9.8), (DHZNCVJDSVJJZNWLGBIGXXDCMIORF, 3.8), (GWIOH, 4.7)].
Categoria history: [(SRUMQBPFCBPNWGYGPGYQEDKHFDLJ, 3.5), (WQFLPSNMXQPJKEUQ, 4.7), (OFUKCHEOWBAORZOQSRKZAOIYQNMV, 8.5), (GFUTDQKRQNZACKK, 7.0), (WMVUVDVTBQCXRCMMORMHNMBNQ, 6.7), (XAADMAQVFPMTNEQNGCVMFA, 1.5)].
Categoria 1: [(FTSDBCHOJLEO, 5.7)].
Categoria later: [(YPVOOSSZZMWHVRZRUUJAYFECFHFNFUT, 6.4)].
Serialul GFLFGVVGQRCQ a fost adaugat la pozitia 2.
Serialul UWCRVZPQPKJA a fost adaugat la pozitia 1.
Categoria top10: [(VBAGPKDQFNVPMRPPRTORCSCONUYZARTF, 2.3), (NMIVUWYUSNBQVRNSDUUFXKTWJX, 4.0)].
Categoria top10: [(VBAGPKDQFNVPMRPPRTORCSCONUYZARTF, 2.3), (NMIVUWYUSNBQVRNSDUUFXKTWJX, 4.0), (ICSUWFXBXIADU, 3.3)].
Categoria later: [(YPVOOSSZZMWHVRZRUUJAYFECFHFNFUT, 6.4)].
Categoria 3: [].
Categoria watching: [(DXKOIEFB, 6.6), (OMXBNVTZIGFVGVSPZFQNJHFPRPQ, 6.4), (NREDCFNCZYXVRBXZEU, 4.2), (CUHQFOWJZMNXBJEAMEATG, 10.0), (BSUUPYTOXIXE, 8.3), (LOXUWSAWRNXL, 8.4), (MZRHIEBSHIAWQAHXJMSKABRNRPPNS, 7.3), (VUGFNUHRGXVBIPRRMADN, 5.3), (ONXRVDVVFQRKYYYKZS, 9.8), (DHZNCVJDSVJJZNWLGBIGXXDCMIORF, 3.8), (GWIOH, 4.7)].
Serialul NMIVUWYUSNBQVRNSDUUFXKTWJX se afla in coada de asteptare pe pozitia 2.
Serialul VBAGPKDQFNVPMRPPRTORCSCONUYZARTF se afla in coada de asteptare pe pozitia 3.
Serialul OMXBNVTZIGFVGVSPZFQNJHFPRPQ a fost vizionat integral.
Serialul YPVOOSSZZMWHVRZRUUJAYFECFHFNFUT are un sezon nou.
Serialul UWCRVZPQPKJA are un sezon nou.
Serialul LYQBAEKHVZRQQITQQTVRY a fost adaugat la pozitia 1.
Serialul OZCWUOHCFUYSWPGHAASQH a fost adaugat la pozitia 1.
Categoria top10: [(ICSUWFXBXIADU, 3.3), (NAIMFHWLLCOVTLGPEKFLQVXUVGSP, 5.0)].
Categoria top10: [(ICSUWFXBXIADU, 3.3), (HDWNIQSOCEWCXJRWFXWNAFUMZWLJ, 7.9), (NAIMFHWLLCOVTLGPEKFLQVXUVGSP, 5.0)].
Serialul NAIMFHWLLCOVTLGPEKFLQVXUVGSP are un sezon nou.
Serialul YPVOOSSZZMWHVRZRUUJAYFECFHFNFUT are un sezon nou.
Serialul ICSUWFXBXIADU a fost vizionat integral.
Categoria history: [(ICSUWFXBXIADU, 3.3), (OMXBNVTZIGFVGVSPZFQNJHFPRPQ, 6.4), (SRUMQBPFCBPNWGYGPGYQEDKHFDLJ, 3.5), (WQFLPSNMXQPJKEUQ, 4.7), (OFUKCHEOWBAORZOQSRKZAOIYQNMV, 8.5), (GFUTDQKRQNZACKK, 7.0), (WMVUVDVTBQCXRCMMORMHNMBNQ, 6.7), (XAADMAQVFPMTNEQNGCVMFA, 1.5)].
Categoria 3: [].
Serialul DALBENNNVSSMHBRLVJTMATMOQB a fost adaugat la pozitia 1.
Serialul SIQHWSBCTPGWOAZRDEMOP a fost adaugat la pozitia 1.
Categoria top10: [(RJLKTNXZSY, 4.5), (HDWNIQSOCEWCXJRWFXWNAFUMZWLJ, 7.9)].
Categoria top10: [(RJLKTNXZSY, 4.5), (HDWNIQSOCEWCXJRWFXWNAFUMZWLJ, 7.9), (DZXWDENJNRTSA, 5.4)].
Categoria 2: [(DALBENNNVSSMHBRLVJTMATMOQB, 6.6), (LYQBAEKHVZRQQITQQTVRY, 6.6), (UWCRVZPQPKJA, 6.2)].
Categoria 3: [(SIQHWSBCTPGWOAZRDEMOP, 4.7)].
Categoria top10: [(RJLKTNXZSY, 4.5), (HDWNIQSOCEWCXJRWFXWNAFUMZWLJ, 7.9), (DZXWDENJNRTSA, 5.4)].
Serialul FTSDBCHOJLEO se afla in coada de asteptare pe pozitia 3.
Serialul OZCWUOHCFUYSWPGHAASQH se afla in coada de asteptare pe pozitia 4.
Serialul VBAGPKDQFNVPMRPPRTORCSCONUYZARTF are un sezon nou.
Serialul DALBENNNVSSMHBRLVJTMATMOQB are un sezon nou.
Serialul DFECUIYQDK a fost adaugat la pozitia 1.
Serialul GTQNOOXSYEFC a fost adaugat la pozitia 1.
Categoria top10: [(YTKEDIIJLTSZNXTWFDQCTIXA, 3.8), (RJLKTNXZSY, 4.5), (HDWNIQSOCEWCXJRWFXWNAFUMZWLJ, 7.9)].
Categoria top10: [(YTKEDIIJLTSZNXTWFDQCTIXA, 3.8), (MRNKZMXVLXHMKNMDZEHXLPJPB, 6.3), (RJLKTNXZSY, 4.5), (HDWNIQSOCEWCXJRWFXWNAFUMZWLJ, 7.9)].
Serialul UWCRVZPQPKJA are un sezon nou.
Serialul ONXRVDVVFQRKYYYKZS are un sezon nou.
Serialul DZXWDENJNRTSA a fost vizionat integral.
Categoria 3: [].
Categoria history: [(DZXWDENJNRTSA, 5.4), (ICSUWFXBXIADU, 3.3), (OMXBNVTZIGFVGVSPZFQNJHFPRPQ, 6.4), (SRUMQBPFCBPNWGYGPGYQEDKHFDLJ, 3.5), (WQFLPSNMXQPJKEUQ, 4.7), (OFUKCHEOWBAORZOQSRKZAOIYQNMV, 8.5), (GFUTDQKRQNZACKK, 7.0), (WMVUVDVTBQCXRCMMORMHNMBNQ, 6.7), (XAADMAQVFPMTNEQNGCVMFA, 1.5)].
Serialul JMKOGKZUVNCOYEIRAVPLLAKM a fost adaugat la pozitia 1.
Serialul MZOFNTWDNKJHWQASNBQLQUUT a fost adaugat la pozitia 3.
Categoria top10: [(YTKEDIIJLTSZNXTWFDQCTIXA, 3.8), (SGKFXROUNIOUYZHSUI, 4.8), (MRNKZMXVLXHMKNMDZEHXLPJPB, 6.3), (HDWNIQSOCEWCXJRWFXWNAFUMZWLJ, 7.9)].
Categoria top10: [(XIWGWIWRXFC, 7.6), (YTKEDIIJLTSZNXTWFDQCTIXA, 3.8), (SGKFXROUNIOUYZHSUI, 4.8), (MRNKZMXVLXHMKNMDZEHXLPJPB, 6.3), (HDWNIQSOCEWCXJRWFXWNAFUMZWLJ, 7.9)].
Categoria history: [(DZXWDENJNRTSA, 5.4), (ICSUWFXBXIADU, 3.3), (OMXBNVTZIGFVGVSPZFQNJHFPRPQ, 6.4), (SRUMQBPFCBPNWGYGPGYQEDKHFDLJ, 3.5), (WQFLPSNMXQPJKEUQ, 4.7), (OFUKCHEOWBAORZOQSRKZAOIYQNMV, 8.5), (GFUTDQKRQNZACKK, 7.0), (WMVUVDVTBQCXRCMMORMHNMBNQ, 6.7), (XAADMAQVFPMTNEQNGCVMFA, 1.5)].
Categoria 3: [(JMKOGKZUVNCOYEIRAVPLLAKM, 7.0)].
Categoria watching: [(VBAGPKDQFNVPMRPPRTORCSCONUYZARTF, 2.3), (MZRHIEBSHIAWQAHXJMSKABRNRPPNS, 7.3), (VUGFNUHRGXVBIPRRMADN, 5.3), (RJLKTNXZSY, 4.5), (LOXUWSAWRNXL, 8.4), (GWIOH, 4.7), (YPVOOSSZZMWHVRZRUUJAYFECFHFNFUT, 6.4), (SIQHWSBCTPGWOAZRDEMOP, 4.7), (GFLFGVVGQRCQ, 3.0), (NREDCFNCZYXVRBXZEU, 4.2), (DHZNCVJDSVJJZNWLGBIGXXDCMIORF, 3.8), (NAIMFHWLLCOVTLGPEKFLQVXUVGSP, 5.0), (BSUUPYTOXIXE, 8.3), (CUHQFOWJZMNXBJEAMEATG, 10.0), (DXKOIEFB, 6.6), (ONXRVDVVFQRKYYYKZS, 9.8)].
Serialul LYQBAEKHVZRQQITQQTVRY se afla in coada de asteptare pe pozitia 4.
Serialul UWCRVZPQPKJA se afla in coada de asteptare pe pozitia 5.
Serialul DFECUIYQDK are un sezon nou.
Serialul BSUUPYTOXIXE are un sezon nou.
Serialul OXOXQAIUYTOUQJUQVRQMZPDWJJLXPA a fost adaugat la pozitia 2.
Serialul ZXSHTGLYGRULYRUSEKENLJHPZXJLQ a fost adaugat la pozitia 2.
Categoria top10: [(XIWGWIWRXFC, 7.6), (YTKEDIIJLTSZNXTWFDQCTIXA, 3.8), (SGKFXROUNIOUYZHSUI, 4.8), (HDWNIQSOCEWCXJRWFXWNAFUMZWLJ, 7.9), (AOOJEYWYXRSBWAXULPBVFEEV, 7.1)].
Categoria top10: [(XIWGWIWRXFC, 7.6), (YTKEDIIJLTSZNXTWFDQCTIXA, 3.8), (SGKFXROUNIOUYZHSUI, 4.8), (HDWNIQSOCEWCXJRWFXWNAFUMZWLJ, 7.9), (AOOJEYWYXRSBWAXULPBVFEEV, 7.1), (BYNWFPVPUIGAC, 7.8)].
Serialul SIQHWSBCTPGWOAZRDEMOP are un sezon nou.
Serialul ZXSHTGLYGRULYRUSEKENLJHPZXJLQ are un sezon nou.
Categoria 2: [(OXOXQAIUYTOUQJUQVRQMZPDWJJLXPA, 2.9)].
Categoria watching: [(GFLFGVVGQRCQ, 3.0), (GWIOH, 4.7), (UWCRVZPQPKJA, 6.2), (DALBENNNVSSMHBRLVJTMATMOQB, 6.6), (YPVOOSSZZMWHVRZRUUJAYFECFHFNFUT, 6.4), (OZCWUOHCFUYSWPGHAASQH, 7.7), (CUHQFOWJZMNXBJEAMEATG, 10.0), (MRNKZMXVLXHMKNMDZEHXLPJPB, 6.3), (RJLKTNXZSY, 4.5), (FTSDBCHOJLEO, 5.7), (VBAGPKDQFNVPMRPPRTORCSCONUYZARTF, 2.3), (MZRHIEBSHIAWQAHXJMSKABRNRPPNS, 7.3), (VUGFNUHRGXVBIPRRMADN, 5.3), (LOXUWSAWRNXL, 8.4), (SIQHWSBCTPGWOAZRDEMOP, 4.7), (NREDCFNCZYXVRBXZEU, 4.2), (DHZNCVJDSVJJZNWLGBIGXXDCMIORF, 3.8), (NAIMFHWLLCOVTLGPEKFLQVXUVGSP, 5.0), (BSUUPYTOXIXE, 8.3), (DXKOIEFB, 6.6), (ONXRVDVVFQRKYYYKZS, 9.8)].
