Serialul ZIHCUBPKTFHPQAQTKXLIYRQAUEFCDK a fost adaugat la pozitia 1.
Serialul YUXIJJTVXNCYRZB a fost adaugat la pozitia 1.
Categoria 1: [(ZIHCUBPKTFHPQAQTKXLIYRQAUEFCDK, 4.9)].
Categoria 3: [].
Serialul VZHZSJODUXD a fost adaugat la pozitia 1.
Serialul GRDESVWZOYXNEJPTSIZOSMVH a fost adaugat la pozitia 1.
Categoria 3: [(GRDESVWZOYXNEJPTSIZOSMVH, 4.4)].
Categoria 1: [(VZHZSJODUXD, 6.5), (ZIHCUBPKTFHPQAQTKXLIYRQAUEFCDK, 4.9)].
Serialul JOAKNYFQWFODCUFHYPXVLHH a fost adaugat la pozitia 3.
Serialul UHMYJNNBNHUTGYRVMDJYI a fost adaugat la pozitia 2.
Categoria 1: [(VZHZSJODUXD, 6.5), (ZIHCUBPKTFHPQAQTKXLIYRQAUEFCDK, 4.9), (JOAKNYFQWFODCUFHYPXVLHH, 4.2)].
Categoria 3: [(GRDESVWZOYXNEJPTSIZOSMVH, 4.4), (UHMYJNNBNHUTGYRVMDJYI, 2.4)].
Serialul VDDTVLRATJQJFOB a fost adaugat la pozitia 1.
Serialul ODFNZWKTDBD a fost adaugat la pozitia 3.
Categoria 1: [(VZHZSJODUXD, 6.5), (ZIHCUBPKTFHPQAQTKXLIYRQAUEFCDK, 4.9), (JOAKNYFQWFODCUFHYPXVLHH, 4.2)].
Categoria 3: [(GRDESVWZOYXNEJPTSIZOSMVH, 4.4), (UHMYJNNBNHUTGYRVMDJYI, 2.4)].
Serialul GGWVIXSVCYCKJTENEVMEZXJKO a fost adaugat la pozitia 4.
Serialul RJBEKRQIIEPX a fost adaugat la pozitia 1.
Categoria 2: [(VDDTVLRATJQJFOB, 7.7), (YUXIJJTVXNCYRZB, 7.5), (ODFNZWKTDBD, 6.8), (GGWVIXSVCYCKJTENEVMEZXJKO, 4.7)].
Categoria 3: [(RJBEKRQIIEPX, 6.8), (GRDESVWZOYXNEJPTSIZOSMVH, 4.4), (UHMYJNNBNHUTGYRVMDJYI, 2.4)].
Serialul DBTWBWAELHRAEXUXZHLZBJGM a fost adaugat la pozitia 5.
Serialul ZBPHZGFEFBNPSBFSVNAHZIHJYAG a fost adaugat la pozitia 1.
Categoria 1: [(VZHZSJODUXD, 6.5), (ZIHCUBPKTFHPQAQTKXLIYRQAUEFCDK, 4.9), (JOAKNYFQWFODCUFHYPXVLHH, 4.2)].
Categoria top10: [].
Serialul XLZVOULFRVJMPHOSKWYAUGDGREBRBU a fost adaugat la pozitia 1.
Serialul FUSSLZ a fost adaugat la pozitia 4.
Categoria 3: [(XLZVOULFRVJMPHOSKWYAUGDGREBRBU, 9.3), (ZBPHZGFEFBNPSBFSVNAHZIHJYAG, 7.1), (RJBEKRQIIEPX, 6.8), (FUSSLZ, 4.5), (GRDESVWZOYXNEJPTSIZOSMVH, 4.4), (UHMYJNNBNHUTGYRVMDJYI, 2.4)].
Categoria 1: [(VZHZSJODUXD, 6.5), (ZIHCUBPKTFHPQAQTKXLIYRQAUEFCDK, 4.9), (JOAKNYFQWFODCUFHYPXVLHH, 4.2)].
Serialul RNZCYFJOTPG a fost adaugat la pozitia 5.
Serialul GLMHLRHW a fost adaugat la pozitia 2.
Categoria 1: [(VZHZSJODUXD, 6.5), (ZIHCUBPKTFHPQAQTKXLIYRQAUEFCDK, 4.9), (JOAKNYFQWFODCUFHYPXVLHH, 4.2)].
Categoria 3: [(XLZVOULFRVJMPHOSKWYAUGDGREBRBU, 9.3), (GLMHLRHW, 8.3), (ZBPHZGFEFBNPSBFSVNAHZIHJYAG, 7.1), (RJBEKRQIIEPX, 6.8), (FUSSLZ, 4.5), (GRDESVWZOYXNEJPTSIZOSMVH, 4.4), (UHMYJNNBNHUTGYRVMDJYI, 2.4)].
Categoria top10: [].
Categoria 2: [(VDDTVLRATJQJFOB, 7.7), (YUXIJJTVXNCYRZB, 7.5), (ODFNZWKTDBD, 6.8), (GGWVIXSVCYCKJTENEVMEZXJKO, 4.7), (RNZCYFJOTPG, 2.6), (DBTWBWAELHRAEXUXZHLZBJGM, 1.5)].
