Serialul QRTXFVIVXLLYRSCAIJMYXZ a fost adaugat la pozitia 1.
Serialul WYKGOKNQCZMSDKCZY a fost adaugat la pozitia 2.
Categoria top10: [].
Categoria 3: [].
Serialul DKWJXENCMHPZWBBYBFKXQCIXCG a fost adaugat la pozitia 1.
Serialul YXKEAXWXVEBDQOGLZFVNB a fost adaugat la pozitia 1.
Categoria 3: [(DKWJXENCMHPZWBBYBFKXQCIXCG, 4.8)].
Categoria 1: [(QRTXFVIVXLLYRSCAIJMYXZ, 7.6), (WYKGOKNQCZMSDKCZY, 4.2)].
Serialul IYTPEDLUAAKGZCA a fost adaugat la pozitia 1.
Serialul PWXFZTABAXPFHPKFJEB a fost adaugat la pozitia 1.
Categoria 1: [(QRTXFVIVXLLYRSCAIJMYXZ, 7.6), (WYKGOKNQCZMSDKCZY, 4.2)].
Categoria top10: [].
Serialul TYOGLHPOWWWEUGSYUWUHTTLLHXOIBBH a fost adaugat la pozitia 3.
Serialul IWLNHEXBZAIVAHCULVPJZHWDP a fost adaugat la pozitia 1.
Categoria 1: [(QRTXFVIVXLLYRSCAIJMYXZ, 7.6), (WYKGOKNQCZMSDKCZY, 4.2), (TYOGLHPOWWWEUGSYUWUHTTLLHXOIBBH, 2.2)].
Categoria 3: [(PWXFZTABAXPFHPKFJEB, 9.9), (DKWJXENCMHPZWBBYBFKXQCIXCG, 4.8)].
Serialul LJSDFPLEEHEKZWPAMIMV a fost adaugat la pozitia 3.
Serialul PEGRMRSFUTMQPUBKGIGWESJTQRL a fost adaugat la pozitia 1.
Categoria 1: [(PEGRMRSFUTMQPUBKGIGWESJTQRL, 8.1), (QRTXFVIVXLLYRSCAIJMYXZ, 7.6), (WYKGOKNQCZMSDKCZY, 4.2), (TYOGLHPOWWWEUGSYUWUHTTLLHXOIBBH, 2.2)].
Categoria top10: [].
Serialul KEXQQXHZGTVZBGEXVJCLEBSMEUHSDD a fost adaugat la pozitia 5.
Serialul WVAJMFY a fost adaugat la pozitia 6.
Categoria top10: [].
Categoria 1: [(PEGRMRSFUTMQPUBKGIGWESJTQRL, 8.1), (QRTXFVIVXLLYRSCAIJMYXZ, 7.6), (WYKGOKNQCZMSDKCZY, 4.2), (TYOGLHPOWWWEUGSYUWUHTTLLHXOIBBH, 2.2)].
Serialul RFQSJUPRWEH a fost adaugat la pozitia 7.
Serialul AMZHXAQRGWAJJBTEAEJERZTCFFLPACOQ a fost adaugat la pozitia 3.
Categoria 3: [(PWXFZTABAXPFHPKFJEB, 9.9), (DKWJXENCMHPZWBBYBFKXQCIXCG, 4.8)].
Categoria 2: [(IWLNHEXBZAIVAHCULVPJZHWDP, 9.0), (IYTPEDLUAAKGZCA, 8.4), (AMZHXAQRGWAJJBTEAEJERZTCFFLPACOQ, 8.1), (LJSDFPLEEHEKZWPAMIMV, 7.3), (YXKEAXWXVEBDQOGLZFVNB, 6.6), (KEXQQXHZGTVZBGEXVJCLEBSMEUHSDD, 6.3), (WVAJMFY, 6.3), (RFQSJUPRWEH, 4.5)].
Serialul LMQVISQJKDIN a fost adaugat la pozitia 3.
Serialul PQJWUXGMDZWNPYFDLAJUSZDBUSNVVOR a fost adaugat la pozitia 3.
Categoria 1: [(PEGRMRSFUTMQPUBKGIGWESJTQRL, 8.1), (QRTXFVIVXLLYRSCAIJMYXZ, 7.6), (LMQVISQJKDIN, 4.2), (WYKGOKNQCZMSDKCZY, 4.2), (TYOGLHPOWWWEUGSYUWUHTTLLHXOIBBH, 2.2)].
Categoria 3: [(PWXFZTABAXPFHPKFJEB, 9.9), (DKWJXENCMHPZWBBYBFKXQCIXCG, 4.8), (PQJWUXGMDZWNPYFDLAJUSZDBUSNVVOR, 2.5)].
Categoria 2: [(IWLNHEXBZAIVAHCULVPJZHWDP, 9.0), (IYTPEDLUAAKGZCA, 8.4), (AMZHXAQRGWAJJBTEAEJERZTCFFLPACOQ, 8.1), (LJSDFPLEEHEKZWPAMIMV, 7.3), (YXKEAXWXVEBDQOGLZFVNB, 6.6), (KEXQQXHZGTVZBGEXVJCLEBSMEUHSDD, 6.3), (WVAJMFY, 6.3), (RFQSJUPRWEH, 4.5)].
Categoria top10: [].
Serialul MRQONXUBVTKZDJPQXUUISOORLXCMIEE a fost adaugat la pozitia 6.
Serialul NOWGXQXWB a fost adaugat la pozitia 2.
Categoria 2: [(IWLNHEXBZAIVAHCULVPJZHWDP, 9.0), (NOWGXQXWB, 8.8), (IYTPEDLUAAKGZCA, 8.4), (AMZHXAQRGWAJJBTEAEJERZTCFFLPACOQ, 8.1), (LJSDFPLEEHEKZWPAMIMV, 7.3), (YXKEAXWXVEBDQOGLZFVNB, 6.6), (KEXQQXHZGTVZBGEXVJCLEBSMEUHSDD, 6.3), (WVAJMFY, 6.3), (RFQSJUPRWEH, 4.5)].
Categoria 3: [(PWXFZTABAXPFHPKFJEB, 9.9), (DKWJXENCMHPZWBBYBFKXQCIXCG, 4.8), (PQJWUXGMDZWNPYFDLAJUSZDBUSNVVOR, 2.5)].
Serialul JQQCRMZWXPKJJULPMQRGZS a fost adaugat la pozitia 1.
Serialul OHNDGCPVCZZDJLQJLUIHOT a fost adaugat la pozitia 4.
Categoria 3: [(PWXFZTABAXPFHPKFJEB, 9.9), (DKWJXENCMHPZWBBYBFKXQCIXCG, 4.8), (PQJWUXGMDZWNPYFDLAJUSZDBUSNVVOR, 2.5)].
Categoria 2: [(JQQCRMZWXPKJJULPMQRGZS, 9.9), (IWLNHEXBZAIVAHCULVPJZHWDP, 9.0), (NOWGXQXWB, 8.8), (OHNDGCPVCZZDJLQJLUIHOT, 8.5), (IYTPEDLUAAKGZCA, 8.4), (AMZHXAQRGWAJJBTEAEJERZTCFFLPACOQ, 8.1), (LJSDFPLEEHEKZWPAMIMV, 7.3), (YXKEAXWXVEBDQOGLZFVNB, 6.6), (KEXQQXHZGTVZBGEXVJCLEBSMEUHSDD, 6.3), (WVAJMFY, 6.3), (RFQSJUPRWEH, 4.5)].
Serialul UGNGADG a fost adaugat la pozitia 2.
Serialul ELDRCYGLKOO a fost adaugat la pozitia 3.
Categoria 1: [(PEGRMRSFUTMQPUBKGIGWESJTQRL, 8.1), (QRTXFVIVXLLYRSCAIJMYXZ, 7.6), (ELDRCYGLKOO, 6.9), (LMQVISQJKDIN, 4.2), (WYKGOKNQCZMSDKCZY, 4.2), (TYOGLHPOWWWEUGSYUWUHTTLLHXOIBBH, 2.2), (MRQONXUBVTKZDJPQXUUISOORLXCMIEE, 1.6)].
Categoria 2: [(JQQCRMZWXPKJJULPMQRGZS, 9.9), (IWLNHEXBZAIVAHCULVPJZHWDP, 9.0), (NOWGXQXWB, 8.8), (OHNDGCPVCZZDJLQJLUIHOT, 8.5), (IYTPEDLUAAKGZCA, 8.4), (AMZHXAQRGWAJJBTEAEJERZTCFFLPACOQ, 8.1), (LJSDFPLEEHEKZWPAMIMV, 7.3), (YXKEAXWXVEBDQOGLZFVNB, 6.6), (KEXQQXHZGTVZBGEXVJCLEBSMEUHSDD, 6.3), (WVAJMFY, 6.3), (RFQSJUPRWEH, 4.5)].
Categoria 3: [(PWXFZTABAXPFHPKFJEB, 9.9), (UGNGADG, 8.6), (DKWJXENCMHPZWBBYBFKXQCIXCG, 4.8), (PQJWUXGMDZWNPYFDLAJUSZDBUSNVVOR, 2.5)].
Serialul VKSOFJVZM a fost adaugat la pozitia 8.
Serialul VVNVPJZWWILQJTLFU a fost adaugat la pozitia 9.
Categoria 2: [(JQQCRMZWXPKJJULPMQRGZS, 9.9), (IWLNHEXBZAIVAHCULVPJZHWDP, 9.0), (NOWGXQXWB, 8.8), (OHNDGCPVCZZDJLQJLUIHOT, 8.5), (IYTPEDLUAAKGZCA, 8.4), (AMZHXAQRGWAJJBTEAEJERZTCFFLPACOQ, 8.1), (LJSDFPLEEHEKZWPAMIMV, 7.3), (YXKEAXWXVEBDQOGLZFVNB, 6.6), (KEXQQXHZGTVZBGEXVJCLEBSMEUHSDD, 6.3), (WVAJMFY, 6.3), (RFQSJUPRWEH, 4.5)].
Categoria top10: [].
Serialul NMNOYSXDWUXTXAEOEFVQV a fost adaugat la pozitia 2.
Serialul RLNDCKL a fost adaugat la pozitia 3.
Categoria 3: [(PWXFZTABAXPFHPKFJEB, 9.9), (UGNGADG, 8.6), (RLNDCKL, 8.2), (DKWJXENCMHPZWBBYBFKXQCIXCG, 4.8), (PQJWUXGMDZWNPYFDLAJUSZDBUSNVVOR, 2.5)].
Categoria top10: [].
Serialul PRHRZ a fost adaugat la pozitia 6.
Serialul EEPOUXTNCAMYB a fost adaugat la pozitia 11.
Categoria 1: [(PEGRMRSFUTMQPUBKGIGWESJTQRL, 8.1), (NMNOYSXDWUXTXAEOEFVQV, 7.9), (QRTXFVIVXLLYRSCAIJMYXZ, 7.6), (ELDRCYGLKOO, 6.9), (LMQVISQJKDIN, 4.2), (WYKGOKNQCZMSDKCZY, 4.2), (TYOGLHPOWWWEUGSYUWUHTTLLHXOIBBH, 2.2), (MRQONXUBVTKZDJPQXUUISOORLXCMIEE, 1.6), (VKSOFJVZM, 1.5), (VVNVPJZWWILQJTLFU, 1.3)].
Categoria 3: [(PWXFZTABAXPFHPKFJEB, 9.9), (UGNGADG, 8.6), (RLNDCKL, 8.2), (DKWJXENCMHPZWBBYBFKXQCIXCG, 4.8), (PQJWUXGMDZWNPYFDLAJUSZDBUSNVVOR, 2.5), (PRHRZ, 1.7)].
Serialul TWFOSFCMINXQKBJMJI a fost adaugat la pozitia 3.
Serialul XPVNMLBHFUH a fost adaugat la pozitia 2.
Categoria 1: [(PEGRMRSFUTMQPUBKGIGWESJTQRL, 8.1), (NMNOYSXDWUXTXAEOEFVQV, 7.9), (TWFOSFCMINXQKBJMJI, 7.8), (QRTXFVIVXLLYRSCAIJMYXZ, 7.6), (ELDRCYGLKOO, 6.9), (LMQVISQJKDIN, 4.2), (WYKGOKNQCZMSDKCZY, 4.2), (TYOGLHPOWWWEUGSYUWUHTTLLHXOIBBH, 2.2), (MRQONXUBVTKZDJPQXUUISOORLXCMIEE, 1.6), (VKSOFJVZM, 1.5), (VVNVPJZWWILQJTLFU, 1.3)].
Categoria 3: [(PWXFZTABAXPFHPKFJEB, 9.9), (XPVNMLBHFUH, 9.7), (UGNGADG, 8.6), (RLNDCKL, 8.2), (DKWJXENCMHPZWBBYBFKXQCIXCG, 4.8), (PQJWUXGMDZWNPYFDLAJUSZDBUSNVVOR, 2.5), (PRHRZ, 1.7)].
Serialul IMPJD a fost adaugat la pozitia 6.
Serialul DCNRCOXHFJVLXITJVCZPIALWQXE a fost adaugat la pozitia 6.
Categoria 3: [(PWXFZTABAXPFHPKFJEB, 9.9), (XPVNMLBHFUH, 9.7), (UGNGADG, 8.6), (RLNDCKL, 8.2), (DKWJXENCMHPZWBBYBFKXQCIXCG, 4.8), (IMPJD, 4.1), (PQJWUXGMDZWNPYFDLAJUSZDBUSNVVOR, 2.5), (PRHRZ, 1.7)].
Categoria top10: [].
Categoria 1: [(PEGRMRSFUTMQPUBKGIGWESJTQRL, 8.1), (NMNOYSXDWUXTXAEOEFVQV, 7.9), (TWFOSFCMINXQKBJMJI, 7.8), (QRTXFVIVXLLYRSCAIJMYXZ, 7.6), (ELDRCYGLKOO, 6.9), (DCNRCOXHFJVLXITJVCZPIALWQXE, 4.8), (LMQVISQJKDIN, 4.2), (WYKGOKNQCZMSDKCZY, 4.2), (TYOGLHPOWWWEUGSYUWUHTTLLHXOIBBH, 2.2), (MRQONXUBVTKZDJPQXUUISOORLXCMIEE, 1.6), (VKSOFJVZM, 1.5), (VVNVPJZWWILQJTLFU, 1.3)].
Categoria 2: [(JQQCRMZWXPKJJULPMQRGZS, 9.9), (IWLNHEXBZAIVAHCULVPJZHWDP, 9.0), (NOWGXQXWB, 8.8), (OHNDGCPVCZZDJLQJLUIHOT, 8.5), (IYTPEDLUAAKGZCA, 8.4), (AMZHXAQRGWAJJBTEAEJERZTCFFLPACOQ, 8.1), (LJSDFPLEEHEKZWPAMIMV, 7.3), (YXKEAXWXVEBDQOGLZFVNB, 6.6), (KEXQQXHZGTVZBGEXVJCLEBSMEUHSDD, 6.3), (WVAJMFY, 6.3), (EEPOUXTNCAMYB, 4.6), (RFQSJUPRWEH, 4.5)].
Serialul KUQUOMRKRTY a fost adaugat la pozitia 9.
Serialul LGYZYAGGPCZQIJ a fost adaugat la pozitia 5.
Categoria top10: [].
Categoria 3: [(PWXFZTABAXPFHPKFJEB, 9.9), (XPVNMLBHFUH, 9.7), (UGNGADG, 8.6), (RLNDCKL, 8.2), (LGYZYAGGPCZQIJ, 7.8), (DKWJXENCMHPZWBBYBFKXQCIXCG, 4.8), (IMPJD, 4.1), (PQJWUXGMDZWNPYFDLAJUSZDBUSNVVOR, 2.5), (PRHRZ, 1.7)].
Serialul FQMFVDKNV a fost adaugat la pozitia 13.
Serialul SNEHYFYWSCPOJ a fost adaugat la pozitia 10.
Categoria 1: [(PEGRMRSFUTMQPUBKGIGWESJTQRL, 8.1), (NMNOYSXDWUXTXAEOEFVQV, 7.9), (TWFOSFCMINXQKBJMJI, 7.8), (QRTXFVIVXLLYRSCAIJMYXZ, 7.6), (ELDRCYGLKOO, 6.9), (DCNRCOXHFJVLXITJVCZPIALWQXE, 4.8), (LMQVISQJKDIN, 4.2), (WYKGOKNQCZMSDKCZY, 4.2), (KUQUOMRKRTY, 2.8), (SNEHYFYWSCPOJ, 2.8), (TYOGLHPOWWWEUGSYUWUHTTLLHXOIBBH, 2.2), (MRQONXUBVTKZDJPQXUUISOORLXCMIEE, 1.6), (VKSOFJVZM, 1.5), (VVNVPJZWWILQJTLFU, 1.3)].
Categoria 2: [(JQQCRMZWXPKJJULPMQRGZS, 9.9), (IWLNHEXBZAIVAHCULVPJZHWDP, 9.0), (NOWGXQXWB, 8.8), (OHNDGCPVCZZDJLQJLUIHOT, 8.5), (IYTPEDLUAAKGZCA, 8.4), (AMZHXAQRGWAJJBTEAEJERZTCFFLPACOQ, 8.1), (LJSDFPLEEHEKZWPAMIMV, 7.3), (YXKEAXWXVEBDQOGLZFVNB, 6.6), (KEXQQXHZGTVZBGEXVJCLEBSMEUHSDD, 6.3), (WVAJMFY, 6.3), (EEPOUXTNCAMYB, 4.6), (RFQSJUPRWEH, 4.5), (FQMFVDKNV, 1.8)].
Serialul KDDSBFOFITIJEBBJHTEMOW a fost adaugat la pozitia 13.
Serialul ZLDABPCWD a fost adaugat la pozitia 9.
Categoria 1: [(PEGRMRSFUTMQPUBKGIGWESJTQRL, 8.1), (NMNOYSXDWUXTXAEOEFVQV, 7.9), (TWFOSFCMINXQKBJMJI, 7.8), (QRTXFVIVXLLYRSCAIJMYXZ, 7.6), (ELDRCYGLKOO, 6.9), (DCNRCOXHFJVLXITJVCZPIALWQXE, 4.8), (LMQVISQJKDIN, 4.2), (WYKGOKNQCZMSDKCZY, 4.2), (KUQUOMRKRTY, 2.8), (SNEHYFYWSCPOJ, 2.8), (TYOGLHPOWWWEUGSYUWUHTTLLHXOIBBH, 2.2), (MRQONXUBVTKZDJPQXUUISOORLXCMIEE, 1.6), (VKSOFJVZM, 1.5), (VVNVPJZWWILQJTLFU, 1.3)].
Categoria 3: [(PWXFZTABAXPFHPKFJEB, 9.9), (XPVNMLBHFUH, 9.7), (UGNGADG, 8.6), (RLNDCKL, 8.2), (LGYZYAGGPCZQIJ, 7.8), (DKWJXENCMHPZWBBYBFKXQCIXCG, 4.8), (IMPJD, 4.1), (PQJWUXGMDZWNPYFDLAJUSZDBUSNVVOR, 2.5), (PRHRZ, 1.7)].
Serialul TPTMGEHXNTZKVJ a fost adaugat la pozitia 12.
Serialul XXFCIPCMHUDZFCIUW a fost adaugat la pozitia 6.
Categoria 2: [(JQQCRMZWXPKJJULPMQRGZS, 9.9), (IWLNHEXBZAIVAHCULVPJZHWDP, 9.0), (NOWGXQXWB, 8.8), (OHNDGCPVCZZDJLQJLUIHOT, 8.5), (IYTPEDLUAAKGZCA, 8.4), (AMZHXAQRGWAJJBTEAEJERZTCFFLPACOQ, 8.1), (LJSDFPLEEHEKZWPAMIMV, 7.3), (YXKEAXWXVEBDQOGLZFVNB, 6.6), (ZLDABPCWD, 6.6), (KEXQQXHZGTVZBGEXVJCLEBSMEUHSDD, 6.3), (WVAJMFY, 6.3), (TPTMGEHXNTZKVJ, 4.9), (EEPOUXTNCAMYB, 4.6), (RFQSJUPRWEH, 4.5), (KDDSBFOFITIJEBBJHTEMOW, 2.2), (FQMFVDKNV, 1.8)].
Categoria 1: [(PEGRMRSFUTMQPUBKGIGWESJTQRL, 8.1), (NMNOYSXDWUXTXAEOEFVQV, 7.9), (TWFOSFCMINXQKBJMJI, 7.8), (QRTXFVIVXLLYRSCAIJMYXZ, 7.6), (ELDRCYGLKOO, 6.9), (DCNRCOXHFJVLXITJVCZPIALWQXE, 4.8), (LMQVISQJKDIN, 4.2), (WYKGOKNQCZMSDKCZY, 4.2), (KUQUOMRKRTY, 2.8), (SNEHYFYWSCPOJ, 2.8), (TYOGLHPOWWWEUGSYUWUHTTLLHXOIBBH, 2.2), (MRQONXUBVTKZDJPQXUUISOORLXCMIEE, 1.6), (VKSOFJVZM, 1.5), (VVNVPJZWWILQJTLFU, 1.3)].
Serialul VUBPAWIFPTNDFMKWEXEWDNCDZO a fost adaugat la pozitia 6.
Serialul RMVZJMZKYVYMJKYGNQYTAUREBVBM a fost adaugat la pozitia 6.
Categoria 2: [(JQQCRMZWXPKJJULPMQRGZS, 9.9), (IWLNHEXBZAIVAHCULVPJZHWDP, 9.0), (NOWGXQXWB, 8.8), (OHNDGCPVCZZDJLQJLUIHOT, 8.5), (IYTPEDLUAAKGZCA, 8.4), (AMZHXAQRGWAJJBTEAEJERZTCFFLPACOQ, 8.1), (LJSDFPLEEHEKZWPAMIMV, 7.3), (YXKEAXWXVEBDQOGLZFVNB, 6.6), (ZLDABPCWD, 6.6), (KEXQQXHZGTVZBGEXVJCLEBSMEUHSDD, 6.3), (WVAJMFY, 6.3), (TPTMGEHXNTZKVJ, 4.9), (EEPOUXTNCAMYB, 4.6), (RFQSJUPRWEH, 4.5), (KDDSBFOFITIJEBBJHTEMOW, 2.2), (FQMFVDKNV, 1.8)].
Categoria 1: [(PEGRMRSFUTMQPUBKGIGWESJTQRL, 8.1), (NMNOYSXDWUXTXAEOEFVQV, 7.9), (TWFOSFCMINXQKBJMJI, 7.8), (QRTXFVIVXLLYRSCAIJMYXZ, 7.6), (ELDRCYGLKOO, 6.9), (DCNRCOXHFJVLXITJVCZPIALWQXE, 4.8), (LMQVISQJKDIN, 4.2), (WYKGOKNQCZMSDKCZY, 4.2), (KUQUOMRKRTY, 2.8), (SNEHYFYWSCPOJ, 2.8), (TYOGLHPOWWWEUGSYUWUHTTLLHXOIBBH, 2.2), (MRQONXUBVTKZDJPQXUUISOORLXCMIEE, 1.6), (VKSOFJVZM, 1.5), (VVNVPJZWWILQJTLFU, 1.3)].
Serialul OUJBBRRWICBBTDBUUBBPR a fost adaugat la pozitia 6.
Serialul XXSIFKTDAJTCJCBPOSPXPULQU a fost adaugat la pozitia 12.
Categoria 2: [(JQQCRMZWXPKJJULPMQRGZS, 9.9), (IWLNHEXBZAIVAHCULVPJZHWDP, 9.0), (NOWGXQXWB, 8.8), (OHNDGCPVCZZDJLQJLUIHOT, 8.5), (IYTPEDLUAAKGZCA, 8.4), (AMZHXAQRGWAJJBTEAEJERZTCFFLPACOQ, 8.1), (LJSDFPLEEHEKZWPAMIMV, 7.3), (YXKEAXWXVEBDQOGLZFVNB, 6.6), (ZLDABPCWD, 6.6), (KEXQQXHZGTVZBGEXVJCLEBSMEUHSDD, 6.3), (WVAJMFY, 6.3), (XXSIFKTDAJTCJCBPOSPXPULQU, 5.3), (TPTMGEHXNTZKVJ, 4.9), (EEPOUXTNCAMYB, 4.6), (RFQSJUPRWEH, 4.5), (KDDSBFOFITIJEBBJHTEMOW, 2.2), (FQMFVDKNV, 1.8)].
Categoria 1: [(PEGRMRSFUTMQPUBKGIGWESJTQRL, 8.1), (NMNOYSXDWUXTXAEOEFVQV, 7.9), (TWFOSFCMINXQKBJMJI, 7.8), (QRTXFVIVXLLYRSCAIJMYXZ, 7.6), (ELDRCYGLKOO, 6.9), (OUJBBRRWICBBTDBUUBBPR, 5.0), (DCNRCOXHFJVLXITJVCZPIALWQXE, 4.8), (LMQVISQJKDIN, 4.2), (WYKGOKNQCZMSDKCZY, 4.2), (KUQUOMRKRTY, 2.8), (SNEHYFYWSCPOJ, 2.8), (TYOGLHPOWWWEUGSYUWUHTTLLHXOIBBH, 2.2), (MRQONXUBVTKZDJPQXUUISOORLXCMIEE, 1.6), (VKSOFJVZM, 1.5), (VVNVPJZWWILQJTLFU, 1.3)].
Serialul XYCSMFFLSUQKFLLKSZYHYUVZK a fost adaugat la pozitia 1.
Serialul COLAR a fost adaugat la pozitia 12.
Categoria 1: [(XYCSMFFLSUQKFLLKSZYHYUVZK, 8.3), (PEGRMRSFUTMQPUBKGIGWESJTQRL, 8.1), (NMNOYSXDWUXTXAEOEFVQV, 7.9), (TWFOSFCMINXQKBJMJI, 7.8), (QRTXFVIVXLLYRSCAIJMYXZ, 7.6), (ELDRCYGLKOO, 6.9), (OUJBBRRWICBBTDBUUBBPR, 5.0), (DCNRCOXHFJVLXITJVCZPIALWQXE, 4.8), (LMQVISQJKDIN, 4.2), (WYKGOKNQCZMSDKCZY, 4.2), (KUQUOMRKRTY, 2.8), (SNEHYFYWSCPOJ, 2.8), (TYOGLHPOWWWEUGSYUWUHTTLLHXOIBBH, 2.2), (MRQONXUBVTKZDJPQXUUISOORLXCMIEE, 1.6), (VKSOFJVZM, 1.5), (VVNVPJZWWILQJTLFU, 1.3)].
Categoria 3: [(PWXFZTABAXPFHPKFJEB, 9.9), (XPVNMLBHFUH, 9.7), (UGNGADG, 8.6), (RLNDCKL, 8.2), (LGYZYAGGPCZQIJ, 7.8), (RMVZJMZKYVYMJKYGNQYTAUREBVBM, 7.8), (VUBPAWIFPTNDFMKWEXEWDNCDZO, 7.6), (XXFCIPCMHUDZFCIUW, 6.1), (DKWJXENCMHPZWBBYBFKXQCIXCG, 4.8), (IMPJD, 4.1), (PQJWUXGMDZWNPYFDLAJUSZDBUSNVVOR, 2.5), (PRHRZ, 1.7)].
Serialul DHHDGSNSR a fost adaugat la pozitia 17.
Serialul YPUYNOKBEYWB a fost adaugat la pozitia 1.
Categoria top10: [].
Categoria 1: [(YPUYNOKBEYWB, 8.4), (XYCSMFFLSUQKFLLKSZYHYUVZK, 8.3), (PEGRMRSFUTMQPUBKGIGWESJTQRL, 8.1), (NMNOYSXDWUXTXAEOEFVQV, 7.9), (TWFOSFCMINXQKBJMJI, 7.8), (QRTXFVIVXLLYRSCAIJMYXZ, 7.6), (ELDRCYGLKOO, 6.9), (OUJBBRRWICBBTDBUUBBPR, 5.0), (DCNRCOXHFJVLXITJVCZPIALWQXE, 4.8), (LMQVISQJKDIN, 4.2), (WYKGOKNQCZMSDKCZY, 4.2), (KUQUOMRKRTY, 2.8), (SNEHYFYWSCPOJ, 2.8), (TYOGLHPOWWWEUGSYUWUHTTLLHXOIBBH, 2.2), (MRQONXUBVTKZDJPQXUUISOORLXCMIEE, 1.6), (VKSOFJVZM, 1.5), (VVNVPJZWWILQJTLFU, 1.3)].
Categoria 2: [(JQQCRMZWXPKJJULPMQRGZS, 9.9), (IWLNHEXBZAIVAHCULVPJZHWDP, 9.0), (NOWGXQXWB, 8.8), (OHNDGCPVCZZDJLQJLUIHOT, 8.5), (IYTPEDLUAAKGZCA, 8.4), (AMZHXAQRGWAJJBTEAEJERZTCFFLPACOQ, 8.1), (LJSDFPLEEHEKZWPAMIMV, 7.3), (YXKEAXWXVEBDQOGLZFVNB, 6.6), (ZLDABPCWD, 6.6), (KEXQQXHZGTVZBGEXVJCLEBSMEUHSDD, 6.3), (WVAJMFY, 6.3), (COLAR, 5.6), (XXSIFKTDAJTCJCBPOSPXPULQU, 5.3), (TPTMGEHXNTZKVJ, 4.9), (EEPOUXTNCAMYB, 4.6), (RFQSJUPRWEH, 4.5), (DHHDGSNSR, 2.7), (KDDSBFOFITIJEBBJHTEMOW, 2.2), (FQMFVDKNV, 1.8)].
Categoria 3: [(PWXFZTABAXPFHPKFJEB, 9.9), (XPVNMLBHFUH, 9.7), (UGNGADG, 8.6), (RLNDCKL, 8.2), (LGYZYAGGPCZQIJ, 7.8), (RMVZJMZKYVYMJKYGNQYTAUREBVBM, 7.8), (VUBPAWIFPTNDFMKWEXEWDNCDZO, 7.6), (XXFCIPCMHUDZFCIUW, 6.1), (DKWJXENCMHPZWBBYBFKXQCIXCG, 4.8), (IMPJD, 4.1), (PQJWUXGMDZWNPYFDLAJUSZDBUSNVVOR, 2.5), (PRHRZ, 1.7)].
Serialul VTRNY a fost adaugat la pozitia 17.
Serialul QPYMXQOMDLTFOF a fost adaugat la pozitia 13.
Categoria top10: [].
Categoria 2: [(JQQCRMZWXPKJJULPMQRGZS, 9.9), (IWLNHEXBZAIVAHCULVPJZHWDP, 9.0), (NOWGXQXWB, 8.8), (OHNDGCPVCZZDJLQJLUIHOT, 8.5), (IYTPEDLUAAKGZCA, 8.4), (AMZHXAQRGWAJJBTEAEJERZTCFFLPACOQ, 8.1), (LJSDFPLEEHEKZWPAMIMV, 7.3), (YXKEAXWXVEBDQOGLZFVNB, 6.6), (ZLDABPCWD, 6.6), (KEXQQXHZGTVZBGEXVJCLEBSMEUHSDD, 6.3), (WVAJMFY, 6.3), (COLAR, 5.6), (QPYMXQOMDLTFOF, 5.5), (XXSIFKTDAJTCJCBPOSPXPULQU, 5.3), (TPTMGEHXNTZKVJ, 4.9), (EEPOUXTNCAMYB, 4.6), (RFQSJUPRWEH, 4.5), (VTRNY, 4.3), (DHHDGSNSR, 2.7), (KDDSBFOFITIJEBBJHTEMOW, 2.2), (FQMFVDKNV, 1.8)].
Serialul EFXXOJHHEAZYLMZHBMZTKGBYTM a fost adaugat la pozitia 8.
Serialul ZTLRJQVOUSLQXBGAQUNUUFVDYNVNM a fost adaugat la pozitia 14.
Categoria 1: [(YPUYNOKBEYWB, 8.4), (XYCSMFFLSUQKFLLKSZYHYUVZK, 8.3), (PEGRMRSFUTMQPUBKGIGWESJTQRL, 8.1), (NMNOYSXDWUXTXAEOEFVQV, 7.9), (TWFOSFCMINXQKBJMJI, 7.8), (QRTXFVIVXLLYRSCAIJMYXZ, 7.6), (ELDRCYGLKOO, 6.9), (OUJBBRRWICBBTDBUUBBPR, 5.0), (DCNRCOXHFJVLXITJVCZPIALWQXE, 4.8), (LMQVISQJKDIN, 4.2), (WYKGOKNQCZMSDKCZY, 4.2), (KUQUOMRKRTY, 2.8), (SNEHYFYWSCPOJ, 2.8), (ZTLRJQVOUSLQXBGAQUNUUFVDYNVNM, 2.5), (TYOGLHPOWWWEUGSYUWUHTTLLHXOIBBH, 2.2), (MRQONXUBVTKZDJPQXUUISOORLXCMIEE, 1.6), (VKSOFJVZM, 1.5), (VVNVPJZWWILQJTLFU, 1.3)].
Categoria 3: [(PWXFZTABAXPFHPKFJEB, 9.9), (XPVNMLBHFUH, 9.7), (UGNGADG, 8.6), (RLNDCKL, 8.2), (LGYZYAGGPCZQIJ, 7.8), (RMVZJMZKYVYMJKYGNQYTAUREBVBM, 7.8), (VUBPAWIFPTNDFMKWEXEWDNCDZO, 7.6), (XXFCIPCMHUDZFCIUW, 6.1), (DKWJXENCMHPZWBBYBFKXQCIXCG, 4.8), (IMPJD, 4.1), (PQJWUXGMDZWNPYFDLAJUSZDBUSNVVOR, 2.5), (PRHRZ, 1.7)].
Serialul XOWYDBWWPECIALWTHN a fost adaugat la pozitia 22.
Serialul CMLPVVCOBDKKGWDYQMDVIKH a fost adaugat la pozitia 7.
Categoria top10: [].
Categoria 2: [(JQQCRMZWXPKJJULPMQRGZS, 9.9), (IWLNHEXBZAIVAHCULVPJZHWDP, 9.0), (NOWGXQXWB, 8.8), (OHNDGCPVCZZDJLQJLUIHOT, 8.5), (IYTPEDLUAAKGZCA, 8.4), (AMZHXAQRGWAJJBTEAEJERZTCFFLPACOQ, 8.1), (CMLPVVCOBDKKGWDYQMDVIKH, 7.5), (LJSDFPLEEHEKZWPAMIMV, 7.3), (EFXXOJHHEAZYLMZHBMZTKGBYTM, 7.0), (YXKEAXWXVEBDQOGLZFVNB, 6.6), (ZLDABPCWD, 6.6), (KEXQQXHZGTVZBGEXVJCLEBSMEUHSDD, 6.3), (WVAJMFY, 6.3), (COLAR, 5.6), (QPYMXQOMDLTFOF, 5.5), (XXSIFKTDAJTCJCBPOSPXPULQU, 5.3), (TPTMGEHXNTZKVJ, 4.9), (EEPOUXTNCAMYB, 4.6), (RFQSJUPRWEH, 4.5), (VTRNY, 4.3), (DHHDGSNSR, 2.7), (KDDSBFOFITIJEBBJHTEMOW, 2.2), (XOWYDBWWPECIALWTHN, 2.0), (FQMFVDKNV, 1.8)].
Categoria 1: [(YPUYNOKBEYWB, 8.4), (XYCSMFFLSUQKFLLKSZYHYUVZK, 8.3), (PEGRMRSFUTMQPUBKGIGWESJTQRL, 8.1), (NMNOYSXDWUXTXAEOEFVQV, 7.9), (TWFOSFCMINXQKBJMJI, 7.8), (QRTXFVIVXLLYRSCAIJMYXZ, 7.6), (ELDRCYGLKOO, 6.9), (OUJBBRRWICBBTDBUUBBPR, 5.0), (DCNRCOXHFJVLXITJVCZPIALWQXE, 4.8), (LMQVISQJKDIN, 4.2), (WYKGOKNQCZMSDKCZY, 4.2), (KUQUOMRKRTY, 2.8), (SNEHYFYWSCPOJ, 2.8), (ZTLRJQVOUSLQXBGAQUNUUFVDYNVNM, 2.5), (TYOGLHPOWWWEUGSYUWUHTTLLHXOIBBH, 2.2), (MRQONXUBVTKZDJPQXUUISOORLXCMIEE, 1.6), (VKSOFJVZM, 1.5), (VVNVPJZWWILQJTLFU, 1.3)].
Serialul KGKEJK a fost adaugat la pozitia 8.
Serialul MLUHECSRZWGZ a fost adaugat la pozitia 12.
Categoria 3: [(PWXFZTABAXPFHPKFJEB, 9.9), (XPVNMLBHFUH, 9.7), (UGNGADG, 8.6), (RLNDCKL, 8.2), (LGYZYAGGPCZQIJ, 7.8), (RMVZJMZKYVYMJKYGNQYTAUREBVBM, 7.8), (VUBPAWIFPTNDFMKWEXEWDNCDZO, 7.6), (XXFCIPCMHUDZFCIUW, 6.1), (DKWJXENCMHPZWBBYBFKXQCIXCG, 4.8), (IMPJD, 4.1), (PQJWUXGMDZWNPYFDLAJUSZDBUSNVVOR, 2.5), (MLUHECSRZWGZ, 1.9), (PRHRZ, 1.7)].
Categoria top10: [].
Serialul LNCZZXPVLTMRWWFNGDJVBJDEIVCMPYYC a fost adaugat la pozitia 17.
Serialul STZMYX a fost adaugat la pozitia 21.
Categoria 1: [(YPUYNOKBEYWB, 8.4), (XYCSMFFLSUQKFLLKSZYHYUVZK, 8.3), (PEGRMRSFUTMQPUBKGIGWESJTQRL, 8.1), (NMNOYSXDWUXTXAEOEFVQV, 7.9), (TWFOSFCMINXQKBJMJI, 7.8), (QRTXFVIVXLLYRSCAIJMYXZ, 7.6), (ELDRCYGLKOO, 6.9), (KGKEJK, 5.8), (OUJBBRRWICBBTDBUUBBPR, 5.0), (DCNRCOXHFJVLXITJVCZPIALWQXE, 4.8), (LMQVISQJKDIN, 4.2), (WYKGOKNQCZMSDKCZY, 4.2), (KUQUOMRKRTY, 2.8), (SNEHYFYWSCPOJ, 2.8), (ZTLRJQVOUSLQXBGAQUNUUFVDYNVNM, 2.5), (TYOGLHPOWWWEUGSYUWUHTTLLHXOIBBH, 2.2), (LNCZZXPVLTMRWWFNGDJVBJDEIVCMPYYC, 1.6), (MRQONXUBVTKZDJPQXUUISOORLXCMIEE, 1.6), (VKSOFJVZM, 1.5), (VVNVPJZWWILQJTLFU, 1.3)].
Categoria 2: [(JQQCRMZWXPKJJULPMQRGZS, 9.9), (IWLNHEXBZAIVAHCULVPJZHWDP, 9.0), (NOWGXQXWB, 8.8), (OHNDGCPVCZZDJLQJLUIHOT, 8.5), (IYTPEDLUAAKGZCA, 8.4), (AMZHXAQRGWAJJBTEAEJERZTCFFLPACOQ, 8.1), (CMLPVVCOBDKKGWDYQMDVIKH, 7.5), (LJSDFPLEEHEKZWPAMIMV, 7.3), (EFXXOJHHEAZYLMZHBMZTKGBYTM, 7.0), (YXKEAXWXVEBDQOGLZFVNB, 6.6), (ZLDABPCWD, 6.6), (KEXQQXHZGTVZBGEXVJCLEBSMEUHSDD, 6.3), (WVAJMFY, 6.3), (COLAR, 5.6), (QPYMXQOMDLTFOF, 5.5), (XXSIFKTDAJTCJCBPOSPXPULQU, 5.3), (TPTMGEHXNTZKVJ, 4.9), (EEPOUXTNCAMYB, 4.6), (RFQSJUPRWEH, 4.5), (VTRNY, 4.3), (STZMYX, 3.4), (DHHDGSNSR, 2.7), (KDDSBFOFITIJEBBJHTEMOW, 2.2), (XOWYDBWWPECIALWTHN, 2.0), (FQMFVDKNV, 1.8)].
Serialul VCTYOUWZSZKZSMKOYIHVWNDP a fost adaugat la pozitia 3.
Serialul UXGJFOKADIJXK a fost adaugat la pozitia 8.
Categoria top10: [].
Categoria 1: [(YPUYNOKBEYWB, 8.4), (XYCSMFFLSUQKFLLKSZYHYUVZK, 8.3), (PEGRMRSFUTMQPUBKGIGWESJTQRL, 8.1), (NMNOYSXDWUXTXAEOEFVQV, 7.9), (TWFOSFCMINXQKBJMJI, 7.8), (QRTXFVIVXLLYRSCAIJMYXZ, 7.6), (ELDRCYGLKOO, 6.9), (KGKEJK, 5.8), (OUJBBRRWICBBTDBUUBBPR, 5.0), (DCNRCOXHFJVLXITJVCZPIALWQXE, 4.8), (LMQVISQJKDIN, 4.2), (WYKGOKNQCZMSDKCZY, 4.2), (KUQUOMRKRTY, 2.8), (SNEHYFYWSCPOJ, 2.8), (ZTLRJQVOUSLQXBGAQUNUUFVDYNVNM, 2.5), (TYOGLHPOWWWEUGSYUWUHTTLLHXOIBBH, 2.2), (LNCZZXPVLTMRWWFNGDJVBJDEIVCMPYYC, 1.6), (MRQONXUBVTKZDJPQXUUISOORLXCMIEE, 1.6), (VKSOFJVZM, 1.5), (VVNVPJZWWILQJTLFU, 1.3)].
Serialul VZRZEWSHVXVDGXBZVKU a fost adaugat la pozitia 7.
Serialul DPBYJ a fost adaugat la pozitia 17.
Categoria 1: [(YPUYNOKBEYWB, 8.4), (XYCSMFFLSUQKFLLKSZYHYUVZK, 8.3), (PEGRMRSFUTMQPUBKGIGWESJTQRL, 8.1), (NMNOYSXDWUXTXAEOEFVQV, 7.9), (TWFOSFCMINXQKBJMJI, 7.8), (QRTXFVIVXLLYRSCAIJMYXZ, 7.6), (ELDRCYGLKOO, 6.9), (KGKEJK, 5.8), (OUJBBRRWICBBTDBUUBBPR, 5.0), (DCNRCOXHFJVLXITJVCZPIALWQXE, 4.8), (LMQVISQJKDIN, 4.2), (WYKGOKNQCZMSDKCZY, 4.2), (KUQUOMRKRTY, 2.8), (SNEHYFYWSCPOJ, 2.8), (ZTLRJQVOUSLQXBGAQUNUUFVDYNVNM, 2.5), (TYOGLHPOWWWEUGSYUWUHTTLLHXOIBBH, 2.2), (LNCZZXPVLTMRWWFNGDJVBJDEIVCMPYYC, 1.6), (MRQONXUBVTKZDJPQXUUISOORLXCMIEE, 1.6), (VKSOFJVZM, 1.5), (VVNVPJZWWILQJTLFU, 1.3)].
Categoria 3: [(PWXFZTABAXPFHPKFJEB, 9.9), (XPVNMLBHFUH, 9.7), (UGNGADG, 8.6), (RLNDCKL, 8.2), (LGYZYAGGPCZQIJ, 7.8), (RMVZJMZKYVYMJKYGNQYTAUREBVBM, 7.8), (VUBPAWIFPTNDFMKWEXEWDNCDZO, 7.6), (UXGJFOKADIJXK, 6.5), (XXFCIPCMHUDZFCIUW, 6.1), (DKWJXENCMHPZWBBYBFKXQCIXCG, 4.8), (IMPJD, 4.1), (PQJWUXGMDZWNPYFDLAJUSZDBUSNVVOR, 2.5), (MLUHECSRZWGZ, 1.9), (PRHRZ, 1.7)].
Serialul KUQXU a fost adaugat la pozitia 15.
Serialul TDXVSUBUKMGXMMQYVWIF a fost adaugat la pozitia 12.
Categoria 2: [(JQQCRMZWXPKJJULPMQRGZS, 9.9), (IWLNHEXBZAIVAHCULVPJZHWDP, 9.0), (VCTYOUWZSZKZSMKOYIHVWNDP, 9.0), (NOWGXQXWB, 8.8), (OHNDGCPVCZZDJLQJLUIHOT, 8.5), (IYTPEDLUAAKGZCA, 8.4), (VZRZEWSHVXVDGXBZVKU, 8.3), (AMZHXAQRGWAJJBTEAEJERZTCFFLPACOQ, 8.1), (CMLPVVCOBDKKGWDYQMDVIKH, 7.5), (LJSDFPLEEHEKZWPAMIMV, 7.3), (EFXXOJHHEAZYLMZHBMZTKGBYTM, 7.0), (TDXVSUBUKMGXMMQYVWIF, 6.7), (YXKEAXWXVEBDQOGLZFVNB, 6.6), (ZLDABPCWD, 6.6), (KEXQQXHZGTVZBGEXVJCLEBSMEUHSDD, 6.3), (WVAJMFY, 6.3), (COLAR, 5.6), (DPBYJ, 5.5), (QPYMXQOMDLTFOF, 5.5), (XXSIFKTDAJTCJCBPOSPXPULQU, 5.3), (TPTMGEHXNTZKVJ, 4.9), (EEPOUXTNCAMYB, 4.6), (RFQSJUPRWEH, 4.5), (VTRNY, 4.3), (STZMYX, 3.4), (DHHDGSNSR, 2.7), (KDDSBFOFITIJEBBJHTEMOW, 2.2), (XOWYDBWWPECIALWTHN, 2.0), (FQMFVDKNV, 1.8)].
Categoria top10: [].
Categoria 3: [(PWXFZTABAXPFHPKFJEB, 9.9), (XPVNMLBHFUH, 9.7), (UGNGADG, 8.6), (RLNDCKL, 8.2), (LGYZYAGGPCZQIJ, 7.8), (RMVZJMZKYVYMJKYGNQYTAUREBVBM, 7.8), (VUBPAWIFPTNDFMKWEXEWDNCDZO, 7.6), (UXGJFOKADIJXK, 6.5), (XXFCIPCMHUDZFCIUW, 6.1), (DKWJXENCMHPZWBBYBFKXQCIXCG, 4.8), (IMPJD, 4.1), (PQJWUXGMDZWNPYFDLAJUSZDBUSNVVOR, 2.5), (MLUHECSRZWGZ, 1.9), (PRHRZ, 1.7)].
Categoria 1: [(YPUYNOKBEYWB, 8.4), (XYCSMFFLSUQKFLLKSZYHYUVZK, 8.3), (PEGRMRSFUTMQPUBKGIGWESJTQRL, 8.1), (NMNOYSXDWUXTXAEOEFVQV, 7.9), (TWFOSFCMINXQKBJMJI, 7.8), (QRTXFVIVXLLYRSCAIJMYXZ, 7.6), (ELDRCYGLKOO, 6.9), (KGKEJK, 5.8), (OUJBBRRWICBBTDBUUBBPR, 5.0), (DCNRCOXHFJVLXITJVCZPIALWQXE, 4.8), (LMQVISQJKDIN, 4.2), (WYKGOKNQCZMSDKCZY, 4.2), (KUQUOMRKRTY, 2.8), (SNEHYFYWSCPOJ, 2.8), (KUQXU, 2.7), (ZTLRJQVOUSLQXBGAQUNUUFVDYNVNM, 2.5), (TYOGLHPOWWWEUGSYUWUHTTLLHXOIBBH, 2.2), (LNCZZXPVLTMRWWFNGDJVBJDEIVCMPYYC, 1.6), (MRQONXUBVTKZDJPQXUUISOORLXCMIEE, 1.6), (VKSOFJVZM, 1.5), (VVNVPJZWWILQJTLFU, 1.3)].
